CBO PLAN:
HiveSortLimit(sort0=[$5], sort1=[$0], sort2=[$1], sort3=[$2], dir0=[DESC-nulls-last], dir1=[ASC], dir2=[ASC], dir3=[ASC], fetch=[100])
  HiveProject($f0=[$0], $f1=[$1], $f2=[$2], $f3=[$3], $f4=[$4], $f5=[$5])
    HiveAggregate(group=[{0, 1, 2}], agg#0=[count($3)], agg#1=[count($4)], agg#2=[count()])
      HiveProject($f0=[$15], $f1=[$13], $f2=[$19], $f3=[CASE(IS NULL($25), 1, 0)], $f4=[CASE(IS NOT NULL($25), 1, 0)])
        HiveJoin(condition=[AND(=($26, $3), =($27, $5))], joinType=[left], algorithm=[none], cost=[not available])
          HiveProject(cs_ship_date_sk=[$4], cs_bill_cdemo_sk=[$5], cs_bill_hdemo_sk=[$6], cs_item_sk=[$7], cs_promo_sk=[$8], cs_order_number=[$9], cs_quantity=[$10], cs_sold_date_sk=[$11], inv_date_sk=[$0], inv_item_sk=[$1], inv_warehouse_sk=[$2], inv_quantity_on_hand=[$3], w_warehouse_sk=[$19], w_warehouse_name=[$20], i_item_sk=[$24], i_item_desc=[$25], cd_demo_sk=[$13], hd_demo_sk=[$12], d_date_sk=[$16], d_week_seq=[$17], +=[$18], d_date_sk0=[$14], d_week_seq0=[$15], d_date_sk1=[$22], d_date=[$23], p_promo_sk=[$21])
            HiveJoin(condition=[=($24, $7)], joinType=[inner], algorithm=[none], cost=[not available])
              HiveJoin(condition=[AND(=($4, $22), >($23, $18))], joinType=[inner], algorithm=[none], cost=[not available])
                HiveJoin(condition=[=($8, $21)], joinType=[left], algorithm=[none], cost=[not available])
                  HiveJoin(condition=[=($19, $2)], joinType=[inner], algorithm=[none], cost=[not available])
                    HiveJoin(condition=[AND(=($0, $14), =($7, $1), <($3, $10))], joinType=[inner], algorithm=[none], cost=[not available])
                      HiveProject(inv_date_sk=[$0], inv_item_sk=[$1], inv_warehouse_sk=[$2], inv_quantity_on_hand=[$3])
                        HiveFilter(condition=[IS NOT NULL($3)])
                          HiveTableScan(table=[[tpcds_bin_partitioned_orc_30000, inventory]], table:alias=[inventory])
                      HiveJoin(condition=[=($7, $12)], joinType=[inner], algorithm=[none], cost=[not available])
                        HiveJoin(condition=[=($1, $9)], joinType=[inner], algorithm=[none], cost=[not available])
                          HiveJoin(condition=[=($2, $8)], joinType=[inner], algorithm=[none], cost=[not available])
                            HiveProject(cs_ship_date_sk=[$1], cs_bill_cdemo_sk=[$3], cs_bill_hdemo_sk=[$4], cs_item_sk=[$14], cs_promo_sk=[$15], cs_order_number=[$16], cs_quantity=[$17], cs_sold_date_sk=[$33])
                              HiveFilter(condition=[AND(IS NOT NULL($17), IS NOT NULL($4), IS NOT NULL($3), IS NOT NULL($1), IS NOT NULL($33))])
                                HiveTableScan(table=[[tpcds_bin_partitioned_orc_30000, catalog_sales]], table:alias=[catalog_sales])
                            HiveProject(hd_demo_sk=[$0])
                              HiveFilter(condition=[=($2, _UTF-16LE'1001-5000      ')])
                                HiveTableScan(table=[[tpcds_bin_partitioned_orc_30000, household_demographics]], table:alias=[household_demographics])
                          HiveProject(cd_demo_sk=[$0])
                            HiveFilter(condition=[=($2, _UTF-16LE'M')])
                              HiveTableScan(table=[[tpcds_bin_partitioned_orc_30000, customer_demographics]], table:alias=[customer_demographics])
                        HiveProject(d_date_sk=[$0], d_week_seq=[$1], d_date_sk0=[$2], d_week_seq0=[$3], +=[$4])
                          HiveJoin(condition=[=($3, $1)], joinType=[inner], algorithm=[none], cost=[not available])
                            HiveProject(d_date_sk=[$0], d_week_seq=[$4])
                              HiveFilter(condition=[IS NOT NULL($4)])
                                HiveTableScan(table=[[tpcds_bin_partitioned_orc_30000, date_dim]], table:alias=[d2])
                            HiveProject(d_date_sk=[$0], d_week_seq=[$4], +=[+($2, 5)])
                              HiveFilter(condition=[AND(=($6, 2001), IS NOT NULL($4), IS NOT NULL($2))])
                                HiveTableScan(table=[[tpcds_bin_partitioned_orc_30000, date_dim]], table:alias=[d1])
                    HiveProject(w_warehouse_sk=[$0], w_warehouse_name=[$2])
                      HiveTableScan(table=[[tpcds_bin_partitioned_orc_30000, warehouse]], table:alias=[warehouse])
                  HiveProject(p_promo_sk=[$0])
                    HiveTableScan(table=[[tpcds_bin_partitioned_orc_30000, promotion]], table:alias=[promotion])
                HiveProject(d_date_sk=[$0], d_date=[$2])
                  HiveFilter(condition=[IS NOT NULL($2)])
                    HiveTableScan(table=[[tpcds_bin_partitioned_orc_30000, date_dim]], table:alias=[d3])
              HiveProject(i_item_sk=[$0], i_item_desc=[$4])
                HiveTableScan(table=[[tpcds_bin_partitioned_orc_30000, item]], table:alias=[item])
          HiveProject(cr_item_sk=[$1], cr_order_number=[$15])
            HiveTableScan(table=[[tpcds_bin_partitioned_orc_30000, catalog_returns]], table:alias=[catalog_returns])

