Warning: Map Join MAPJOIN[285][bigTable=?] in task 'Map 23' is a cross product
Warning: Map Join MAPJOIN[282][bigTable=?] in task 'Map 23' is a cross product
Warning: Map Join MAPJOIN[283][bigTable=?] in task 'Map 1' is a cross product
Warning: Map Join MAPJOIN[277][bigTable=?] in task 'Map 1' is a cross product
Plan optimized by CBO.

Vertex dependency in root stage
Map 1 <- Map 23 (BROADCAST_EDGE), Reducer 22 (BROADCAST_EDGE), Reducer 7 (BROADCAST_EDGE), Reducer 9 (BROADCAST_EDGE)
Map 12 <- Map 13 (BROADCAST_EDGE)
Map 14 <- Map 17 (BROADCAST_EDGE), Map 18 (BROADCAST_EDGE), Union 15 (CONTAINS)
Map 16 <- Map 17 (BROADCAST_EDGE), Map 18 (BROADCAST_EDGE), Reducer 19 (BROADCAST_EDGE), Union 15 (CONTAINS)
Map 20 <- Union 15 (BROADCAST_EDGE)
Map 23 <- Reducer 10 (BROADCAST_EDGE), Reducer 11 (BROADCAST_EDGE)
Reducer 10 <- Map 5 (SIMPLE_EDGE)
Reducer 11 <- Map 5 (SIMPLE_EDGE)
Reducer 19 <- Map 18 (CUSTOM_SIMPLE_EDGE)
Reducer 2 <- Map 1 (SIMPLE_EDGE)
Reducer 21 <- Map 20 (SIMPLE_EDGE)
Reducer 22 <- Map 12 (CUSTOM_SIMPLE_EDGE), Reducer 21 (CUSTOM_SIMPLE_EDGE)
Reducer 3 <- Reducer 2 (SIMPLE_EDGE)
Reducer 4 <- Reducer 3 (SIMPLE_EDGE)
Reducer 6 <- Map 5 (SIMPLE_EDGE)
Reducer 7 <- Reducer 6 (CUSTOM_SIMPLE_EDGE)
Reducer 8 <- Map 5 (SIMPLE_EDGE)
Reducer 9 <- Reducer 8 (CUSTOM_SIMPLE_EDGE)

Stage-0
  Fetch Operator
    limit:100
    Stage-1
      Reducer 4 vectorized, llap
      File Output Operator [FS_408]
        Limit [LIM_407] (rows=8 width=16)
          Number of rows:100
          Select Operator [SEL_406] (rows=8 width=16)
            Output:["_col0","_col1","_col2"]
          <-Reducer 3 [SIMPLE_EDGE] vectorized, llap
            SHUFFLE [RS_405]
              Select Operator [SEL_404] (rows=8 width=16)
                Output:["_col0","_col1","_col2"]
                Top N Key Operator [TNK_403] (rows=8 width=12)
                  keys:_col0, _col1,top n:100
                  Group By Operator [GBY_402] (rows=8 width=12)
                    Output:["_col0","_col1"],aggregations:["count(VALUE._col0)"],keys:KEY._col0
                  <-Reducer 2 [SIMPLE_EDGE] vectorized, llap
                    SHUFFLE [RS_401]
                      PartitionCols:_col0
                      Group By Operator [GBY_400] (rows=8 width=12)
                        Output:["_col0","_col1"],aggregations:["count()"],keys:_col0
                        Select Operator [SEL_399] (rows=16 width=120)
                          Output:["_col0"]
                          Top N Key Operator [TNK_398] (rows=16 width=120)
                            keys:UDFToInteger((_col1 / 50)),top n:100
                            Group By Operator [GBY_397] (rows=16 width=120)
                              Output:["_col0","_col1"],aggregations:["sum(VALUE._col0)"],keys:KEY._col0
                            <-Map 1 [SIMPLE_EDGE] vectorized, llap
                              SHUFFLE [RS_396]
                                PartitionCols:_col0
                                Group By Operator [GBY_395] (rows=590944 width=120)
                                  Output:["_col0","_col1"],aggregations:["sum(_col1)"],keys:_col5
                                  Map Join Operator [MAPJOIN_394] (rows=80566020964 width=117)
                                    Conds:MAPJOIN_393._col2=RS_385._col0(Inner),Output:["_col1","_col5"]
                                  <-Map 23 [BROADCAST_EDGE] vectorized, llap
                                    BROADCAST [RS_385]
                                      PartitionCols:_col0
                                      Select Operator [SEL_384] (rows=1826225 width=16)
                                        Output:["_col0"]
                                        Filter Operator [FIL_383] (rows=1826225 width=16)
                                          predicate:(_col1 <= _col3)
                                          Map Join Operator [MAPJOIN_382] (rows=5478675 width=16)
                                            Conds:(Inner),Output:["_col0","_col1","_col3"]
                                          <-Reducer 11 [BROADCAST_EDGE] vectorized, llap
                                            BROADCAST [RS_377]
                                              Group By Operator [GBY_376] (rows=15 width=4)
                                                Output:["_col0"],keys:KEY._col0
                                              <-Map 5 [SIMPLE_EDGE] vectorized, llap
                                                SHUFFLE [RS_339]
                                                  PartitionCols:_col0
                                                  Group By Operator [GBY_335] (rows=15 width=4)
                                                    Output:["_col0"],keys:_col0
                                                    Select Operator [SEL_331] (rows=31 width=12)
                                                      Output:["_col0"]
                                                      Filter Operator [FIL_327] (rows=31 width=12)
                                                        predicate:((d_year = 1999) and (d_moy = 3) and d_month_seq is not null)
                                                        TableScan [TS_3] (rows=73049 width=12)
                                                          tpcds_bin_partitioned_orc_30000@date_dim,date_dim, ACID table,Tbl:COMPLETE,Col:COMPLETE,Output:["d_month_seq","d_year","d_moy"]
                                          <-Filter Operator [FIL_381] (rows=365245 width=16)
                                              predicate:(_col2 <= _col1)
                                              Map Join Operator [MAPJOIN_380] (rows=1095735 width=16)
                                                Conds:(Inner),Output:["_col0","_col1","_col2"]
                                              <-Reducer 10 [BROADCAST_EDGE] vectorized, llap
                                                BROADCAST [RS_375]
                                                  Group By Operator [GBY_374] (rows=15 width=4)
                                                    Output:["_col0"],keys:KEY._col0
                                                  <-Map 5 [SIMPLE_EDGE] vectorized, llap
                                                    SHUFFLE [RS_338]
                                                      PartitionCols:_col0
                                                      Group By Operator [GBY_334] (rows=15 width=4)
                                                        Output:["_col0"],keys:_col0
                                                        Select Operator [SEL_330] (rows=31 width=12)
                                                          Output:["_col0"]
                                                          Filter Operator [FIL_326] (rows=31 width=12)
                                                            predicate:((d_year = 1999) and (d_moy = 3) and d_month_seq is not null)
                                                             Please refer to the previous TableScan [TS_3]
                                              <-Select Operator [SEL_379] (rows=73049 width=12)
                                                  Output:["_col0","_col1"]
                                                  Filter Operator [FIL_378] (rows=73049 width=12)
                                                    predicate:d_month_seq is not null
                                                    TableScan [TS_77] (rows=73049 width=12)
                                                      tpcds_bin_partitioned_orc_30000@date_dim,date_dim, ACID table,Tbl:COMPLETE,Col:COMPLETE,Output:["d_date_sk","d_month_seq"]
                                    Dynamic Partitioning Event Operator [EVENT_388] (rows=67850 width=8)
                                      Group By Operator [GBY_387] (rows=67850 width=8)
                                        Output:["_col0"],keys:_col0
                                        Select Operator [SEL_386] (rows=1826225 width=8)
                                          Output:["_col0"]
                                           Please refer to the previous Select Operator [SEL_384]
                                  <-Map Join Operator [MAPJOIN_393] (rows=80566020964 width=125)
                                      Conds:MAPJOIN_392._col0=RS_373._col0(Inner),Output:["_col1","_col2","_col5"]
                                    <-Reducer 22 [BROADCAST_EDGE] vectorized, llap
                                      BROADCAST [RS_373]
                                        PartitionCols:_col0
                                        Select Operator [SEL_372] (rows=498849 width=8)
                                          Output:["_col0"]
                                          Map Join Operator [MAPJOIN_371] (rows=498849 width=8)
                                            Conds:RS_370.KEY.reducesinkkey0=RS_363.KEY.reducesinkkey0(Inner),DynamicPartitionHashJoin:true,Output:["_col5"]
                                          <-Map 12 [CUSTOM_SIMPLE_EDGE] vectorized, llap
                                            PARTITION_ONLY_SHUFFLE [RS_370]
                                              PartitionCols:_col0
                                              Map Join Operator [MAPJOIN_369] (rows=35316062 width=8)
                                                Conds:SEL_368._col1, _col2=RS_366._col0, _col1(Inner),Output:["_col0"]
                                              <-Map 13 [BROADCAST_EDGE] vectorized, llap
                                                BROADCAST [RS_366]
                                                  PartitionCols:_col0, _col1
                                                  Select Operator [SEL_365] (rows=1704 width=184)
                                                    Output:["_col0","_col1"]
                                                    Filter Operator [FIL_364] (rows=1704 width=184)
                                                      predicate:(s_county is not null and s_state is not null)
                                                      TableScan [TS_36] (rows=1704 width=184)
                                                        tpcds_bin_partitioned_orc_30000@store,store, ACID table,Tbl:COMPLETE,Col:COMPLETE,Output:["s_county","s_state"]
                                              <-Select Operator [SEL_368] (rows=40000000 width=192)
                                                  Output:["_col0","_col1","_col2"]
                                                  Filter Operator [FIL_367] (rows=40000000 width=192)
                                                    predicate:(ca_county is not null and ca_state is not null)
                                                    TableScan [TS_33] (rows=40000000 width=192)
                                                      tpcds_bin_partitioned_orc_30000@customer_address,customer_address, ACID table,Tbl:COMPLETE,Col:COMPLETE,Output:["ca_address_sk","ca_county","ca_state"]
                                          <-Reducer 21 [CUSTOM_SIMPLE_EDGE] vectorized, llap
                                            PARTITION_ONLY_SHUFFLE [RS_363]
                                              PartitionCols:_col1
                                              Select Operator [SEL_362] (rows=498849 width=16)
                                                Output:["_col0","_col1"]
                                                Group By Operator [GBY_361] (rows=498849 width=16)
                                                  Output:["_col0","_col1"],keys:KEY._col0, KEY._col1
                                                <-Map 20 [SIMPLE_EDGE] vectorized, llap
                                                  SHUFFLE [RS_360]
                                                    PartitionCols:_col0, _col1
                                                    Group By Operator [GBY_359] (rows=498849 width=16)
                                                      Output:["_col0","_col1"],keys:_col6, _col5
                                                      Map Join Operator [MAPJOIN_358] (rows=997699 width=16)
                                                        Conds:Union 15._col1=SEL_357._col0(Inner),Output:["_col5","_col6"]
                                                      <-Union 15 [BROADCAST_EDGE]
                                                        <-Map 14 [CONTAINS] vectorized, llap
                                                          Reduce Output Operator [RS_430]
                                                            PartitionCols:_col1
                                                            Map Join Operator [MAPJOIN_429] (rows=997699 width=0)
                                                              Conds:MAPJOIN_428._col2=RS_421._col0(Inner),Output:["_col1"]
                                                            <-Map 18 [BROADCAST_EDGE] vectorized, llap
                                                              PARTITION_ONLY_SHUFFLE [RS_421]
                                                                PartitionCols:_col0
                                                                Select Operator [SEL_420] (rows=424 width=8)
                                                                  Output:["_col0"]
                                                                  Filter Operator [FIL_419] (rows=424 width=190)
                                                                    predicate:((i_class = 'consignment                                       ') and (i_category = 'Jewelry                                           '))
                                                                    TableScan [TS_50] (rows=462000 width=190)
                                                                      tpcds_bin_partitioned_orc_30000@item,item, ACID table,Tbl:COMPLETE,Col:COMPLETE,Output:["i_item_sk","i_class","i_category"]
                                                            <-Map Join Operator [MAPJOIN_428] (rows=1087114782 width=14)
                                                                Conds:SEL_427._col0=RS_411._col0(Inner),Output:["_col1","_col2"]
                                                              <-Map 17 [BROADCAST_EDGE] vectorized, llap
                                                                BROADCAST [RS_411]
                                                                  PartitionCols:_col0
                                                                  Select Operator [SEL_410] (rows=31 width=8)
                                                                    Output:["_col0"]
                                                                    Filter Operator [FIL_409] (rows=31 width=16)
                                                                      predicate:((d_year = 1999) and (d_moy = 3))
                                                                      TableScan [TS_47] (rows=73049 width=16)
                                                                        tpcds_bin_partitioned_orc_30000@date_dim,date_dim, ACID table,Tbl:COMPLETE,Col:COMPLETE,Output:["d_date_sk","d_year","d_moy"]
                                                              <-Select Operator [SEL_427] (rows=42899393143 width=23)
                                                                  Output:["_col0","_col1","_col2"]
                                                                  Filter Operator [FIL_426] (rows=42899393143 width=23)
                                                                    predicate:cs_bill_customer_sk is not null
                                                                    TableScan [TS_301] (rows=43005109025 width=23)
                                                                      Output:["cs_bill_customer_sk","cs_item_sk"]
                                                        <-Map 16 [CONTAINS] vectorized, llap
                                                          Reduce Output Operator [RS_437]
                                                            PartitionCols:_col1
                                                            Map Join Operator [MAPJOIN_436] (rows=997699 width=0)
                                                              Conds:MAPJOIN_435._col2=RS_423._col0(Inner),Output:["_col1"]
                                                            <-Map 18 [BROADCAST_EDGE] vectorized, llap
                                                              PARTITION_ONLY_SHUFFLE [RS_423]
                                                                PartitionCols:_col0
                                                                 Please refer to the previous Select Operator [SEL_420]
                                                            <-Map Join Operator [MAPJOIN_435] (rows=1087114782 width=14)
                                                                Conds:SEL_434._col0=RS_414._col0(Inner),Output:["_col1","_col2"]
                                                              <-Map 17 [BROADCAST_EDGE] vectorized, llap
                                                                BROADCAST [RS_414]
                                                                  PartitionCols:_col0
                                                                   Please refer to the previous Select Operator [SEL_410]
                                                              <-Select Operator [SEL_434] (rows=21591944812 width=23)
                                                                  Output:["_col0","_col1","_col2"]
                                                                  Filter Operator [FIL_433] (rows=21591944812 width=23)
                                                                    predicate:(ws_bill_customer_sk is not null and ws_item_sk BETWEEN DynamicValue(RS_60_item_i_item_sk_min) AND DynamicValue(RS_60_item_i_item_sk_max) and in_bloom_filter(ws_item_sk, DynamicValue(RS_60_item_i_item_sk_bloom_filter)))
                                                                    TableScan [TS_313] (rows=21594638446 width=23)
                                                                      Output:["ws_item_sk","ws_bill_customer_sk"]
                                                                    <-Reducer 19 [BROADCAST_EDGE] vectorized, llap
                                                                      BROADCAST [RS_432]
                                                                        Group By Operator [GBY_431] (rows=1 width=24)
                                                                          Output:["_col0","_col1","_col2"],aggregations:["min(VALUE._col0)","max(VALUE._col1)","bloom_filter(VALUE._col2, expectedEntries=1000000)"]
                                                      <-Select Operator [SEL_357] (rows=80000000 width=16)
                                                          Output:["_col0","_col1"]
                                                          Filter Operator [FIL_356] (rows=80000000 width=16)
                                                            predicate:c_current_addr_sk is not null
                                                            TableScan [TS_53] (rows=80000000 width=16)
                                                              tpcds_bin_partitioned_orc_30000@customer,customer, ACID table,Tbl:COMPLETE,Col:COMPLETE,Output:["c_customer_sk","c_current_addr_sk"]
                                    <-Map Join Operator [MAPJOIN_392] (rows=80566020964 width=125)
                                        Conds:(Inner),Output:["_col0","_col1","_col2"]
                                      <-Reducer 9 [BROADCAST_EDGE] vectorized, llap
                                        BROADCAST [RS_355]
                                          Select Operator [SEL_354] (rows=1 width=8)
                                            Filter Operator [FIL_353] (rows=1 width=8)
                                              predicate:(sq_count_check(_col0) <= 1)
                                              Group By Operator [GBY_352] (rows=1 width=8)
                                                Output:["_col0"],aggregations:["count(VALUE._col0)"]
                                              <-Reducer 8 [CUSTOM_SIMPLE_EDGE] vectorized, llap
                                                PARTITION_ONLY_SHUFFLE [RS_351]
                                                  Group By Operator [GBY_350] (rows=1 width=8)
                                                    Output:["_col0"],aggregations:["count()"]
                                                    Select Operator [SEL_349] (rows=15 width=4)
                                                      Group By Operator [GBY_348] (rows=15 width=4)
                                                        Output:["_col0"],keys:KEY._col0
                                                      <-Map 5 [SIMPLE_EDGE] vectorized, llap
                                                        SHUFFLE [RS_337]
                                                          PartitionCols:_col0
                                                          Group By Operator [GBY_333] (rows=15 width=4)
                                                            Output:["_col0"],keys:_col0
                                                            Select Operator [SEL_329] (rows=31 width=12)
                                                              Output:["_col0"]
                                                              Filter Operator [FIL_325] (rows=31 width=12)
                                                                predicate:((d_year = 1999) and (d_moy = 3))
                                                                 Please refer to the previous TableScan [TS_3]
                                      <-Map Join Operator [MAPJOIN_391] (rows=80566020964 width=125)
                                          Conds:(Inner),Output:["_col0","_col1","_col2"]
                                        <-Reducer 7 [BROADCAST_EDGE] vectorized, llap
                                          BROADCAST [RS_347]
                                            Select Operator [SEL_346] (rows=1 width=8)
                                              Filter Operator [FIL_345] (rows=1 width=8)
                                                predicate:(sq_count_check(_col0) <= 1)
                                                Group By Operator [GBY_344] (rows=1 width=8)
                                                  Output:["_col0"],aggregations:["count(VALUE._col0)"]
                                                <-Reducer 6 [CUSTOM_SIMPLE_EDGE] vectorized, llap
                                                  PARTITION_ONLY_SHUFFLE [RS_343]
                                                    Group By Operator [GBY_342] (rows=1 width=8)
                                                      Output:["_col0"],aggregations:["count()"]
                                                      Select Operator [SEL_341] (rows=15 width=4)
                                                        Group By Operator [GBY_340] (rows=15 width=4)
                                                          Output:["_col0"],keys:KEY._col0
                                                        <-Map 5 [SIMPLE_EDGE] vectorized, llap
                                                          SHUFFLE [RS_336]
                                                            PartitionCols:_col0
                                                            Group By Operator [GBY_332] (rows=15 width=4)
                                                              Output:["_col0"],keys:_col0
                                                              Select Operator [SEL_328] (rows=31 width=12)
                                                                Output:["_col0"]
                                                                 Please refer to the previous Filter Operator [FIL_325]
                                        <-Select Operator [SEL_390] (rows=80566020964 width=125)
                                            Output:["_col0","_col1","_col2"]
                                            Filter Operator [FIL_389] (rows=80566020964 width=125)
                                              predicate:ss_customer_sk is not null
                                              TableScan [TS_0] (rows=82510879939 width=125)
                                                tpcds_bin_partitioned_orc_30000@store_sales,store_sales, ACID table,Tbl:COMPLETE,Col:COMPLETE,Output:["ss_customer_sk","ss_ext_sales_price"]

