Plan optimized by CBO.

Vertex dependency in root stage
Map 1 <- Map 4 (BROADCAST_EDGE), Map 5 (BROADCAST_EDGE), Map 6 (BROADCAST_EDGE)
Reducer 2 <- Map 1 (SIMPLE_EDGE)
Reducer 3 <- Reducer 2 (SIMPLE_EDGE)

Stage-0
  Fetch Operator
    limit:100
    Stage-1
      Reducer 3 vectorized, llap
      File Output Operator [FS_101]
        Limit [LIM_100] (rows=100 width=216)
          Number of rows:100
          Select Operator [SEL_99] (rows=6932 width=216)
            Output:["_col0","_col1","_col2","_col3"]
          <-Reducer 2 [SIMPLE_EDGE] vectorized, llap
            SHUFFLE [RS_98]
              Top N Key Operator [TNK_97] (rows=6932 width=216)
                keys:_col0, _col1,top n:100
                Filter Operator [FIL_96] (rows=6932 width=216)
                  predicate:(CASE WHEN ((_col2 > 0L)) THEN ((0.666667D <= (UDFToDouble(_col3) / UDFToDouble(_col2)))) ELSE (false) END and CASE WHEN ((_col2 > 0L)) THEN (((UDFToDouble(_col3) / UDFToDouble(_col2)) <= 1.5D)) ELSE (false) END)
                  Group By Operator [GBY_95] (rows=27729 width=216)
                    Output:["_col0","_col1","_col2","_col3"],aggregations:["sum(VALUE._col0)","sum(VALUE._col1)"],keys:KEY._col0, KEY._col1
                  <-Map 1 [SIMPLE_EDGE] vectorized, llap
                    SHUFFLE [RS_94]
                      PartitionCols:_col0, _col1
                      Group By Operator [GBY_93] (rows=83187 width=216)
                        Output:["_col0","_col1","_col2","_col3"],aggregations:["sum(_col2)","sum(_col3)"],keys:_col0, _col1
                        Select Operator [SEL_92] (rows=3617213 width=208)
                          Output:["_col0","_col1","_col2","_col3"]
                          Map Join Operator [MAPJOIN_91] (rows=3617213 width=208)
                            Conds:MAPJOIN_90._col2=RS_87._col0(Inner),Output:["_col3","_col5","_col7","_col8","_col10"]
                          <-Map 6 [BROADCAST_EDGE] vectorized, llap
                            BROADCAST [RS_87]
                              PartitionCols:_col0
                              Select Operator [SEL_86] (rows=27 width=108)
                                Output:["_col0","_col1"]
                                TableScan [TS_8] (rows=27 width=108)
                                  tpcds_bin_partitioned_orc_30000@warehouse,warehouse, ACID table,Tbl:COMPLETE,Col:COMPLETE,Output:["w_warehouse_sk","w_warehouse_name"]
                          <-Map Join Operator [MAPJOIN_90] (rows=3617213 width=116)
                              Conds:MAPJOIN_89._col0=RS_85._col0(Inner),Output:["_col2","_col3","_col5","_col7","_col8"]
                            <-Map 5 [BROADCAST_EDGE] vectorized, llap
                              BROADCAST [RS_85]
                                PartitionCols:_col0
                                Select Operator [SEL_84] (rows=8116 width=16)
                                  Output:["_col0","_col1","_col2"]
                                  Filter Operator [FIL_83] (rows=8116 width=64)
                                    predicate:CAST( d_date AS TIMESTAMP) BETWEEN TIMESTAMP'1998-03-09 00:00:00' AND TIMESTAMP'1998-05-08 00:00:00'
                                    TableScan [TS_5] (rows=73049 width=64)
                                      tpcds_bin_partitioned_orc_30000@date_dim,date_dim, ACID table,Tbl:COMPLETE,Col:COMPLETE,Output:["d_date_sk","d_date"]
                            <-Map Join Operator [MAPJOIN_89] (rows=32557140 width=116)
                                Conds:SEL_88._col1=RS_82._col0(Inner),Output:["_col0","_col2","_col3","_col5"]
                              <-Map 4 [BROADCAST_EDGE] vectorized, llap
                                BROADCAST [RS_82]
                                  PartitionCols:_col0
                                  Select Operator [SEL_81] (rows=9240 width=108)
                                    Output:["_col0","_col1"]
                                    Filter Operator [FIL_80] (rows=9240 width=219)
                                      predicate:i_current_price BETWEEN 0.99 AND 1.49
                                      TableScan [TS_2] (rows=462000 width=219)
                                        tpcds_bin_partitioned_orc_30000@item,item, ACID table,Tbl:COMPLETE,Col:COMPLETE,Output:["i_item_sk","i_item_id","i_current_price"]
                              <-Select Operator [SEL_88] (rows=1627857000 width=27)
                                  Output:["_col0","_col1","_col2","_col3"]
                                  TableScan [TS_0] (rows=1627857000 width=27)
                                    tpcds_bin_partitioned_orc_30000@inventory,inventory, ACID table,Tbl:COMPLETE,Col:COMPLETE,Output:["inv_date_sk","inv_item_sk","inv_warehouse_sk","inv_quantity_on_hand"]

