Plan optimized by CBO.

Vertex dependency in root stage
Map 1 <- Map 7 (BROADCAST_EDGE)
Map 13 <- Map 7 (BROADCAST_EDGE)
Map 16 <- Map 7 (BROADCAST_EDGE)
Map 19 <- Reducer 6 (BROADCAST_EDGE)
Map 9 <- Map 7 (BROADCAST_EDGE)
Reducer 10 <- Map 12 (CUSTOM_SIMPLE_EDGE), Map 9 (CUSTOM_SIMPLE_EDGE)
Reducer 11 <- Reducer 10 (SIMPLE_EDGE)
Reducer 14 <- Map 12 (CUSTOM_SIMPLE_EDGE), Map 13 (CUSTOM_SIMPLE_EDGE)
Reducer 15 <- Reducer 14 (SIMPLE_EDGE)
Reducer 17 <- Map 12 (CUSTOM_SIMPLE_EDGE), Map 16 (CUSTOM_SIMPLE_EDGE)
Reducer 18 <- Reducer 17 (SIMPLE_EDGE)
Reducer 2 <- Map 1 (CUSTOM_SIMPLE_EDGE), Map 8 (CUSTOM_SIMPLE_EDGE)
Reducer 20 <- Map 19 (SIMPLE_EDGE)
Reducer 3 <- Reducer 2 (SIMPLE_EDGE)
Reducer 4 <- Reducer 11 (CUSTOM_SIMPLE_EDGE), Reducer 3 (CUSTOM_SIMPLE_EDGE)
Reducer 5 <- Reducer 15 (CUSTOM_SIMPLE_EDGE), Reducer 4 (CUSTOM_SIMPLE_EDGE)
Reducer 6 <- Reducer 18 (CUSTOM_SIMPLE_EDGE), Reducer 5 (CUSTOM_SIMPLE_EDGE)

Stage-0
  Fetch Operator
    limit:100
    Stage-1
      Reducer 20 vectorized, llap
      File Output Operator [FS_405]
        Limit [LIM_404] (rows=100 width=372)
          Number of rows:100
          Select Operator [SEL_403] (rows=13333333 width=372)
            Output:["_col0","_col1","_col2","_col3"]
          <-Map 19 [SIMPLE_EDGE] vectorized, llap
            SHUFFLE [RS_402]
              Select Operator [SEL_401] (rows=13333333 width=372)
                Output:["_col0","_col1","_col2","_col3"]
                Top N Key Operator [TNK_400] (rows=13333333 width=372)
                  keys:_col0, _col2, _col3, _col4,top n:100
                  Map Join Operator [MAPJOIN_399] (rows=13333333 width=372)
                    Conds:RS_397._col0=SEL_398._col0(Inner),Output:["_col0","_col2","_col3","_col4"]
                  <-Reducer 6 [BROADCAST_EDGE] vectorized, llap
                    BROADCAST [RS_397]
                      PartitionCols:_col0
                      Select Operator [SEL_396] (rows=13333333 width=100)
                        Output:["_col0"]
                        Filter Operator [FIL_395] (rows=13333333 width=552)
                          predicate:CASE WHEN (_col4 is not null) THEN (CASE WHEN (_col9) THEN (((_col6 / _col8) > (_col2 / _col4))) ELSE ((0 > (_col2 / _col4))) END) ELSE (CASE WHEN (_col9) THEN (((_col6 / _col8) > 0)) ELSE (false) END) END
                          Map Join Operator [MAPJOIN_394] (rows=26666666 width=552)
                            Conds:RS_381.KEY.reducesinkkey0=RS_393.KEY.reducesinkkey0(Inner),DynamicPartitionHashJoin:true,Output:["_col0","_col2","_col4","_col6","_col8","_col9"]
                          <-Reducer 18 [CUSTOM_SIMPLE_EDGE] vectorized, llap
                            PARTITION_ONLY_SHUFFLE [RS_393]
                              PartitionCols:_col0
                              Select Operator [SEL_392] (rows=26666666 width=216)
                                Output:["_col0","_col1","_col2"]
                                Filter Operator [FIL_391] (rows=26666666 width=212)
                                  predicate:(_col1 > 0)
                                  Group By Operator [GBY_390] (rows=80000000 width=212)
                                    Output:["_col0","_col1"],aggregations:["sum(VALUE._col0)"],keys:KEY._col0
                                  <-Reducer 17 [SIMPLE_EDGE] vectorized, llap
                                    SHUFFLE [RS_389]
                                      PartitionCols:_col0
                                      Group By Operator [GBY_388] (rows=80000000 width=212)
                                        Output:["_col0","_col1"],aggregations:["sum(_col2)"],keys:_col5
                                        Map Join Operator [MAPJOIN_387] (rows=4340155973 width=212)
                                          Conds:RS_386.KEY.reducesinkkey0=RS_361.KEY.reducesinkkey0(Inner),DynamicPartitionHashJoin:true,Output:["_col2","_col5"]
                                        <-Map 12 [CUSTOM_SIMPLE_EDGE] vectorized, llap
                                          PARTITION_ONLY_SHUFFLE [RS_361]
                                            PartitionCols:_col0
                                            Select Operator [SEL_358] (rows=80000000 width=108)
                                              Output:["_col0","_col1"]
                                              TableScan [TS_29] (rows=80000000 width=108)
                                                tpcds_bin_partitioned_orc_30000@customer,customer, ACID table,Tbl:COMPLETE,Col:COMPLETE,Output:["c_customer_sk","c_customer_id"]
                                        <-Map 16 [CUSTOM_SIMPLE_EDGE] vectorized, llap
                                          PARTITION_ONLY_SHUFFLE [RS_386]
                                            PartitionCols:_col0
                                            Map Join Operator [MAPJOIN_385] (rows=4340155973 width=119)
                                              Conds:SEL_384._col1=RS_330._col0(Inner),Output:["_col0","_col2"]
                                            <-Map 7 [BROADCAST_EDGE] vectorized, llap
                                              BROADCAST [RS_330]
                                                PartitionCols:_col0
                                                Select Operator [SEL_323] (rows=367 width=8)
                                                  Output:["_col0"]
                                                  Filter Operator [FIL_319] (rows=367 width=12)
                                                    predicate:(_col1 = 1999)
                                                    Select Operator [SEL_315] (rows=73049 width=12)
                                                      Output:["_col0","_col1"]
                                                      TableScan [TS_4] (rows=73049 width=12)
                                                        tpcds_bin_partitioned_orc_30000@date_dim,date_dim, ACID table,Tbl:COMPLETE,Col:COMPLETE,Output:["d_date_sk","d_year"]
                                            <-Select Operator [SEL_384] (rows=21594643099 width=127)
                                                Output:["_col0","_col1","_col2"]
                                                Filter Operator [FIL_383] (rows=21594643099 width=239)
                                                  predicate:(_col3 is not null and _col0 is not null)
                                                  Select Operator [SEL_382] (rows=21600036511 width=239)
                                                    Output:["_col0","_col1","_col2","_col3"]
                                                    TableScan [TS_64] (rows=21600036511 width=239)
                                                      tpcds_bin_partitioned_orc_30000@web_sales,web_sales, ACID table,Tbl:COMPLETE,Col:COMPLETE,Output:["ws_bill_customer_sk","ws_ext_discount_amt","ws_ext_list_price"]
                          <-Reducer 5 [CUSTOM_SIMPLE_EDGE] vectorized, llap
                            PARTITION_ONLY_SHUFFLE [RS_381]
                              PartitionCols:_col0
                              Map Join Operator [MAPJOIN_380] (rows=26666666 width=436)
                                Conds:RS_369.KEY.reducesinkkey0=RS_379.KEY.reducesinkkey0(Inner),DynamicPartitionHashJoin:true,Output:["_col0","_col2","_col4","_col6"]
                              <-Reducer 15 [CUSTOM_SIMPLE_EDGE] vectorized, llap
                                PARTITION_ONLY_SHUFFLE [RS_379]
                                  PartitionCols:_col0
                                  Group By Operator [GBY_378] (rows=80000000 width=212)
                                    Output:["_col0","_col1"],aggregations:["sum(VALUE._col0)"],keys:KEY._col0
                                  <-Reducer 14 [SIMPLE_EDGE] vectorized, llap
                                    SHUFFLE [RS_377]
                                      PartitionCols:_col0
                                      Group By Operator [GBY_376] (rows=80000000 width=212)
                                        Output:["_col0","_col1"],aggregations:["sum(_col2)"],keys:_col5
                                        Map Join Operator [MAPJOIN_375] (rows=4340155973 width=212)
                                          Conds:RS_374.KEY.reducesinkkey0=RS_360.KEY.reducesinkkey0(Inner),DynamicPartitionHashJoin:true,Output:["_col2","_col5"]
                                        <-Map 12 [CUSTOM_SIMPLE_EDGE] vectorized, llap
                                          PARTITION_ONLY_SHUFFLE [RS_360]
                                            PartitionCols:_col0
                                             Please refer to the previous Select Operator [SEL_358]
                                        <-Map 13 [CUSTOM_SIMPLE_EDGE] vectorized, llap
                                          PARTITION_ONLY_SHUFFLE [RS_374]
                                            PartitionCols:_col0
                                            Map Join Operator [MAPJOIN_373] (rows=4340155973 width=119)
                                              Conds:SEL_372._col1=RS_328._col0(Inner),Output:["_col0","_col2"]
                                            <-Map 7 [BROADCAST_EDGE] vectorized, llap
                                              BROADCAST [RS_328]
                                                PartitionCols:_col0
                                                Select Operator [SEL_322] (rows=367 width=8)
                                                  Output:["_col0"]
                                                  Filter Operator [FIL_318] (rows=367 width=12)
                                                    predicate:(_col1 = 2000)
                                                     Please refer to the previous Select Operator [SEL_315]
                                            <-Select Operator [SEL_372] (rows=21594643099 width=127)
                                                Output:["_col0","_col1","_col2"]
                                                Filter Operator [FIL_371] (rows=21594643099 width=239)
                                                  predicate:(_col3 is not null and _col0 is not null)
                                                  Select Operator [SEL_370] (rows=21600036511 width=239)
                                                    Output:["_col0","_col1","_col2","_col3"]
                                                    TableScan [TS_43] (rows=21600036511 width=239)
                                                      tpcds_bin_partitioned_orc_30000@web_sales,web_sales, ACID table,Tbl:COMPLETE,Col:COMPLETE,Output:["ws_bill_customer_sk","ws_ext_discount_amt","ws_ext_list_price"]
                              <-Reducer 4 [CUSTOM_SIMPLE_EDGE] vectorized, llap
                                PARTITION_ONLY_SHUFFLE [RS_369]
                                  PartitionCols:_col0
                                  Map Join Operator [MAPJOIN_368] (rows=26666666 width=324)
                                    Conds:RS_352.KEY.reducesinkkey0=RS_367.KEY.reducesinkkey0(Inner),DynamicPartitionHashJoin:true,Output:["_col0","_col2","_col4"]
                                  <-Reducer 11 [CUSTOM_SIMPLE_EDGE] vectorized, llap
                                    PARTITION_ONLY_SHUFFLE [RS_367]
                                      PartitionCols:_col0
                                      Filter Operator [FIL_366] (rows=26666666 width=212)
                                        predicate:(_col1 > 0)
                                        Group By Operator [GBY_365] (rows=80000000 width=212)
                                          Output:["_col0","_col1"],aggregations:["sum(VALUE._col0)"],keys:KEY._col0
                                        <-Reducer 10 [SIMPLE_EDGE] vectorized, llap
                                          SHUFFLE [RS_364]
                                            PartitionCols:_col0
                                            Group By Operator [GBY_363] (rows=80000000 width=212)
                                              Output:["_col0","_col1"],aggregations:["sum(_col2)"],keys:_col5
                                              Map Join Operator [MAPJOIN_362] (rows=16584098707 width=212)
                                                Conds:RS_357.KEY.reducesinkkey0=RS_359.KEY.reducesinkkey0(Inner),DynamicPartitionHashJoin:true,Output:["_col2","_col5"]
                                              <-Map 12 [CUSTOM_SIMPLE_EDGE] vectorized, llap
                                                PARTITION_ONLY_SHUFFLE [RS_359]
                                                  PartitionCols:_col0
                                                   Please refer to the previous Select Operator [SEL_358]
                                              <-Map 9 [CUSTOM_SIMPLE_EDGE] vectorized, llap
                                                PARTITION_ONLY_SHUFFLE [RS_357]
                                                  PartitionCols:_col0
                                                  Map Join Operator [MAPJOIN_356] (rows=16584098707 width=118)
                                                    Conds:SEL_355._col1=RS_326._col0(Inner),Output:["_col0","_col2"]
                                                  <-Map 7 [BROADCAST_EDGE] vectorized, llap
                                                    BROADCAST [RS_326]
                                                      PartitionCols:_col0
                                                      Select Operator [SEL_321] (rows=367 width=8)
                                                        Output:["_col0"]
                                                        Filter Operator [FIL_317] (rows=367 width=12)
                                                          predicate:(_col1 = 1999)
                                                           Please refer to the previous Select Operator [SEL_315]
                                                  <-Select Operator [SEL_355] (rows=82514936083 width=127)
                                                      Output:["_col0","_col1","_col2"]
                                                      Filter Operator [FIL_354] (rows=82514936083 width=229)
                                                        predicate:(_col3 is not null and _col0 is not null)
                                                        Select Operator [SEL_353] (rows=86404891377 width=229)
                                                          Output:["_col0","_col1","_col2","_col3"]
                                                          TableScan [TS_21] (rows=86404891377 width=229)
                                                            tpcds_bin_partitioned_orc_30000@store_sales,store_sales, ACID table,Tbl:COMPLETE,Col:COMPLETE,Output:["ss_customer_sk","ss_ext_discount_amt","ss_ext_list_price"]
                                  <-Reducer 3 [CUSTOM_SIMPLE_EDGE] vectorized, llap
                                    PARTITION_ONLY_SHUFFLE [RS_352]
                                      PartitionCols:_col0
                                      Select Operator [SEL_351] (rows=80000000 width=304)
                                        Output:["_col0","_col2"]
                                        Group By Operator [GBY_350] (rows=80000000 width=304)
                                          Output:["_col0","_col1","_col2"],aggregations:["sum(VALUE._col0)"],keys:KEY._col0, KEY._col1
                                        <-Reducer 2 [SIMPLE_EDGE] vectorized, llap
                                          SHUFFLE [RS_349]
                                            PartitionCols:_col0, _col1
                                            Group By Operator [GBY_348] (rows=80000000 width=304)
                                              Output:["_col0","_col1","_col2"],aggregations:["sum(_col2)"],keys:_col5, _col8
                                              Map Join Operator [MAPJOIN_347] (rows=16584098707 width=304)
                                                Conds:RS_344.KEY.reducesinkkey0=RS_346.KEY.reducesinkkey0(Inner),DynamicPartitionHashJoin:true,Output:["_col2","_col5","_col8"]
                                              <-Map 8 [CUSTOM_SIMPLE_EDGE] vectorized, llap
                                                PARTITION_ONLY_SHUFFLE [RS_346]
                                                  PartitionCols:_col0
                                                  Select Operator [SEL_345] (rows=80000000 width=200)
                                                    Output:["_col0","_col1","_col4"]
                                                    TableScan [TS_8] (rows=80000000 width=200)
                                                      tpcds_bin_partitioned_orc_30000@customer,customer, ACID table,Tbl:COMPLETE,Col:COMPLETE,Output:["c_customer_sk","c_customer_id","c_birth_country"]
                                              <-Map 1 [CUSTOM_SIMPLE_EDGE] vectorized, llap
                                                PARTITION_ONLY_SHUFFLE [RS_344]
                                                  PartitionCols:_col0
                                                  Map Join Operator [MAPJOIN_343] (rows=16584098707 width=118)
                                                    Conds:SEL_342._col1=RS_324._col0(Inner),Output:["_col0","_col2"]
                                                  <-Map 7 [BROADCAST_EDGE] vectorized, llap
                                                    BROADCAST [RS_324]
                                                      PartitionCols:_col0
                                                      Select Operator [SEL_320] (rows=367 width=8)
                                                        Output:["_col0"]
                                                        Filter Operator [FIL_316] (rows=367 width=12)
                                                          predicate:(_col1 = 2000)
                                                           Please refer to the previous Select Operator [SEL_315]
                                                  <-Select Operator [SEL_342] (rows=82514936083 width=127)
                                                      Output:["_col0","_col1","_col2"]
                                                      Filter Operator [FIL_341] (rows=82514936083 width=229)
                                                        predicate:(_col3 is not null and _col0 is not null)
                                                        Select Operator [SEL_340] (rows=86404891377 width=229)
                                                          Output:["_col0","_col1","_col2","_col3"]
                                                          TableScan [TS_0] (rows=86404891377 width=229)
                                                            tpcds_bin_partitioned_orc_30000@store_sales,store_sales, ACID table,Tbl:COMPLETE,Col:COMPLETE,Output:["ss_customer_sk","ss_ext_discount_amt","ss_ext_list_price"]
                  <-Select Operator [SEL_398] (rows=80000000 width=372)
                      Output:["_col0","_col1","_col2","_col3"]
                      TableScan [TS_97] (rows=80000000 width=372)
                        tpcds_bin_partitioned_orc_30000@customer,customer, ACID table,Tbl:COMPLETE,Col:COMPLETE,Output:["c_customer_id","c_first_name","c_last_name","c_birth_country"]

