Plan optimized by CBO.

Vertex dependency in root stage
Map 1 <- Map 3 (BROADCAST_EDGE)
Map 4 <- Map 7 (BROADCAST_EDGE), Map 8 (BROADCAST_EDGE), Reducer 2 (BROADCAST_EDGE)
Map 9 <- Map 7 (BROADCAST_EDGE), Map 8 (BROADCAST_EDGE)
Reducer 10 <- Map 9 (SIMPLE_EDGE)
Reducer 11 <- Reducer 10 (SIMPLE_EDGE)
Reducer 2 <- Map 1 (CUSTOM_SIMPLE_EDGE)
Reducer 5 <- Map 1 (BROADCAST_EDGE), Map 4 (SIMPLE_EDGE), Reducer 11 (BROADCAST_EDGE)
Reducer 6 <- Reducer 5 (SIMPLE_EDGE)

Stage-0
  Fetch Operator
    limit:-1
    Stage-1
      Reducer 6 vectorized, llap
      File Output Operator [FS_231]
        Select Operator [SEL_230] (rows=100 width=1506)
          Output:["_col0","_col1","_col2","_col3","_col4","_col5","_col6","_col7","_col8","_col9","_col10","_col11","_col12","_col13","_col14","_col15"]
          Limit [LIM_229] (rows=100 width=1420)
            Number of rows:100
            Select Operator [SEL_228] (rows=238970057 width=1419)
              Output:["_col0","_col1","_col2","_col3","_col4","_col5","_col6","_col7","_col8","_col9","_col10","_col11","_col12","_col13","_col14"]
            <-Reducer 5 [SIMPLE_EDGE] vectorized, llap
              SHUFFLE [RS_227]
                Select Operator [SEL_226] (rows=238970057 width=1419)
                  Output:["_col0","_col1","_col2","_col3","_col4","_col5","_col6","_col7","_col8","_col9","_col10","_col11","_col12","_col13","_col14"]
                  Top N Key Operator [TNK_225] (rows=238970057 width=1531)
                    keys:_col1, _col3, _col4, _col5, _col7, _col8, _col9, _col10, _col11, _col12, _col13, _col14, _col15, _col16, _col19,top n:100
                    Filter Operator [FIL_224] (rows=238970057 width=1531)
                      predicate:(_col19 > _col20)
                      Map Join Operator [MAPJOIN_223] (rows=716910171 width=1531)
                        Conds:MAPJOIN_222._col18=RS_219._col1(Inner),Output:["_col1","_col3","_col4","_col5","_col7","_col8","_col9","_col10","_col11","_col12","_col13","_col14","_col15","_col16","_col19","_col20"]
                      <-Reducer 11 [BROADCAST_EDGE] vectorized, llap
                        BROADCAST [RS_219]
                          PartitionCols:_col1
                          Select Operator [SEL_218] (rows=53 width=198)
                            Output:["_col0","_col1"]
                            Filter Operator [FIL_217] (rows=53 width=206)
                              predicate:CAST( (_col1 / _col2) AS decimal(21,6)) is not null
                              Group By Operator [GBY_216] (rows=53 width=206)
                                Output:["_col0","_col1","_col2"],aggregations:["sum(VALUE._col0)","count(VALUE._col1)"],keys:KEY._col0
                              <-Reducer 10 [SIMPLE_EDGE] vectorized, llap
                                SHUFFLE [RS_215]
                                  PartitionCols:_col0
                                  Group By Operator [GBY_214] (rows=30475 width=206)
                                    Output:["_col0","_col1","_col2"],aggregations:["sum(_col2)","count(_col2)"],keys:_col0
                                    Select Operator [SEL_213] (rows=716910171 width=205)
                                      Output:["_col0","_col2"]
                                      Group By Operator [GBY_212] (rows=716910171 width=205)
                                        Output:["_col0","_col1","_col2"],aggregations:["sum(VALUE._col0)"],keys:KEY._col0, KEY._col1
                                      <-Map 9 [SIMPLE_EDGE] vectorized, llap
                                        SHUFFLE [RS_211]
                                          PartitionCols:_col0, _col1
                                          Group By Operator [GBY_210] (rows=739053777 width=205)
                                            Output:["_col0","_col1","_col2"],aggregations:["sum(_col2)"],keys:_col6, _col0
                                            Map Join Operator [MAPJOIN_209] (rows=739053777 width=192)
                                              Conds:MAPJOIN_208._col1=RS_187._col0(Inner),Output:["_col0","_col2","_col6"]
                                            <-Map 8 [BROADCAST_EDGE] vectorized, llap
                                              BROADCAST [RS_187]
                                                PartitionCols:_col0
                                                Select Operator [SEL_185] (rows=40000000 width=94)
                                                  Output:["_col0","_col1"]
                                                  Filter Operator [FIL_184] (rows=40000000 width=94)
                                                    predicate:ca_state is not null
                                                    TableScan [TS_12] (rows=40000000 width=94)
                                                      tpcds_bin_partitioned_orc_30000@customer_address,customer_address, ACID table,Tbl:COMPLETE,Col:COMPLETE,Output:["ca_address_sk","ca_state"]
                                            <-Map Join Operator [MAPJOIN_208] (rows=739053777 width=113)
                                                Conds:SEL_207._col3=RS_178._col0(Inner),Output:["_col0","_col1","_col2"]
                                              <-Map 7 [BROADCAST_EDGE] vectorized, llap
                                                BROADCAST [RS_178]
                                                  PartitionCols:_col0
                                                  Select Operator [SEL_175] (rows=367 width=8)
                                                    Output:["_col0"]
                                                    Filter Operator [FIL_174] (rows=367 width=12)
                                                      predicate:(d_year = 1998)
                                                      TableScan [TS_9] (rows=73049 width=12)
                                                        tpcds_bin_partitioned_orc_30000@date_dim,date_dim, ACID table,Tbl:COMPLETE,Col:COMPLETE,Output:["d_date_sk","d_year"]
                                              <-Select Operator [SEL_207] (rows=4235017358 width=133)
                                                  Output:["_col0","_col1","_col2","_col3"]
                                                  Filter Operator [FIL_206] (rows=4235017358 width=133)
                                                    predicate:cr_returning_addr_sk is not null
                                                    TableScan [TS_28] (rows=4320980099 width=133)
                                                      tpcds_bin_partitioned_orc_30000@catalog_returns,catalog_returns, ACID table,Tbl:COMPLETE,Col:COMPLETE,Output:["cr_returning_customer_sk","cr_returning_addr_sk","cr_return_amt_inc_tax"]
                      <-Map Join Operator [MAPJOIN_222] (rows=716910171 width=1505)
                          Conds:RS_194._col0=FIL_221._col0(Inner),Output:["_col1","_col3","_col4","_col5","_col7","_col8","_col9","_col10","_col11","_col12","_col13","_col14","_col15","_col16","_col18","_col19"]
                        <-Map 1 [BROADCAST_EDGE] vectorized, llap
                          BROADCAST [RS_194]
                            PartitionCols:_col0
                            Map Join Operator [MAPJOIN_193] (rows=1509434 width=1314)
                              Conds:SEL_192._col2=RS_190._col0(Inner),Output:["_col0","_col1","_col3","_col4","_col5","_col7","_col8","_col9","_col10","_col11","_col12","_col13","_col14","_col15","_col16"]
                            <-Map 3 [BROADCAST_EDGE] vectorized, llap
                              BROADCAST [RS_190]
                                PartitionCols:_col0
                                Select Operator [SEL_189] (rows=754717 width=945)
                                  Output:["_col0","_col1","_col2","_col3","_col4","_col5","_col6","_col7","_col8","_col9","_col10"]
                                  Filter Operator [FIL_188] (rows=754717 width=1031)
                                    predicate:(ca_state = 'IL')
                                    TableScan [TS_3] (rows=40000000 width=1031)
                                      tpcds_bin_partitioned_orc_30000@customer_address,customer_address, ACID table,Tbl:COMPLETE,Col:COMPLETE,Output:["ca_address_sk","ca_street_number","ca_street_name","ca_street_type","ca_suite_number","ca_city","ca_county","ca_state","ca_zip","ca_country","ca_gmt_offset","ca_location_type"]
                            <-Select Operator [SEL_192] (rows=80000000 width=383)
                                Output:["_col0","_col1","_col2","_col3","_col4","_col5"]
                                Filter Operator [FIL_191] (rows=80000000 width=383)
                                  predicate:c_current_addr_sk is not null
                                  TableScan [TS_0] (rows=80000000 width=383)
                                    tpcds_bin_partitioned_orc_30000@customer,customer, ACID table,Tbl:COMPLETE,Col:COMPLETE,Output:["c_customer_sk","c_customer_id","c_current_addr_sk","c_salutation","c_first_name","c_last_name"]
                        <-Filter Operator [FIL_221] (rows=716910171 width=205)
                            predicate:_col2 is not null
                            Group By Operator [GBY_220] (rows=716910171 width=205)
                              Output:["_col0","_col1","_col2"],aggregations:["sum(VALUE._col0)"],keys:KEY._col0, KEY._col1
                            <-Map 4 [SIMPLE_EDGE] vectorized, llap
                              SHUFFLE [RS_205]
                                PartitionCols:_col0, _col1
                                Group By Operator [GBY_204] (rows=724434361 width=205)
                                  Output:["_col0","_col1","_col2"],aggregations:["sum(_col2)"],keys:_col0, _col6
                                  Map Join Operator [MAPJOIN_203] (rows=724434361 width=192)
                                    Conds:MAPJOIN_202._col1=RS_186._col0(Inner),Output:["_col0","_col2","_col6"]
                                  <-Map 8 [BROADCAST_EDGE] vectorized, llap
                                    BROADCAST [RS_186]
                                      PartitionCols:_col0
                                       Please refer to the previous Select Operator [SEL_185]
                                  <-Map Join Operator [MAPJOIN_202] (rows=724434361 width=113)
                                      Conds:SEL_201._col3=RS_176._col0(Inner),Output:["_col0","_col1","_col2"]
                                    <-Map 7 [BROADCAST_EDGE] vectorized, llap
                                      BROADCAST [RS_176]
                                        PartitionCols:_col0
                                         Please refer to the previous Select Operator [SEL_175]
                                    <-Select Operator [SEL_201] (rows=4151243373 width=133)
                                        Output:["_col0","_col1","_col2","_col3"]
                                        Filter Operator [FIL_200] (rows=4151243373 width=133)
                                          predicate:(cr_returning_addr_sk is not null and cr_returning_customer_sk is not null and cr_returning_customer_sk BETWEEN DynamicValue(RS_57_customer_c_customer_sk_min) AND DynamicValue(RS_57_customer_c_customer_sk_max) and in_bloom_filter(cr_returning_customer_sk, DynamicValue(RS_57_customer_c_customer_sk_bloom_filter)))
                                          TableScan [TS_6] (rows=4320980099 width=133)
                                            tpcds_bin_partitioned_orc_30000@catalog_returns,catalog_returns, ACID table,Tbl:COMPLETE,Col:COMPLETE,Output:["cr_returning_customer_sk","cr_returning_addr_sk","cr_return_amt_inc_tax"]
                                          <-Reducer 2 [BROADCAST_EDGE] vectorized, llap
                                            BROADCAST [RS_199]
                                              Group By Operator [GBY_198] (rows=1 width=24)
                                                Output:["_col0","_col1","_col2"],aggregations:["min(VALUE._col0)","max(VALUE._col1)","bloom_filter(VALUE._col2, expectedEntries=1481623)"]

