Warning: Map Join MAPJOIN[112][bigTable=?] in task 'Reducer 2' is a cross product
Plan optimized by CBO.

Vertex dependency in root stage
Reducer 2 <- Map 1 (SIMPLE_EDGE), Reducer 7 (BROADCAST_EDGE)
Reducer 3 <- Map 8 (BROADCAST_EDGE), Map 9 (BROADCAST_EDGE), Reducer 2 (SIMPLE_EDGE), Reducer 5 (BROADCAST_EDGE)
Reducer 4 <- Reducer 3 (SIMPLE_EDGE)
Reducer 5 <- Reducer 2 (SIMPLE_EDGE)
Reducer 7 <- Map 6 (SIMPLE_EDGE)

Stage-0
  Fetch Operator
    limit:100
    Stage-1
      Reducer 4 vectorized, llap
      File Output Operator [FS_164]
        Limit [LIM_163] (rows=100 width=218)
          Number of rows:100
          Select Operator [SEL_162] (rows=51645 width=218)
            Output:["_col0","_col1","_col2"]
          <-Reducer 3 [SIMPLE_EDGE] vectorized, llap
            SHUFFLE [RS_161]
              Select Operator [SEL_160] (rows=51645 width=218)
                Output:["_col0","_col1","_col2"]
                Top N Key Operator [TNK_159] (rows=51645 width=218)
                  keys:_col1,top n:100
                  Map Join Operator [MAPJOIN_158] (rows=51645 width=218)
                    Conds:MAPJOIN_157._col2=RS_151._col0(Inner),Output:["_col1","_col5","_col7"]
                  <-Map 9 [BROADCAST_EDGE] vectorized, llap
                    BROADCAST [RS_151]
                      PartitionCols:_col0
                      Select Operator [SEL_150] (rows=462000 width=115)
                        Output:["_col0","_col1"]
                        TableScan [TS_58] (rows=462000 width=115)
                          tpcds_bin_partitioned_orc_30000@item,i2, ACID table,Tbl:COMPLETE,Col:COMPLETE,Output:["i_item_sk","i_product_name"]
                  <-Map Join Operator [MAPJOIN_157] (rows=51645 width=119)
                      Conds:MAPJOIN_156._col0=RS_149._col0(Inner),Output:["_col1","_col2","_col5"]
                    <-Map 8 [BROADCAST_EDGE] vectorized, llap
                      BROADCAST [RS_149]
                        PartitionCols:_col0
                        Select Operator [SEL_148] (rows=462000 width=115)
                          Output:["_col0","_col1"]
                          TableScan [TS_56] (rows=462000 width=115)
                            tpcds_bin_partitioned_orc_30000@item,i1, ACID table,Tbl:COMPLETE,Col:COMPLETE,Output:["i_item_sk","i_product_name"]
                    <-Map Join Operator [MAPJOIN_156] (rows=51645 width=20)
                        Conds:SEL_155._col1=RS_147._col1(Inner),Output:["_col0","_col1","_col2"]
                      <-Reducer 5 [BROADCAST_EDGE] vectorized, llap
                        BROADCAST [RS_147]
                          PartitionCols:_col1
                          Select Operator [SEL_146] (rows=51645 width=12)
                            Output:["_col0","_col1"]
                            Filter Operator [FIL_145] (rows=51645 width=120)
                              predicate:(rank_window_0 < 11)
                              PTF Operator [PTF_144] (rows=154937 width=120)
                                Function definitions:[{},{"name:":"windowingtablefunction","order by:":"_col1 DESC NULLS LAST","partition by:":"0"}]
                                Select Operator [SEL_143] (rows=154937 width=120)
                                  Output:["_col0","_col1"]
                                <-Reducer 2 [SIMPLE_EDGE] vectorized, llap
                                  SHUFFLE [RS_142]
                                    PartitionCols:0
                                    Top N Key Operator [TNK_140] (rows=154937 width=232)
                                      keys:_col1,top n:11
                                      Filter Operator [FIL_138] (rows=154937 width=232)
                                        predicate:(_col1 > (0.9 * _col2))
                                        Map Join Operator [MAPJOIN_137] (rows=464811 width=232)
                                          Conds:(Inner),Output:["_col0","_col1","_col2"]
                                        <-Reducer 7 [BROADCAST_EDGE] vectorized, llap
                                          BROADCAST [RS_133]
                                            Select Operator [SEL_132] (rows=1 width=112)
                                              Output:["_col0"]
                                              Filter Operator [FIL_131] (rows=1 width=120)
                                                predicate:CAST( (_col1 / _col2) AS decimal(11,6)) is not null
                                                Select Operator [SEL_130] (rows=1 width=120)
                                                  Output:["_col1","_col2"]
                                                  Group By Operator [GBY_129] (rows=1 width=124)
                                                    Output:["_col0","_col1","_col2"],aggregations:["sum(VALUE._col0)","count(VALUE._col1)"],keys:KEY._col0
                                                  <-Map 6 [SIMPLE_EDGE] vectorized, llap
                                                    SHUFFLE [RS_128]
                                                      PartitionCols:_col0
                                                      Group By Operator [GBY_127] (rows=41255 width=124)
                                                        Output:["_col0","_col1","_col2"],aggregations:["sum(_col1)","count(_col1)"],keys:true
                                                        Select Operator [SEL_126] (rows=4472322 width=122)
                                                          Output:["_col1"]
                                                          Filter Operator [FIL_125] (rows=4472322 width=122)
                                                            predicate:(ss_hdemo_sk is null and (ss_store_sk = 410L))
                                                            TableScan [TS_8] (rows=86404891377 width=122)
                                                              tpcds_bin_partitioned_orc_30000@store_sales,store_sales, ACID table,Tbl:COMPLETE,Col:COMPLETE,Output:["ss_hdemo_sk","ss_store_sk","ss_net_profit"]
                                        <-Select Operator [SEL_136] (rows=464811 width=120)
                                            Output:["_col0","_col1"]
                                            Filter Operator [FIL_135] (rows=464811 width=128)
                                              predicate:CAST( (_col1 / _col2) AS decimal(11,6)) is not null
                                              Group By Operator [GBY_134] (rows=464811 width=128)
                                                Output:["_col0","_col1","_col2"],aggregations:["sum(VALUE._col0)","count(VALUE._col1)"],keys:KEY._col0
                                              <-Map 1 [SIMPLE_EDGE] vectorized, llap
                                                SHUFFLE [RS_124]
                                                  PartitionCols:_col0
                                                  Group By Operator [GBY_123] (rows=49657983 width=128)
                                                    Output:["_col0","_col1","_col2"],aggregations:["sum(ss_net_profit)","count(ss_net_profit)"],keys:ss_item_sk
                                                    Select Operator [SEL_122] (rows=99315967 width=122)
                                                      Output:["ss_item_sk","ss_net_profit"]
                                                      Filter Operator [FIL_121] (rows=99315967 width=122)
                                                        predicate:(ss_store_sk = 410L)
                                                        TableScan [TS_0] (rows=86404891377 width=122)
                                                          tpcds_bin_partitioned_orc_30000@store_sales,ss1, ACID table,Tbl:COMPLETE,Col:COMPLETE,Output:["ss_item_sk","ss_store_sk","ss_net_profit"]
                      <-Select Operator [SEL_155] (rows=51645 width=12)
                          Output:["_col0","_col1"]
                          Filter Operator [FIL_154] (rows=51645 width=120)
                            predicate:(rank_window_0 < 11)
                            PTF Operator [PTF_153] (rows=154937 width=120)
                              Function definitions:[{},{"name:":"windowingtablefunction","order by:":"_col1 ASC NULLS LAST","partition by:":"0"}]
                              Select Operator [SEL_152] (rows=154937 width=120)
                                Output:["_col0","_col1"]
                              <-Reducer 2 [SIMPLE_EDGE] vectorized, llap
                                SHUFFLE [RS_141]
                                  PartitionCols:0
                                  Top N Key Operator [TNK_139] (rows=154937 width=232)
                                    keys:_col1,top n:11
                                     Please refer to the previous Filter Operator [FIL_138]

