Plan optimized by CBO.

Vertex dependency in root stage
Map 1 <- Map 4 (BROADCAST_EDGE), Map 5 (BROADCAST_EDGE), Map 6 (BROADCAST_EDGE), Map 7 (BROADCAST_EDGE)
Reducer 2 <- Map 1 (SIMPLE_EDGE)
Reducer 3 <- Reducer 2 (SIMPLE_EDGE)

Stage-0
  Fetch Operator
    limit:-1
    Stage-1
      Reducer 3 vectorized, llap
      File Output Operator [FS_130]
        Limit [LIM_129] (rows=100 width=428)
          Number of rows:100
          Select Operator [SEL_128] (rows=4860 width=428)
            Output:["_col0","_col1","_col2","_col3","_col4","_col5","_col6","_col7"]
          <-Reducer 2 [SIMPLE_EDGE] vectorized, llap
            SHUFFLE [RS_127]
              Select Operator [SEL_126] (rows=4860 width=428)
                Output:["_col1","_col2","_col3","_col4","_col5","_col6","_col7","_col8"]
                Group By Operator [GBY_125] (rows=4860 width=329)
                  Output:["_col0","_col1","_col2","_col3","_col4","_col5","_col6","_col7"],aggregations:["sum(VALUE._col0)","sum(VALUE._col1)","sum(VALUE._col2)","sum(VALUE._col3)","sum(VALUE._col4)"],keys:KEY._col0, KEY._col1, KEY._col2
                <-Map 1 [SIMPLE_EDGE] vectorized, llap
                  SHUFFLE [RS_124]
                    PartitionCols:_col0, _col1, _col2
                    Group By Operator [GBY_123] (rows=46301220 width=329)
                      Output:["_col0","_col1","_col2","_col3","_col4","_col5","_col6","_col7"],aggregations:["sum(_col4)","sum(_col5)","sum(_col6)","sum(_col7)","sum(_col8)"],keys:_col13, _col11, _col15
                      Top N Key Operator [TNK_122] (rows=7892822204 width=309)
                        keys:_col13, _col11, _col15,top n:100
                        Map Join Operator [MAPJOIN_121] (rows=7892822204 width=309)
                          Conds:MAPJOIN_120._col1=RS_115._col0(Inner),Output:["_col4","_col5","_col6","_col7","_col8","_col11","_col13","_col15"]
                        <-Map 7 [BROADCAST_EDGE] vectorized, llap
                          BROADCAST [RS_115]
                            PartitionCols:_col0
                            Select Operator [SEL_114] (rows=60 width=106)
                              Output:["_col0","_col1"]
                              TableScan [TS_10] (rows=60 width=106)
                                tpcds_bin_partitioned_orc_30000@call_center,call_center, ACID table,Tbl:COMPLETE,Col:COMPLETE,Output:["cc_call_center_sk","cc_name"]
                        <-Map Join Operator [MAPJOIN_120] (rows=7892822204 width=218)
                            Conds:MAPJOIN_119._col3=RS_113._col0(Inner),Output:["_col1","_col4","_col5","_col6","_col7","_col8","_col11","_col13"]
                          <-Map 6 [BROADCAST_EDGE] vectorized, llap
                            BROADCAST [RS_113]
                              PartitionCols:_col0
                              Select Operator [SEL_112] (rows=27 width=107)
                                Output:["_col0","_col1"]
                                TableScan [TS_8] (rows=27 width=108)
                                  tpcds_bin_partitioned_orc_30000@warehouse,warehouse, ACID table,Tbl:COMPLETE,Col:COMPLETE,Output:["w_warehouse_sk","w_warehouse_name"]
                          <-Map Join Operator [MAPJOIN_119] (rows=7892822204 width=127)
                              Conds:MAPJOIN_118._col2=RS_111._col0(Inner),Output:["_col1","_col3","_col4","_col5","_col6","_col7","_col8","_col11"]
                            <-Map 5 [BROADCAST_EDGE] vectorized, llap
                              BROADCAST [RS_111]
                                PartitionCols:_col0
                                Select Operator [SEL_110] (rows=20 width=100)
                                  Output:["_col0","_col1"]
                                  TableScan [TS_6] (rows=20 width=100)
                                    tpcds_bin_partitioned_orc_30000@ship_mode,ship_mode, ACID table,Tbl:COMPLETE,Col:COMPLETE,Output:["sm_ship_mode_sk","sm_type"]
                            <-Map Join Operator [MAPJOIN_118] (rows=7892822204 width=43)
                                Conds:SEL_117._col0=RS_109._col0(Inner),Output:["_col1","_col2","_col3","_col4","_col5","_col6","_col7","_col8"]
                              <-Map 4 [BROADCAST_EDGE] vectorized, llap
                                BROADCAST [RS_109]
                                  PartitionCols:_col0
                                  Select Operator [SEL_108] (rows=359 width=8)
                                    Output:["_col0"]
                                    Filter Operator [FIL_107] (rows=359 width=12)
                                      predicate:d_month_seq BETWEEN 1212 AND 1223
                                      TableScan [TS_3] (rows=73049 width=12)
                                        tpcds_bin_partitioned_orc_30000@date_dim,date_dim, ACID table,Tbl:COMPLETE,Col:COMPLETE,Output:["d_date_sk","d_month_seq"]
                              <-Select Operator [SEL_117] (rows=42366787299 width=51)
                                  Output:["_col0","_col1","_col2","_col3","_col4","_col5","_col6","_col7","_col8"]
                                  Filter Operator [FIL_116] (rows=42366787299 width=39)
                                    predicate:(cs_ship_date_sk is not null and cs_warehouse_sk is not null and cs_ship_mode_sk is not null and cs_call_center_sk is not null)
                                    TableScan [TS_0] (rows=43220864887 width=39)
                                      tpcds_bin_partitioned_orc_30000@catalog_sales,catalog_sales, ACID table,Tbl:COMPLETE,Col:COMPLETE,Output:["cs_ship_date_sk","cs_call_center_sk","cs_ship_mode_sk","cs_warehouse_sk"]

