CBO PLAN:
HiveSortLimit(sort0=[$0], sort1=[$1], sort2=[$2], sort3=[$4], sort4=[$6], sort5=[$8], sort6=[$10], sort7=[$12], dir0=[ASC], dir1=[ASC], dir2=[ASC], dir3=[ASC], dir4=[ASC], dir5=[ASC], dir6=[ASC], dir7=[ASC], fetch=[100])
  HiveProject(cd_gender=[$0], cd_marital_status=[$1], cd_education_status=[$2], cnt1=[$8], cd_purchase_estimate=[$3], cnt2=[$8], cd_credit_rating=[$4], cnt3=[$8], cd_dep_count=[$5], cnt4=[$8], cd_dep_employed_count=[$6], cnt5=[$8], cd_dep_college_count=[$7], cnt6=[$8])
    HiveAggregate(group=[{6, 7, 8, 9, 10, 11, 12, 13}], agg#0=[count()])
      HiveFilter(condition=[OR(IS NOT NULL($14), IS NOT NULL($16))])
        HiveJoin(condition=[=($0, $17)], joinType=[left], algorithm=[none], cost=[not available])
          HiveJoin(condition=[=($0, $15)], joinType=[left], algorithm=[none], cost=[not available])
            HiveSemiJoin(condition=[=($0, $14)], joinType=[semi])
              HiveJoin(condition=[=($5, $1)], joinType=[inner], algorithm=[none], cost=[not available])
                HiveJoin(condition=[=($2, $3)], joinType=[inner], algorithm=[none], cost=[not available])
                  HiveProject(c_customer_sk=[$0], c_current_cdemo_sk=[$2], c_current_addr_sk=[$4])
                    HiveFilter(condition=[AND(IS NOT NULL($2), IS NOT NULL($4))])
                      HiveTableScan(table=[[tpcds_bin_partitioned_orc_30000, customer]], table:alias=[c])
                  HiveProject(ca_address_sk=[$0], ca_county=[$7])
                    HiveFilter(condition=[IN($7, _UTF-16LE'Walker County':VARCHAR(30) CHARACTER SET "UTF-16LE", _UTF-16LE'Richland County':VARCHAR(30) CHARACTER SET "UTF-16LE", _UTF-16LE'Gaines County':VARCHAR(30) CHARACTER SET "UTF-16LE", _UTF-16LE'Douglas County':VARCHAR(30) CHARACTER SET "UTF-16LE", _UTF-16LE'Dona Ana County':VARCHAR(30) CHARACTER SET "UTF-16LE")])
                      HiveTableScan(table=[[tpcds_bin_partitioned_orc_30000, customer_address]], table:alias=[ca])
                HiveProject(cd_demo_sk=[$0], cd_gender=[$1], cd_marital_status=[$2], cd_education_status=[$3], cd_purchase_estimate=[$4], cd_credit_rating=[$5], cd_dep_count=[$6], cd_dep_employed_count=[$7], cd_dep_college_count=[$8])
                  HiveTableScan(table=[[tpcds_bin_partitioned_orc_30000, customer_demographics]], table:alias=[customer_demographics])
              HiveProject(ss_customer_sk0=[$0])
                HiveJoin(condition=[=($1, $2)], joinType=[inner], algorithm=[none], cost=[not available])
                  HiveProject(ss_customer_sk=[$2], ss_sold_date_sk=[$22])
                    HiveFilter(condition=[AND(IS NOT NULL($2), IS NOT NULL($22))])
                      HiveTableScan(table=[[tpcds_bin_partitioned_orc_30000, store_sales]], table:alias=[store_sales])
                  HiveProject(d_date_sk=[$0])
                    HiveFilter(condition=[AND(=($6, 2002), BETWEEN(false, $8, 4, 7))])
                      HiveTableScan(table=[[tpcds_bin_partitioned_orc_30000, date_dim]], table:alias=[date_dim])
            HiveProject(literalTrue=[true], ws_bill_customer_sk0=[$0])
              HiveAggregate(group=[{0}])
                HiveJoin(condition=[=($1, $2)], joinType=[inner], algorithm=[none], cost=[not available])
                  HiveProject(ws_bill_customer_sk=[$3], ws_sold_date_sk=[$33])
                    HiveFilter(condition=[AND(IS NOT NULL($3), IS NOT NULL($33))])
                      HiveTableScan(table=[[tpcds_bin_partitioned_orc_30000, web_sales]], table:alias=[web_sales])
                  HiveProject(d_date_sk=[$0])
                    HiveFilter(condition=[AND(=($6, 2002), BETWEEN(false, $8, 4, 7))])
                      HiveTableScan(table=[[tpcds_bin_partitioned_orc_30000, date_dim]], table:alias=[date_dim])
          HiveProject(literalTrue=[true], cs_ship_customer_sk0=[$0])
            HiveAggregate(group=[{0}])
              HiveJoin(condition=[=($1, $2)], joinType=[inner], algorithm=[none], cost=[not available])
                HiveProject(cs_ship_customer_sk=[$6], cs_sold_date_sk=[$33])
                  HiveFilter(condition=[AND(IS NOT NULL($6), IS NOT NULL($33))])
                    HiveTableScan(table=[[tpcds_bin_partitioned_orc_30000, catalog_sales]], table:alias=[catalog_sales])
                HiveProject(d_date_sk=[$0])
                  HiveFilter(condition=[AND(=($6, 2002), BETWEEN(false, $8, 4, 7))])
                    HiveTableScan(table=[[tpcds_bin_partitioned_orc_30000, date_dim]], table:alias=[date_dim])

