Plan optimized by CBO.

Vertex dependency in root stage
Map 1 <- Map 6 (BROADCAST_EDGE)
Reducer 2 <- Map 1 (SIMPLE_EDGE), Map 7 (BROADCAST_EDGE), Map 8 (BROADCAST_EDGE), Reducer 5 (BROADCAST_EDGE)
Reducer 3 <- Reducer 2 (SIMPLE_EDGE)
Reducer 4 <- Map 1 (SIMPLE_EDGE)
Reducer 5 <- Reducer 4 (SIMPLE_EDGE)

Stage-0
  Fetch Operator
    limit:100
    Stage-1
      Reducer 3 vectorized, llap
      File Output Operator [FS_166]
        Limit [LIM_165] (rows=100 width=708)
          Number of rows:100
          Select Operator [SEL_164] (rows=5300391 width=707)
            Output:["_col0","_col1","_col2","_col3","_col4","_col5"]
          <-Reducer 2 [SIMPLE_EDGE] vectorized, llap
            SHUFFLE [RS_163]
              Select Operator [SEL_162] (rows=5300391 width=707)
                Output:["_col0","_col1","_col2","_col3","_col4","_col5"]
                Top N Key Operator [TNK_161] (rows=5300391 width=707)
                  keys:_col6, _col8,top n:100
                  Map Join Operator [MAPJOIN_160] (rows=5300391 width=707)
                    Conds:TNK_159._col1=RS_153._col0(Inner),Output:["_col2","_col6","_col8","_col9","_col10","_col11"]
                  <-Map 8 [BROADCAST_EDGE] vectorized, llap
                    BROADCAST [RS_153]
                      PartitionCols:_col0
                      Select Operator [SEL_152] (rows=462000 width=515)
                        Output:["_col0","_col1","_col2","_col3","_col4"]
                        TableScan [TS_38] (rows=462000 width=515)
                          tpcds_bin_partitioned_orc_30000@item,item, ACID table,Tbl:COMPLETE,Col:COMPLETE,Output:["i_item_sk","i_item_desc","i_current_price","i_wholesale_cost","i_brand"]
                  <-Top N Key Operator [TNK_159] (rows=5300391 width=208)
                      keys:_col6,top n:100
                      Map Join Operator [MAPJOIN_158] (rows=5300391 width=208)
                        Conds:FIL_157._col0=RS_151._col0(Inner),Output:["_col1","_col2","_col6"]
                      <-Map 7 [BROADCAST_EDGE] vectorized, llap
                        BROADCAST [RS_151]
                          PartitionCols:_col0
                          Select Operator [SEL_150] (rows=1704 width=96)
                            Output:["_col0","_col1"]
                            TableScan [TS_36] (rows=1704 width=96)
                              tpcds_bin_partitioned_orc_30000@store,store, ACID table,Tbl:COMPLETE,Col:COMPLETE,Output:["s_store_sk","s_store_name"]
                      <-Filter Operator [FIL_157] (rows=5300391 width=239)
                          predicate:(_col2 <= _col4)
                          Map Join Operator [MAPJOIN_156] (rows=15901173 width=239)
                            Conds:FIL_155._col0=RS_149._col0(Inner),Output:["_col0","_col1","_col2","_col4"]
                          <-Reducer 5 [BROADCAST_EDGE] vectorized, llap
                            BROADCAST [RS_149]
                              PartitionCols:_col0
                              Select Operator [SEL_148] (rows=173 width=119)
                                Output:["_col0","_col1"]
                                Filter Operator [FIL_147] (rows=173 width=127)
                                  predicate:CAST( (_col1 / _col2) AS decimal(21,6)) is not null
                                  Group By Operator [GBY_146] (rows=173 width=127)
                                    Output:["_col0","_col1","_col2"],aggregations:["sum(VALUE._col0)","count(VALUE._col1)"],keys:KEY._col0
                                  <-Reducer 4 [SIMPLE_EDGE] vectorized, llap
                                    SHUFFLE [RS_145]
                                      PartitionCols:_col0
                                      Group By Operator [GBY_144] (rows=1384 width=127)
                                        Output:["_col0","_col1","_col2"],aggregations:["sum(_col2)","count(_col2)"],keys:_col1
                                        Select Operator [SEL_143] (rows=15809259 width=127)
                                          Output:["_col1","_col2"]
                                          Group By Operator [GBY_142] (rows=15809259 width=127)
                                            Output:["_col0","_col1","_col2"],aggregations:["sum(VALUE._col0)"],keys:KEY._col0, KEY._col1
                                          <-Map 1 [SIMPLE_EDGE] vectorized, llap
                                            SHUFFLE [RS_141]
                                              PartitionCols:_col0, _col1
                                              Group By Operator [GBY_139] (rows=15840066266 width=127)
                                                Output:["_col0","_col1","_col2"],aggregations:["sum(_col2)"],keys:_col1, _col0
                                                Map Join Operator [MAPJOIN_138] (rows=15840066266 width=113)
                                                  Conds:SEL_137._col3=RS_132._col0(Inner),Output:["_col0","_col1","_col2"]
                                                <-Map 6 [BROADCAST_EDGE] vectorized, llap
                                                  BROADCAST [RS_132]
                                                    PartitionCols:_col0
                                                    Select Operator [SEL_131] (rows=359 width=8)
                                                      Output:["_col0"]
                                                      Filter Operator [FIL_130] (rows=359 width=12)
                                                        predicate:d_month_seq BETWEEN 1212 AND 1223
                                                        TableScan [TS_3] (rows=73049 width=12)
                                                          tpcds_bin_partitioned_orc_30000@date_dim,date_dim, ACID table,Tbl:COMPLETE,Col:COMPLETE,Output:["d_date_sk","d_month_seq"]
                                                  Dynamic Partitioning Event Operator [EVENT_135] (rows=179 width=8)
                                                    Group By Operator [GBY_134] (rows=179 width=8)
                                                      Output:["_col0"],keys:_col0
                                                      Select Operator [SEL_133] (rows=359 width=8)
                                                        Output:["_col0"]
                                                         Please refer to the previous Select Operator [SEL_131]
                                                <-Select Operator [SEL_137] (rows=80569240632 width=133)
                                                    Output:["_col0","_col1","_col2","_col3"]
                                                    Filter Operator [FIL_136] (rows=80569240632 width=133)
                                                      predicate:ss_store_sk is not null
                                                      TableScan [TS_0] (rows=82510879939 width=133)
                                                        tpcds_bin_partitioned_orc_30000@store_sales,store_sales, ACID table,Tbl:COMPLETE,Col:COMPLETE,Output:["ss_item_sk","ss_store_sk","ss_sales_price"]
                          <-Filter Operator [FIL_155] (rows=15809259 width=127)
                              predicate:_col2 is not null
                              Group By Operator [GBY_154] (rows=15809259 width=127)
                                Output:["_col0","_col1","_col2"],aggregations:["sum(VALUE._col0)"],keys:KEY._col0, KEY._col1
                              <-Map 1 [SIMPLE_EDGE] vectorized, llap
                                SHUFFLE [RS_140]
                                  PartitionCols:_col0, _col1
                                   Please refer to the previous Group By Operator [GBY_139]

