Plan optimized by CBO.

Vertex dependency in root stage
Map 1 <- Map 5 (BROADCAST_EDGE), Map 6 (BROADCAST_EDGE), Map 7 (BROADCAST_EDGE)
Reducer 2 <- Map 1 (SIMPLE_EDGE)
Reducer 3 <- Reducer 2 (SIMPLE_EDGE)
Reducer 4 <- Reducer 3 (SIMPLE_EDGE)

Stage-0
  Fetch Operator
    limit:-1
    Stage-1
      Reducer 4 vectorized, llap
      File Output Operator [FS_108]
        Limit [LIM_107] (rows=100 width=440)
          Number of rows:100
          Select Operator [SEL_106] (rows=3267 width=440)
            Output:["_col0","_col1","_col2","_col3","_col4"]
          <-Reducer 3 [SIMPLE_EDGE] vectorized, llap
            SHUFFLE [RS_105]
              Select Operator [SEL_104] (rows=3267 width=440)
                Output:["_col0","_col1","_col2","_col3","_col4","_col5"]
                Top N Key Operator [TNK_103] (rows=3267 width=414)
                  keys:(grouping(_col4, 1L) + grouping(_col4, 0L)), CASE WHEN (((grouping(_col4, 1L) + grouping(_col4, 0L)) = 0L)) THEN (_col0) ELSE (null) END, rank_window_0,top n:100
                  PTF Operator [PTF_102] (rows=3267 width=414)
                    Function definitions:[{},{"name:":"windowingtablefunction","order by:":"(_col2 / _col3) ASC NULLS LAST","partition by:":"(grouping(_col4, 1L) + grouping(_col4, 0L)), CASE WHEN ((grouping(_col4, 0L) = UDFToLong(0))) THEN (_col0) ELSE (CAST( null AS CHAR(50))) END"}]
                    Select Operator [SEL_101] (rows=3267 width=414)
                      Output:["_col0","_col1","_col2","_col3","_col4"]
                    <-Reducer 2 [SIMPLE_EDGE] vectorized, llap
                      SHUFFLE [RS_100]
                        PartitionCols:(grouping(_col4, 1L) + grouping(_col4, 0L)), CASE WHEN ((grouping(_col4, 0L) = UDFToLong(0))) THEN (_col0) ELSE (CAST( null AS CHAR(50))) END
                        Select Operator [SEL_99] (rows=3267 width=414)
                          Output:["_col0","_col1","_col2","_col3","_col4"]
                          Group By Operator [GBY_98] (rows=3267 width=414)
                            Output:["_col0","_col1","_col2","_col3","_col4"],aggregations:["sum(VALUE._col0)","sum(VALUE._col1)"],keys:KEY._col0, KEY._col1, KEY._col2
                          <-Map 1 [SIMPLE_EDGE] vectorized, llap
                            SHUFFLE [RS_97]
                              PartitionCols:_col0, _col1, _col2
                              Group By Operator [GBY_96] (rows=9850005 width=414)
                                Output:["_col0","_col1","_col2","_col3","_col4"],aggregations:["sum(_col2)","sum(_col3)"],keys:_col0, _col1, 0L
                                Select Operator [SEL_95] (rows=2949381825 width=261)
                                  Output:["_col0","_col1","_col2","_col3"]
                                  Map Join Operator [MAPJOIN_94] (rows=2949381825 width=261)
                                    Conds:MAPJOIN_93._col0=RS_89._col0(Inner),Output:["_col2","_col3","_col8","_col9"]
                                  <-Map 7 [BROADCAST_EDGE] vectorized, llap
                                    BROADCAST [RS_89]
                                      PartitionCols:_col0
                                      Select Operator [SEL_88] (rows=462000 width=190)
                                        Output:["_col0","_col1","_col2"]
                                        TableScan [TS_9] (rows=462000 width=190)
                                          tpcds_bin_partitioned_orc_30000@item,item, ACID table,Tbl:COMPLETE,Col:COMPLETE,Output:["i_item_sk","i_class","i_category"]
                                  <-Map Join Operator [MAPJOIN_93] (rows=2949381825 width=87)
                                      Conds:MAPJOIN_92._col1=RS_87._col0(Inner),Output:["_col0","_col2","_col3"]
                                    <-Map 6 [BROADCAST_EDGE] vectorized, llap
                                      BROADCAST [RS_87]
                                        PartitionCols:_col0
                                        Select Operator [SEL_86] (rows=310 width=8)
                                          Output:["_col0"]
                                          Filter Operator [FIL_85] (rows=310 width=94)
                                            predicate:(s_state) IN ('SD', 'FL', 'MI', 'LA', 'MO', 'SC', 'AL', 'GA')
                                            TableScan [TS_6] (rows=1704 width=94)
                                              tpcds_bin_partitioned_orc_30000@store,store, ACID table,Tbl:COMPLETE,Col:COMPLETE,Output:["s_store_sk","s_state"]
                                    <-Map Join Operator [MAPJOIN_92] (rows=16193047015 width=212)
                                        Conds:SEL_91._col4=RS_81._col0(Inner),Output:["_col0","_col1","_col2","_col3"]
                                      <-Map 5 [BROADCAST_EDGE] vectorized, llap
                                        BROADCAST [RS_81]
                                          PartitionCols:_col0
                                          Select Operator [SEL_80] (rows=367 width=8)
                                            Output:["_col0"]
                                            Filter Operator [FIL_79] (rows=367 width=12)
                                              predicate:(d_year = 1999)
                                              TableScan [TS_3] (rows=73049 width=12)
                                                tpcds_bin_partitioned_orc_30000@date_dim,d1, ACID table,Tbl:COMPLETE,Col:COMPLETE,Output:["d_date_sk","d_year"]
                                        Dynamic Partitioning Event Operator [EVENT_84] (rows=183 width=8)
                                          Group By Operator [GBY_83] (rows=183 width=8)
                                            Output:["_col0"],keys:_col0
                                            Select Operator [SEL_82] (rows=367 width=8)
                                              Output:["_col0"]
                                               Please refer to the previous Select Operator [SEL_80]
                                      <-Select Operator [SEL_91] (rows=80569240632 width=242)
                                          Output:["_col0","_col1","_col2","_col3","_col4"]
                                          Filter Operator [FIL_90] (rows=80569240632 width=242)
                                            predicate:ss_store_sk is not null
                                            TableScan [TS_0] (rows=82510879939 width=242)
                                              tpcds_bin_partitioned_orc_30000@store_sales,store_sales, ACID table,Tbl:COMPLETE,Col:COMPLETE,Output:["ss_item_sk","ss_store_sk","ss_ext_sales_price","ss_net_profit"]

