Plan optimized by CBO.

Vertex dependency in root stage
Map 1 <- Map 6 (BROADCAST_EDGE), Map 7 (BROADCAST_EDGE), Map 8 (BROADCAST_EDGE)
Map 11 <- Map 6 (BROADCAST_EDGE), Map 7 (BROADCAST_EDGE), Map 8 (BROADCAST_EDGE)
Map 13 <- Map 6 (BROADCAST_EDGE), Map 7 (BROADCAST_EDGE), Map 8 (BROADCAST_EDGE)
Map 8 <- Reducer 10 (BROADCAST_EDGE)
Reducer 10 <- Map 9 (SIMPLE_EDGE)
Reducer 12 <- Map 11 (SIMPLE_EDGE), Union 3 (CONTAINS)
Reducer 14 <- Map 13 (SIMPLE_EDGE), Union 3 (CONTAINS)
Reducer 2 <- Map 1 (SIMPLE_EDGE), Union 3 (CONTAINS)
Reducer 4 <- Union 3 (SIMPLE_EDGE)
Reducer 5 <- Reducer 4 (SIMPLE_EDGE)

Stage-0
  Fetch Operator
    limit:100
    Stage-1
      Reducer 5 vectorized, llap
      File Output Operator [FS_362]
        Limit [LIM_361] (rows=100 width=116)
          Number of rows:100
          Select Operator [SEL_360] (rows=911 width=115)
            Output:["_col0","_col1"]
          <-Reducer 4 [SIMPLE_EDGE] vectorized, llap
            SHUFFLE [RS_359]
              Top N Key Operator [TNK_358] (rows=911 width=115)
                keys:_col1,top n:100
                Group By Operator [GBY_357] (rows=911 width=115)
                  Output:["_col0","_col1"],aggregations:["sum(VALUE._col0)"],keys:KEY._col0
                <-Union 3 [SIMPLE_EDGE]
                  <-Reducer 12 [CONTAINS] vectorized, llap
                    Reduce Output Operator [RS_372]
                      PartitionCols:_col0
                      Group By Operator [GBY_371] (rows=911 width=115)
                        Output:["_col0","_col1"],aggregations:["sum(_col1)"],keys:_col0
                        Group By Operator [GBY_370] (rows=553 width=115)
                          Output:["_col0","_col1"],aggregations:["sum(VALUE._col0)"],keys:KEY._col0
                        <-Map 11 [SIMPLE_EDGE] vectorized, llap
                          SHUFFLE [RS_369]
                            PartitionCols:_col0
                            Group By Operator [GBY_368] (rows=553 width=115)
                              Output:["_col0","_col1"],aggregations:["sum(_col2)"],keys:_col7
                              Map Join Operator [MAPJOIN_367] (rows=257738 width=3)
                                Conds:MAPJOIN_366._col1=RS_345._col0(Inner),Output:["_col2","_col7"]
                              <-Map 8 [BROADCAST_EDGE] vectorized, llap
                                BROADCAST [RS_345]
                                  PartitionCols:_col0
                                  Map Join Operator [MAPJOIN_343] (rows=461314 width=11)
                                    Conds:SEL_342._col1=RS_340._col0(Inner),Output:["_col0","_col1"]
                                  <-Reducer 10 [BROADCAST_EDGE] vectorized, llap
                                    BROADCAST [RS_340]
                                      PartitionCols:_col0
                                      Group By Operator [GBY_339] (rows=988 width=3)
                                        Output:["_col0"],keys:KEY._col0
                                      <-Map 9 [SIMPLE_EDGE] vectorized, llap
                                        SHUFFLE [RS_338]
                                          PartitionCols:_col0
                                          Group By Operator [GBY_337] (rows=988 width=3)
                                            Output:["_col0"],keys:i_manufact_id
                                            Select Operator [SEL_336] (rows=41895 width=93)
                                              Output:["i_manufact_id"]
                                              Filter Operator [FIL_335] (rows=41895 width=93)
                                                predicate:((i_category = 'Books                                             ') and i_manufact_id is not null)
                                                TableScan [TS_12] (rows=462000 width=93)
                                                  tpcds_bin_partitioned_orc_30000@item,item, ACID table,Tbl:COMPLETE,Col:COMPLETE,Output:["i_category","i_manufact_id"]
                                  <-Select Operator [SEL_342] (rows=460848 width=11)
                                      Output:["_col0","_col1"]
                                      Filter Operator [FIL_341] (rows=460848 width=11)
                                        predicate:i_manufact_id is not null
                                        TableScan [TS_9] (rows=462000 width=11)
                                          tpcds_bin_partitioned_orc_30000@item,item, ACID table,Tbl:COMPLETE,Col:COMPLETE,Output:["i_item_sk","i_manufact_id"]
                              <-Map Join Operator [MAPJOIN_366] (rows=120520838 width=20)
                                  Conds:MAPJOIN_365._col0=RS_333._col0(Inner),Output:["_col1","_col2"]
                                <-Map 7 [BROADCAST_EDGE] vectorized, llap
                                  BROADCAST [RS_333]
                                    PartitionCols:_col0
                                    Select Operator [SEL_331] (rows=6666667 width=8)
                                      Output:["_col0"]
                                      Filter Operator [FIL_330] (rows=6666667 width=116)
                                        predicate:(ca_gmt_offset = -6)
                                        TableScan [TS_6] (rows=40000000 width=116)
                                          tpcds_bin_partitioned_orc_30000@customer_address,customer_address, ACID table,Tbl:COMPLETE,Col:COMPLETE,Output:["ca_address_sk","ca_gmt_offset"]
                                <-Map Join Operator [MAPJOIN_365] (rows=723125004 width=110)
                                    Conds:SEL_364._col3=RS_320._col0(Inner),Output:["_col0","_col1","_col2"]
                                  <-Map 6 [BROADCAST_EDGE] vectorized, llap
                                    BROADCAST [RS_320]
                                      PartitionCols:_col0
                                      Select Operator [SEL_317] (rows=31 width=8)
                                        Output:["_col0"]
                                        Filter Operator [FIL_316] (rows=31 width=16)
                                          predicate:((d_year = 1999) and (d_moy = 3))
                                          TableScan [TS_3] (rows=73049 width=16)
                                            tpcds_bin_partitioned_orc_30000@date_dim,date_dim, ACID table,Tbl:COMPLETE,Col:COMPLETE,Output:["d_date_sk","d_year","d_moy"]
                                  <-Select Operator [SEL_364] (rows=42898229145 width=135)
                                      Output:["_col0","_col1","_col2","_col3"]
                                      Filter Operator [FIL_363] (rows=42898229145 width=135)
                                        predicate:cs_bill_addr_sk is not null
                                        TableScan [TS_37] (rows=43005109025 width=135)
                                          tpcds_bin_partitioned_orc_30000@catalog_sales,catalog_sales, ACID table,Tbl:COMPLETE,Col:COMPLETE,Output:["cs_bill_addr_sk","cs_item_sk","cs_ext_sales_price"]
                  <-Reducer 14 [CONTAINS] vectorized, llap
                    Reduce Output Operator [RS_382]
                      PartitionCols:_col0
                      Group By Operator [GBY_381] (rows=911 width=115)
                        Output:["_col0","_col1"],aggregations:["sum(_col1)"],keys:_col0
                        Group By Operator [GBY_380] (rows=281 width=115)
                          Output:["_col0","_col1"],aggregations:["sum(VALUE._col0)"],keys:KEY._col0
                        <-Map 13 [SIMPLE_EDGE] vectorized, llap
                          SHUFFLE [RS_379]
                            PartitionCols:_col0
                            Group By Operator [GBY_378] (rows=281 width=115)
                              Output:["_col0","_col1"],aggregations:["sum(_col2)"],keys:_col7
                              Map Join Operator [MAPJOIN_377] (rows=130651 width=3)
                                Conds:MAPJOIN_376._col0=RS_346._col0(Inner),Output:["_col2","_col7"]
                              <-Map 8 [BROADCAST_EDGE] vectorized, llap
                                BROADCAST [RS_346]
                                  PartitionCols:_col0
                                   Please refer to the previous Map Join Operator [MAPJOIN_343]
                              <-Map Join Operator [MAPJOIN_376] (rows=61093544 width=115)
                                  Conds:MAPJOIN_375._col1=RS_334._col0(Inner),Output:["_col0","_col2"]
                                <-Map 7 [BROADCAST_EDGE] vectorized, llap
                                  BROADCAST [RS_334]
                                    PartitionCols:_col0
                                     Please refer to the previous Select Operator [SEL_331]
                                <-Map Join Operator [MAPJOIN_375] (rows=366561252 width=127)
                                    Conds:SEL_374._col3=RS_322._col0(Inner),Output:["_col0","_col1","_col2"]
                                  <-Map 6 [BROADCAST_EDGE] vectorized, llap
                                    BROADCAST [RS_322]
                                      PartitionCols:_col0
                                       Please refer to the previous Select Operator [SEL_317]
                                  <-Select Operator [SEL_374] (rows=21591937227 width=135)
                                      Output:["_col0","_col1","_col2","_col3"]
                                      Filter Operator [FIL_373] (rows=21591937227 width=135)
                                        predicate:ws_bill_addr_sk is not null
                                        TableScan [TS_75] (rows=21594638446 width=135)
                                          tpcds_bin_partitioned_orc_30000@web_sales,web_sales, ACID table,Tbl:COMPLETE,Col:COMPLETE,Output:["ws_item_sk","ws_bill_addr_sk","ws_ext_sales_price"]
                  <-Reducer 2 [CONTAINS] vectorized, llap
                    Reduce Output Operator [RS_356]
                      PartitionCols:_col0
                      Group By Operator [GBY_355] (rows=911 width=115)
                        Output:["_col0","_col1"],aggregations:["sum(_col1)"],keys:_col0
                        Group By Operator [GBY_354] (rows=988 width=115)
                          Output:["_col0","_col1"],aggregations:["sum(VALUE._col0)"],keys:KEY._col0
                        <-Map 1 [SIMPLE_EDGE] vectorized, llap
                          SHUFFLE [RS_353]
                            PartitionCols:_col0
                            Group By Operator [GBY_352] (rows=988 width=115)
                              Output:["_col0","_col1"],aggregations:["sum(_col2)"],keys:_col7
                              Map Join Operator [MAPJOIN_351] (rows=487484 width=3)
                                Conds:MAPJOIN_350._col0=RS_344._col0(Inner),Output:["_col2","_col7"]
                              <-Map 8 [BROADCAST_EDGE] vectorized, llap
                                BROADCAST [RS_344]
                                  PartitionCols:_col0
                                   Please refer to the previous Map Join Operator [MAPJOIN_343]
                              <-Map Join Operator [MAPJOIN_350] (rows=227952808 width=8)
                                  Conds:MAPJOIN_349._col1=RS_332._col0(Inner),Output:["_col0","_col2"]
                                <-Map 7 [BROADCAST_EDGE] vectorized, llap
                                  BROADCAST [RS_332]
                                    PartitionCols:_col0
                                     Please refer to the previous Select Operator [SEL_331]
                                <-Map Join Operator [MAPJOIN_349] (rows=1367716804 width=8)
                                    Conds:SEL_348._col3=RS_318._col0(Inner),Output:["_col0","_col1","_col2"]
                                  <-Map 6 [BROADCAST_EDGE] vectorized, llap
                                    BROADCAST [RS_318]
                                      PartitionCols:_col0
                                       Please refer to the previous Select Operator [SEL_317]
                                  <-Select Operator [SEL_348] (rows=80564040039 width=133)
                                      Output:["_col0","_col1","_col2","_col3"]
                                      Filter Operator [FIL_347] (rows=80564040039 width=133)
                                        predicate:ss_addr_sk is not null
                                        TableScan [TS_0] (rows=82510879939 width=133)
                                          tpcds_bin_partitioned_orc_30000@store_sales,store_sales, ACID table,Tbl:COMPLETE,Col:COMPLETE,Output:["ss_item_sk","ss_addr_sk","ss_ext_sales_price"]

