Plan optimized by CBO.

Vertex dependency in root stage
Map 1 <- Reducer 4 (BROADCAST_EDGE)
Map 3 <- Map 5 (BROADCAST_EDGE), Map 6 (BROADCAST_EDGE), Map 7 (BROADCAST_EDGE)
Reducer 2 <- Map 1 (SIMPLE_EDGE)
Reducer 4 <- Map 3 (SIMPLE_EDGE)

Stage-0
  Fetch Operator
    limit:-1
    Stage-1
      Reducer 2 vectorized, llap
      File Output Operator [FS_125]
        Select Operator [SEL_124] (rows=6 width=368)
          Output:["_col0","_col1","_col2","_col3","_col4","_col5"]
        <-Map 1 [SIMPLE_EDGE] vectorized, llap
          SHUFFLE [RS_123]
            Select Operator [SEL_122] (rows=6 width=368)
              Output:["_col0","_col1","_col2","_col3","_col4","_col5"]
              Map Join Operator [MAPJOIN_121] (rows=6 width=368)
                Conds:SEL_120._col0=RS_119._col1(Inner),Output:["_col1","_col2","_col3","_col4","_col5","_col7"]
              <-Reducer 4 [BROADCAST_EDGE] vectorized, llap
                BROADCAST [RS_119]
                  PartitionCols:_col1
                  Filter Operator [FIL_118] (rows=6 width=17)
                    predicate:_col2 BETWEEN 15L AND 20L
                    Select Operator [SEL_117] (rows=87801095 width=16)
                      Output:["_col0","_col1","_col2"]
                      Group By Operator [GBY_116] (rows=87801095 width=16)
                        Output:["_col0","_col1","_col2"],aggregations:["count(VALUE._col0)"],keys:KEY._col0, KEY._col1
                      <-Map 3 [SIMPLE_EDGE] vectorized, llap
                        SHUFFLE [RS_115]
                          PartitionCols:_col0, _col1
                          Group By Operator [GBY_114] (rows=87801095 width=16)
                            Output:["_col0","_col1","_col2"],aggregations:["count()"],keys:_col0, _col3
                            Map Join Operator [MAPJOIN_113] (rows=87801095 width=8)
                              Conds:MAPJOIN_112._col2=RS_108._col0(Inner),Output:["_col0","_col3"]
                            <-Map 7 [BROADCAST_EDGE] vectorized, llap
                              BROADCAST [RS_108]
                                PartitionCols:_col0
                                Select Operator [SEL_107] (rows=107 width=8)
                                  Output:["_col0"]
                                  Filter Operator [FIL_106] (rows=107 width=106)
                                    predicate:(s_county) IN ('Mobile County', 'Maverick County', 'Huron County', 'Kittitas County', 'Fairfield County', 'Jackson County', 'Barrow County', 'Pennington County')
                                    TableScan [TS_11] (rows=1704 width=106)
                                      tpcds_bin_partitioned_orc_30000@store,store, ACID table,Tbl:COMPLETE,Col:COMPLETE,Output:["s_store_sk","s_county"]
                            <-Map Join Operator [MAPJOIN_112] (rows=1396610885 width=8)
                                Conds:MAPJOIN_111._col1=RS_105._col0(Inner),Output:["_col0","_col2","_col3"]
                              <-Map 6 [BROADCAST_EDGE] vectorized, llap
                                BROADCAST [RS_105]
                                  PartitionCols:_col0
                                  Select Operator [SEL_104] (rows=960 width=8)
                                    Output:["_col0"]
                                    Filter Operator [FIL_103] (rows=960 width=108)
                                      predicate:((hd_vehicle_count > 0) and (hd_buy_potential) IN ('>10000         ', 'unknown        ') and CASE WHEN ((hd_vehicle_count > 0)) THEN (((UDFToDouble(hd_dep_count) / UDFToDouble(hd_vehicle_count)) > 1.2D)) ELSE (false) END)
                                      TableScan [TS_8] (rows=7200 width=108)
                                        tpcds_bin_partitioned_orc_30000@household_demographics,household_demographics, ACID table,Tbl:COMPLETE,Col:COMPLETE,Output:["hd_demo_sk","hd_buy_potential","hd_dep_count","hd_vehicle_count"]
                              <-Map Join Operator [MAPJOIN_111] (rows=10474581088 width=27)
                                  Conds:SEL_110._col4=RS_99._col0(Inner),Output:["_col0","_col1","_col2","_col3"]
                                <-Map 5 [BROADCAST_EDGE] vectorized, llap
                                  BROADCAST [RS_99]
                                    PartitionCols:_col0
                                    Select Operator [SEL_98] (rows=249 width=8)
                                      Output:["_col0"]
                                      Filter Operator [FIL_97] (rows=249 width=16)
                                        predicate:((d_year) IN (2000, 2001, 2002) and (d_dom BETWEEN 1 AND 3 or d_dom BETWEEN 25 AND 28) and ((d_dom >= 1) or (d_dom <= 3) or (d_dom >= 25) or (d_dom <= 28)))
                                        TableScan [TS_5] (rows=73049 width=16)
                                          tpcds_bin_partitioned_orc_30000@date_dim,date_dim, ACID table,Tbl:COMPLETE,Col:COMPLETE,Output:["d_date_sk","d_year","d_dom"]
                                  Dynamic Partitioning Event Operator [EVENT_102] (rows=124 width=8)
                                    Group By Operator [GBY_101] (rows=124 width=8)
                                      Output:["_col0"],keys:_col0
                                      Select Operator [SEL_100] (rows=249 width=8)
                                        Output:["_col0"]
                                         Please refer to the previous Select Operator [SEL_98]
                                <-Select Operator [SEL_110] (rows=76814649841 width=39)
                                    Output:["_col0","_col1","_col2","_col3","_col4"]
                                    Filter Operator [FIL_109] (rows=76814649841 width=39)
                                      predicate:(ss_hdemo_sk is not null and ss_customer_sk is not null and ss_store_sk is not null)
                                      TableScan [TS_2] (rows=82510879939 width=39)
                                        tpcds_bin_partitioned_orc_30000@store_sales,store_sales, ACID table,Tbl:COMPLETE,Col:COMPLETE,Output:["ss_customer_sk","ss_hdemo_sk","ss_store_sk","ss_ticket_number"]
              <-Select Operator [SEL_120] (rows=80000000 width=360)
                  Output:["_col0","_col1","_col2","_col3","_col4"]
                  TableScan [TS_0] (rows=80000000 width=360)
                    tpcds_bin_partitioned_orc_30000@customer,customer, ACID table,Tbl:COMPLETE,Col:COMPLETE,Output:["c_customer_sk","c_salutation","c_first_name","c_last_name","c_preferred_cust_flag"]

