Plan optimized by CBO.

Vertex dependency in root stage
Map 1 <- Map 10 (BROADCAST_EDGE), Map 8 (BROADCAST_EDGE), Map 9 (BROADCAST_EDGE)
Map 11 <- Reducer 7 (BROADCAST_EDGE)
Map 12 <- Reducer 6 (BROADCAST_EDGE)
Reducer 2 <- Map 1 (CUSTOM_SIMPLE_EDGE), Map 11 (CUSTOM_SIMPLE_EDGE)
Reducer 3 <- Map 12 (CUSTOM_SIMPLE_EDGE), Reducer 2 (CUSTOM_SIMPLE_EDGE)
Reducer 4 <- Reducer 3 (SIMPLE_EDGE)
Reducer 5 <- Reducer 4 (CUSTOM_SIMPLE_EDGE)
Reducer 6 <- Reducer 2 (CUSTOM_SIMPLE_EDGE)
Reducer 7 <- Map 1 (CUSTOM_SIMPLE_EDGE)

Stage-0
  Fetch Operator
    limit:-1
    Stage-1
      Reducer 5 vectorized, llap
      File Output Operator [FS_165]
        Group By Operator [GBY_164] (rows=1 width=232)
          Output:["_col0","_col1","_col2"],aggregations:["count(VALUE._col0)","sum(VALUE._col1)","sum(VALUE._col2)"]
        <-Reducer 4 [CUSTOM_SIMPLE_EDGE] vectorized, llap
          PARTITION_ONLY_SHUFFLE [RS_163]
            Group By Operator [GBY_162] (rows=1 width=232)
              Output:["_col0","_col1","_col2"],aggregations:["count(_col0)","sum(_col1)","sum(_col2)"]
              Group By Operator [GBY_161] (rows=8925676 width=232)
                Output:["_col0","_col1","_col2"],aggregations:["sum(VALUE._col0)","sum(VALUE._col1)"],keys:KEY._col0
              <-Reducer 3 [SIMPLE_EDGE] vectorized, llap
                SHUFFLE [RS_160]
                  PartitionCols:_col0
                  Group By Operator [GBY_159] (rows=8925676 width=232)
                    Output:["_col0","_col2","_col3"],aggregations:["sum(_col5)","sum(_col6)"],keys:_col4
                    Map Join Operator [MAPJOIN_158] (rows=17851352 width=120)
                      Conds:RS_35.KEY.reducesinkkey0=RS_157.KEY.reducesinkkey0(Anti),DynamicPartitionHashJoin:true,Output:["_col4","_col5","_col6"]
                    <-Map 12 [CUSTOM_SIMPLE_EDGE] vectorized, llap
                      PARTITION_ONLY_SHUFFLE [RS_157]
                        PartitionCols:_col0
                        Group By Operator [GBY_156] (rows=4320980099 width=8)
                          Output:["_col0"],keys:_col0
                          Select Operator [SEL_155] (rows=4320980099 width=8)
                            Output:["_col0"]
                            Filter Operator [FIL_154] (rows=4320980099 width=8)
                              predicate:(cr_order_number BETWEEN DynamicValue(RS_35_cs1_cs_order_number_min) AND DynamicValue(RS_35_cs1_cs_order_number_max) and in_bloom_filter(cr_order_number, DynamicValue(RS_35_cs1_cs_order_number_bloom_filter)))
                              TableScan [TS_25] (rows=4320980099 width=8)
                                tpcds_bin_partitioned_orc_30000@catalog_returns,cr1, ACID table,Tbl:COMPLETE,Col:COMPLETE,Output:["cr_order_number"]
                              <-Reducer 6 [BROADCAST_EDGE] vectorized, llap
                                BROADCAST [RS_153]
                                  Group By Operator [GBY_152] (rows=1 width=24)
                                    Output:["_col0","_col1","_col2"],aggregations:["min(VALUE._col0)","max(VALUE._col1)","bloom_filter(VALUE._col2, expectedEntries=1869746)"]
                                  <-Reducer 2 [CUSTOM_SIMPLE_EDGE] llap
                                    PARTITION_ONLY_SHUFFLE [RS_113]
                                      Group By Operator [GBY_112] (rows=1 width=24)
                                        Output:["_col0","_col1","_col2"],aggregations:["min(_col0)","max(_col0)","bloom_filter(_col0, expectedEntries=1869746)"]
                                        Select Operator [SEL_111] (rows=17851352 width=16)
                                          Output:["_col0"]
                                          Select Operator [SEL_32] (rows=17851352 width=120)
                                            Output:["_col4","_col5","_col6"]
                                            Map Join Operator [MAPJOIN_121] (rows=17851352 width=120)
                                              Conds:RS_142.KEY.reducesinkkey0=RS_151.KEY.reducesinkkey0(Left Semi),DynamicPartitionHashJoin:true,Output:["_col3","_col4","_col5","_col6","_col14"],residual filter predicates:{(_col3 <> _col14)}
                                            <-Map 11 [CUSTOM_SIMPLE_EDGE] vectorized, llap
                                              PARTITION_ONLY_SHUFFLE [RS_151]
                                                PartitionCols:_col0
                                                Group By Operator [GBY_150] (rows=43005584639 width=15)
                                                  Output:["_col0","_col1"],keys:_col0, _col1
                                                  Select Operator [SEL_149] (rows=43005584639 width=15)
                                                    Output:["_col0","_col1"]
                                                    Filter Operator [FIL_148] (rows=43005584639 width=15)
                                                      predicate:(cs_warehouse_sk is not null and cs_order_number BETWEEN DynamicValue(RS_29_cs1_cs_order_number_min) AND DynamicValue(RS_29_cs1_cs_order_number_max) and in_bloom_filter(cs_order_number, DynamicValue(RS_29_cs1_cs_order_number_bloom_filter)))
                                                      TableScan [TS_22] (rows=43220864887 width=15)
                                                        tpcds_bin_partitioned_orc_30000@catalog_sales,cs2, ACID table,Tbl:COMPLETE,Col:COMPLETE,Output:["cs_warehouse_sk","cs_order_number"]
                                                      <-Reducer 7 [BROADCAST_EDGE] vectorized, llap
                                                        BROADCAST [RS_147]
                                                          Group By Operator [GBY_146] (rows=1 width=24)
                                                            Output:["_col0","_col1","_col2"],aggregations:["min(VALUE._col0)","max(VALUE._col1)","bloom_filter(VALUE._col2, expectedEntries=1869746)"]
                                                          <-Map 1 [CUSTOM_SIMPLE_EDGE] vectorized, llap
                                                            PARTITION_ONLY_SHUFFLE [RS_145]
                                                              Group By Operator [GBY_144] (rows=1 width=24)
                                                                Output:["_col0","_col1","_col2"],aggregations:["min(_col0)","max(_col0)","bloom_filter(_col0, expectedEntries=1869746)"]
                                                                Select Operator [SEL_143] (rows=17851352 width=16)
                                                                  Output:["_col0"]
                                                                  Map Join Operator [MAPJOIN_141] (rows=17851352 width=120)
                                                                    Conds:MAPJOIN_140._col0=RS_136._col0(Inner),Output:["_col3","_col4","_col5","_col6"]
                                                                  <-Map 10 [BROADCAST_EDGE] vectorized, llap
                                                                    BROADCAST [RS_136]
                                                                      PartitionCols:_col0
                                                                      Select Operator [SEL_135] (rows=8116 width=64)
                                                                        Output:["_col0"]
                                                                        Filter Operator [FIL_134] (rows=8116 width=64)
                                                                          predicate:CAST( d_date AS TIMESTAMP) BETWEEN TIMESTAMP'2001-04-01 00:00:00' AND TIMESTAMP'2001-05-31 00:00:00'
                                                                          TableScan [TS_9] (rows=73049 width=64)
                                                                            tpcds_bin_partitioned_orc_30000@date_dim,date_dim, ACID table,Tbl:COMPLETE,Col:COMPLETE,Output:["d_date_sk","d_date"]
                                                                  <-Map Join Operator [MAPJOIN_140] (rows=160673164 width=120)
                                                                      Conds:MAPJOIN_139._col2=RS_133._col0(Inner),Output:["_col0","_col3","_col4","_col5","_col6"]
                                                                    <-Map 9 [BROADCAST_EDGE] vectorized, llap
                                                                      BROADCAST [RS_133]
                                                                        PartitionCols:_col0
                                                                        Select Operator [SEL_132] (rows=12 width=106)
                                                                          Output:["_col0"]
                                                                          Filter Operator [FIL_131] (rows=12 width=106)
                                                                            predicate:(cc_county) IN ('Ziebach County', 'Levy County', 'Huron County', 'Franklin Parish', 'Daviess County')
                                                                            TableScan [TS_6] (rows=60 width=106)
                                                                              tpcds_bin_partitioned_orc_30000@call_center,call_center, ACID table,Tbl:COMPLETE,Col:COMPLETE,Output:["cc_call_center_sk","cc_county"]
                                                                    <-Map Join Operator [MAPJOIN_139] (rows=803365808 width=219)
                                                                        Conds:SEL_138._col1=RS_130._col0(Inner),Output:["_col0","_col2","_col3","_col4","_col5","_col6"]
                                                                      <-Map 8 [BROADCAST_EDGE] vectorized, llap
                                                                        BROADCAST [RS_130]
                                                                          PartitionCols:_col0
                                                                          Select Operator [SEL_129] (rows=754717 width=94)
                                                                            Output:["_col0"]
                                                                            Filter Operator [FIL_128] (rows=754717 width=94)
                                                                              predicate:(ca_state = 'NY')
                                                                              TableScan [TS_3] (rows=40000000 width=94)
                                                                                tpcds_bin_partitioned_orc_30000@customer_address,customer_address, ACID table,Tbl:COMPLETE,Col:COMPLETE,Output:["ca_address_sk","ca_state"]
                                                                      <-Select Operator [SEL_138] (rows=42578387146 width=263)
                                                                          Output:["_col0","_col1","_col2","_col3","_col4","_col5","_col6"]
                                                                          Filter Operator [FIL_137] (rows=42578387146 width=263)
                                                                            predicate:(cs_ship_addr_sk is not null and cs_ship_date_sk is not null and cs_call_center_sk is not null)
                                                                            TableScan [TS_0] (rows=43220864887 width=263)
                                                                              tpcds_bin_partitioned_orc_30000@catalog_sales,cs1, ACID table,Tbl:COMPLETE,Col:COMPLETE,Output:["cs_ship_date_sk","cs_ship_addr_sk","cs_call_center_sk","cs_warehouse_sk","cs_order_number","cs_ext_ship_cost","cs_net_profit"]
                                            <-Map 1 [CUSTOM_SIMPLE_EDGE] vectorized, llap
                                              PARTITION_ONLY_SHUFFLE [RS_142]
                                                PartitionCols:_col4
                                                 Please refer to the previous Map Join Operator [MAPJOIN_141]
                    <-Reducer 2 [CUSTOM_SIMPLE_EDGE] llap
                      PARTITION_ONLY_SHUFFLE [RS_35]
                        PartitionCols:_col4
                         Please refer to the previous Select Operator [SEL_32]

