Plan optimized by CBO.

Vertex dependency in root stage
Map 1 <- Map 4 (BROADCAST_EDGE), Map 5 (BROADCAST_EDGE)
Reducer 2 <- Map 1 (SIMPLE_EDGE)
Reducer 3 <- Reducer 2 (SIMPLE_EDGE)

Stage-0
  Fetch Operator
    limit:100
    Stage-1
      Reducer 3 vectorized, llap
      File Output Operator [FS_78]
        Limit [LIM_77] (rows=100 width=972)
          Number of rows:100
          Select Operator [SEL_76] (rows=3751 width=972)
            Output:["_col0","_col1","_col2","_col3","_col4","_col5","_col6","_col7","_col8"]
          <-Reducer 2 [SIMPLE_EDGE] vectorized, llap
            SHUFFLE [RS_75]
              Top N Key Operator [TNK_74] (rows=3751 width=972)
                keys:_col0, _col1, _col2, _col3, _col4, _col5, _col6, _col7, _col8,top n:100
                Group By Operator [GBY_73] (rows=3751 width=972)
                  Output:["_col0","_col1","_col2","_col3","_col4","_col5","_col6","_col7","_col8"],aggregations:["sum(VALUE._col0)","sum(VALUE._col1)","sum(VALUE._col2)","sum(VALUE._col3)","sum(VALUE._col4)","sum(VALUE._col5)","sum(VALUE._col6)"],keys:KEY._col0, KEY._col1
                <-Map 1 [SIMPLE_EDGE] vectorized, llap
                  SHUFFLE [RS_72]
                    PartitionCols:_col0, _col1
                    Group By Operator [GBY_71] (rows=12479577 width=972)
                      Output:["_col0","_col1","_col2","_col3","_col4","_col5","_col6","_col7","_col8"],aggregations:["sum(_col2)","sum(_col3)","sum(_col4)","sum(_col5)","sum(_col6)","sum(_col7)","sum(_col8)"],keys:_col0, _col1
                      Select Operator [SEL_70] (rows=3244319959 width=262)
                        Output:["_col0","_col1","_col2","_col3","_col4","_col5","_col6","_col7","_col8"]
                        Top N Key Operator [TNK_69] (rows=3244319959 width=262)
                          keys:_col13, _col12,top n:100
                          Map Join Operator [MAPJOIN_68] (rows=3244319959 width=262)
                            Conds:MAPJOIN_67._col0=RS_64._col0(Inner),Output:["_col1","_col4","_col5","_col6","_col7","_col8","_col9","_col10","_col12","_col13"]
                          <-Map 5 [BROADCAST_EDGE] vectorized, llap
                            BROADCAST [RS_64]
                              PartitionCols:_col0
                              Select Operator [SEL_63] (rows=341 width=196)
                                Output:["_col0","_col1","_col2"]
                                Filter Operator [FIL_62] (rows=341 width=307)
                                  predicate:(s_gmt_offset = -6)
                                  TableScan [TS_6] (rows=1704 width=307)
                                    tpcds_bin_partitioned_orc_30000@store,store, ACID table,Tbl:COMPLETE,Col:COMPLETE,Output:["s_store_sk","s_store_id","s_store_name","s_gmt_offset"]
                          <-Map Join Operator [MAPJOIN_67] (rows=16193047015 width=133)
                              Conds:SEL_66._col2=RS_58._col0(Inner),Output:["_col0","_col1","_col4","_col5","_col6","_col7","_col8","_col9","_col10"]
                            <-Map 4 [BROADCAST_EDGE] vectorized, llap
                              BROADCAST [RS_58]
                                PartitionCols:_col0
                                Select Operator [SEL_57] (rows=367 width=36)
                                  Output:["_col0","_col1","_col2","_col3","_col4","_col5","_col6","_col7"]
                                  Filter Operator [FIL_56] (rows=367 width=103)
                                    predicate:(d_year = 1998)
                                    TableScan [TS_3] (rows=73049 width=103)
                                      tpcds_bin_partitioned_orc_30000@date_dim,date_dim, ACID table,Tbl:COMPLETE,Col:COMPLETE,Output:["d_date_sk","d_year","d_day_name"]
                              Dynamic Partitioning Event Operator [EVENT_61] (rows=183 width=8)
                                Group By Operator [GBY_60] (rows=183 width=8)
                                  Output:["_col0"],keys:_col0
                                  Select Operator [SEL_59] (rows=367 width=8)
                                    Output:["_col0"]
                                     Please refer to the previous Select Operator [SEL_57]
                            <-Select Operator [SEL_66] (rows=80569240632 width=125)
                                Output:["_col0","_col1","_col2"]
                                Filter Operator [FIL_65] (rows=80569240632 width=125)
                                  predicate:ss_store_sk is not null
                                  TableScan [TS_0] (rows=82510879939 width=125)
                                    tpcds_bin_partitioned_orc_30000@store_sales,store_sales, ACID table,Tbl:COMPLETE,Col:COMPLETE,Output:["ss_store_sk","ss_sales_price"]

