Plan optimized by CBO.

Vertex dependency in root stage
Map 1 <- Map 3 (BROADCAST_EDGE)
Map 4 <- Reducer 2 (BROADCAST_EDGE)
Reducer 2 <- Map 1 (CUSTOM_SIMPLE_EDGE)
Reducer 5 <- Map 1 (CUSTOM_SIMPLE_EDGE), Map 4 (CUSTOM_SIMPLE_EDGE)
Reducer 6 <- Reducer 5 (SIMPLE_EDGE)
Reducer 7 <- Reducer 6 (SIMPLE_EDGE)

Stage-0
  Fetch Operator
    limit:100
    Stage-1
      Reducer 7 vectorized, llap
      File Output Operator [FS_101]
        Limit [LIM_100] (rows=100 width=112)
          Number of rows:100
          Select Operator [SEL_99] (rows=1256706 width=104)
            Output:["_col0","_col1"]
          <-Reducer 6 [SIMPLE_EDGE] vectorized, llap
            SHUFFLE [RS_98]
              Top N Key Operator [TNK_97] (rows=1256706 width=112)
                keys:_col1, _col0,top n:100
                Group By Operator [GBY_96] (rows=1256706 width=112)
                  Output:["_col0","_col1"],aggregations:["sum(VALUE._col0)"],keys:KEY._col0
                <-Reducer 5 [SIMPLE_EDGE] vectorized, llap
                  SHUFFLE [RS_95]
                    PartitionCols:_col0
                    Group By Operator [GBY_94] (rows=25134120 width=112)
                      Output:["_col0","_col1"],aggregations:["sum(_col1)"],keys:_col0
                      Select Operator [SEL_93] (rows=1382795827 width=3)
                        Output:["_col0","_col1"]
                        Map Join Operator [MAPJOIN_92] (rows=1382795827 width=3)
                          Conds:RS_83.KEY.reducesinkkey0, KEY.reducesinkkey1=RS_91.KEY.reducesinkkey0, KEY.reducesinkkey1(Inner),DynamicPartitionHashJoin:true,Output:["_col3","_col6","_col8","_col9"]
                        <-Map 1 [CUSTOM_SIMPLE_EDGE] vectorized, llap
                          PARTITION_ONLY_SHUFFLE [RS_83]
                            PartitionCols:_col0, _col2
                            Map Join Operator [MAPJOIN_82] (rows=115734961 width=16)
                              Conds:SEL_81._col1=RS_79._col0(Inner),Output:["_col0","_col2","_col3"]
                            <-Map 3 [BROADCAST_EDGE] vectorized, llap
                              BROADCAST [RS_79]
                                PartitionCols:_col0
                                Select Operator [SEL_78] (rows=1 width=8)
                                  Output:["_col0"]
                                  Filter Operator [FIL_77] (rows=1 width=105)
                                    predicate:(r_reason_desc = 'Did not like the warranty                                                                           ')
                                    TableScan [TS_3] (rows=72 width=105)
                                      tpcds_bin_partitioned_orc_30000@reason,reason, ACID table,Tbl:COMPLETE,Col:COMPLETE,Output:["r_reason_sk","r_reason_desc"]
                            <-Select Operator [SEL_81] (rows=8332917100 width=27)
                                Output:["_col0","_col1","_col2","_col3"]
                                Filter Operator [FIL_80] (rows=8332917100 width=27)
                                  predicate:sr_reason_sk is not null
                                  TableScan [TS_0] (rows=8634166995 width=27)
                                    tpcds_bin_partitioned_orc_30000@store_returns,store_returns, ACID table,Tbl:COMPLETE,Col:COMPLETE,Output:["sr_item_sk","sr_reason_sk","sr_ticket_number","sr_return_quantity"]
                        <-Map 4 [CUSTOM_SIMPLE_EDGE] vectorized, llap
                          PARTITION_ONLY_SHUFFLE [RS_91]
                            PartitionCols:_col0, _col2
                            Select Operator [SEL_90] (rows=86404891377 width=134)
                              Output:["_col0","_col1","_col2","_col3","_col4"]
                              Filter Operator [FIL_89] (rows=86404891377 width=134)
                                predicate:(ss_item_sk BETWEEN DynamicValue(RS[72]_col0) AND DynamicValue(RS[72]_col1) and ss_ticket_number BETWEEN DynamicValue(RS[72]_col2) AND DynamicValue(RS[72]_col3) and in_bloom_filter(hash(ss_item_sk,ss_ticket_number), DynamicValue(RS[72]_col4)))
                                TableScan [TS_6] (rows=86404891377 width=134)
                                  tpcds_bin_partitioned_orc_30000@store_sales,store_sales, ACID table,Tbl:COMPLETE,Col:COMPLETE,Output:["ss_item_sk","ss_customer_sk","ss_ticket_number","ss_quantity","ss_sales_price"]
                                <-Reducer 2 [BROADCAST_EDGE] vectorized, llap
                                  BROADCAST [RS_88]
                                    Group By Operator [GBY_87] (rows=1 width=176)
                                      Output:["_col0","_col1","_col2","_col3","_col4"],aggregations:["min(VALUE._col0)","max(VALUE._col1)","min(VALUE._col2)","max(VALUE._col3)","bloom_filter(VALUE._col4, expectedEntries=1000000)"]

