FAILED: SemanticException [Error 10014]: Line 1:7 Wrong arguments '2': LESS THAN does not support MAP types
