FAILED: SemanticException Line 0:-1 Wrong arguments '4': The arguments for IN should be the same type! Types are: {map<int,int> IN (map<string,int>, map<string,int>, map<string,int>)}
