Plan optimized by CBO.

Vertex dependency in root stage
Map 1 <- Map 3 (BROADCAST_EDGE), Map 4 (BROADCAST_EDGE), Map 5 (BROADCAST_EDGE)
Reducer 2 <- Map 1 (CUSTOM_SIMPLE_EDGE)

Stage-0
  Fetch Operator
    limit:-1
    Stage-1
      Reducer 2 vectorized, llap
      File Output Operator [FS_92]
        Group By Operator [GBY_91] (rows=1 width=8)
          Output:["_col0"],aggregations:["sum(VALUE._col0)"]
        <-Map 1 [CUSTOM_SIMPLE_EDGE] vectorized, llap
          PARTITION_ONLY_SHUFFLE [RS_90]
            Group By Operator [GBY_89] (rows=1 width=8)
              Output:["_col0"],aggregations:["sum(_col2)"]
              Select Operator [SEL_88] (rows=28087794 width=24)
                Output:["_col2"]
                Filter Operator [FIL_87] (rows=28087794 width=24)
                  predicate:((_col10 and _col4) or (_col11 and _col5) or (_col12 and _col6))
                  Map Join Operator [MAPJOIN_86] (rows=37450393 width=24)
                    Conds:MAPJOIN_85._col1=RS_81._col0(Inner),Output:["_col2","_col4","_col5","_col6","_col10","_col11","_col12"]
                  <-Map 5 [BROADCAST_EDGE] vectorized, llap
                    BROADCAST [RS_81]
                      PartitionCols:_col0
                      Select Operator [SEL_80] (rows=3396227 width=20)
                        Output:["_col0","_col1","_col2","_col3"]
                        Filter Operator [FIL_79] (rows=3396227 width=191)
                          predicate:((ca_state) IN ('KY', 'GA', 'NM', 'MT', 'OR', 'IN', 'WI', 'MO', 'WV') and (ca_country = 'United States'))
                          TableScan [TS_9] (rows=40000000 width=191)
                            default@customer_address,customer_address, ACID table,Tbl:COMPLETE,Col:COMPLETE,Output:["ca_address_sk","ca_state","ca_country"]
                  <-Map Join Operator [MAPJOIN_85] (rows=441082313 width=12)
                      Conds:MAPJOIN_84._col0=RS_78._col0(Inner),Output:["_col1","_col2","_col4","_col5","_col6"]
                    <-Map 4 [BROADCAST_EDGE] vectorized, llap
                      BROADCAST [RS_78]
                        PartitionCols:_col0
                        Select Operator [SEL_77] (rows=54880 width=8)
                          Output:["_col0"]
                          Filter Operator [FIL_76] (rows=54880 width=187)
                            predicate:((cd_marital_status = 'M') and (cd_education_status = '4 yr Degree         '))
                            TableScan [TS_6] (rows=1920800 width=187)
                              default@customer_demographics,customer_demographics, ACID table,Tbl:COMPLETE,Col:COMPLETE,Output:["cd_demo_sk","cd_marital_status","cd_education_status"]
                    <-Map Join Operator [MAPJOIN_84] (rows=15437880863 width=29)
                        Conds:SEL_83._col3=RS_72._col0(Inner),Output:["_col0","_col1","_col2","_col4","_col5","_col6"]
                      <-Map 3 [BROADCAST_EDGE] vectorized, llap
                        BROADCAST [RS_72]
                          PartitionCols:_col0
                          Select Operator [SEL_71] (rows=367 width=8)
                            Output:["_col0"]
                            Filter Operator [FIL_70] (rows=367 width=12)
                              predicate:(d_year = 1998)
                              TableScan [TS_3] (rows=73049 width=12)
                                default@date_dim,date_dim, ACID table,Tbl:COMPLETE,Col:COMPLETE,Output:["d_date_sk","d_year"]
                        Dynamic Partitioning Event Operator [EVENT_75] (rows=183 width=8)
                          Group By Operator [GBY_74] (rows=183 width=8)
                            Output:["_col0"],keys:_col0
                            Select Operator [SEL_73] (rows=367 width=8)
                              Output:["_col0"]
                               Please refer to the previous Select Operator [SEL_71]
                      <-Select Operator [SEL_83] (rows=76811877158 width=39)
                          Output:["_col0","_col1","_col2","_col3","_col4","_col5","_col6"]
                          Filter Operator [FIL_82] (rows=76811877158 width=254)
                            predicate:((ss_sales_price BETWEEN 100 AND 150 or ss_sales_price BETWEEN 50 AND 100 or ss_sales_price BETWEEN 150 AND 200) and ss_cdemo_sk is not null and ss_addr_sk is not null and ss_store_sk is not null and ((ss_sales_price >= 100) or (ss_sales_price <= 150) or (ss_sales_price >= 50) or (ss_sales_price <= 100) or (ss_sales_price >= 150) or (ss_sales_price <= 200)) and ((ss_net_profit >= 0) or (ss_net_profit <= 2000) or (ss_net_profit >= 150) or (ss_net_profit <= 3000) or (ss_net_profit >= 50) or (ss_net_profit <= 25000)))
                            TableScan [TS_0] (rows=82510879939 width=254)
                              default@store_sales,store_sales, ACID table,Tbl:COMPLETE,Col:COMPLETE,Output:["ss_cdemo_sk","ss_addr_sk","ss_store_sk","ss_quantity","ss_sales_price","ss_net_profit"]

