Plan optimized by CBO.

Vertex dependency in root stage
Map 1 <- Map 6 (BROADCAST_EDGE), Map 7 (BROADCAST_EDGE), Map 8 (BROADCAST_EDGE)
Map 11 <- Map 6 (BROADCAST_EDGE), Map 7 (BROADCAST_EDGE), Map 8 (BROADCAST_EDGE)
Map 13 <- Map 6 (BROADCAST_EDGE), Map 7 (BROADCAST_EDGE), Map 8 (BROADCAST_EDGE)
Map 8 <- Reducer 10 (BROADCAST_EDGE)
Reducer 10 <- Map 9 (SIMPLE_EDGE)
Reducer 12 <- Map 11 (SIMPLE_EDGE), Union 3 (CONTAINS)
Reducer 14 <- Map 13 (SIMPLE_EDGE), Union 3 (CONTAINS)
Reducer 2 <- Map 1 (SIMPLE_EDGE), Union 3 (CONTAINS)
Reducer 4 <- Union 3 (SIMPLE_EDGE)
Reducer 5 <- Reducer 4 (SIMPLE_EDGE)

Stage-0
  Fetch Operator
    limit:100
    Stage-1
      Reducer 5 vectorized, llap
      File Output Operator [FS_358]
        Limit [LIM_357] (rows=100 width=212)
          Number of rows:100
          Select Operator [SEL_356] (rows=215 width=212)
            Output:["_col0","_col1"]
          <-Reducer 4 [SIMPLE_EDGE] vectorized, llap
            SHUFFLE [RS_355]
              Top N Key Operator [TNK_354] (rows=215 width=212)
                keys:_col1,top n:100
                Group By Operator [GBY_353] (rows=215 width=212)
                  Output:["_col0","_col1"],aggregations:["sum(VALUE._col0)"],keys:KEY._col0
                <-Union 3 [SIMPLE_EDGE]
                  <-Reducer 12 [CONTAINS] vectorized, llap
                    Reduce Output Operator [RS_368]
                      PartitionCols:_col0
                      Group By Operator [GBY_367] (rows=215 width=212)
                        Output:["_col0","_col1"],aggregations:["sum(_col1)"],keys:_col0
                        Group By Operator [GBY_366] (rows=215 width=212)
                          Output:["_col0","_col1"],aggregations:["sum(VALUE._col0)"],keys:KEY._col0
                        <-Map 11 [SIMPLE_EDGE] vectorized, llap
                          SHUFFLE [RS_365]
                            PartitionCols:_col0
                            Group By Operator [GBY_364] (rows=215 width=212)
                              Output:["_col0","_col1"],aggregations:["sum(_col2)"],keys:_col7
                              Map Join Operator [MAPJOIN_363] (rows=1902769 width=100)
                                Conds:MAPJOIN_362._col1=RS_341._col0(Inner),Output:["_col2","_col7"]
                              <-Map 8 [BROADCAST_EDGE] vectorized, llap
                                BROADCAST [RS_341]
                                  PartitionCols:_col0
                                  Map Join Operator [MAPJOIN_339] (rows=13614 width=108)
                                    Conds:SEL_338._col1=RS_337._col0(Inner),Output:["_col0","_col1"]
                                  <-Reducer 10 [BROADCAST_EDGE] vectorized, llap
                                    BROADCAST [RS_337]
                                      PartitionCols:_col0
                                      Group By Operator [GBY_336] (rows=7294 width=100)
                                        Output:["_col0"],keys:KEY._col0
                                      <-Map 9 [SIMPLE_EDGE] vectorized, llap
                                        SHUFFLE [RS_335]
                                          PartitionCols:_col0
                                          Group By Operator [GBY_334] (rows=7294 width=100)
                                            Output:["_col0"],keys:i_item_id
                                            Select Operator [SEL_333] (rows=14589 width=189)
                                              Output:["i_item_id"]
                                              Filter Operator [FIL_332] (rows=14589 width=189)
                                                predicate:(i_color) IN ('orchid              ', 'chiffon             ', 'lace                ')
                                                TableScan [TS_11] (rows=462000 width=189)
                                                  default@item,item, ACID table,Tbl:COMPLETE,Col:COMPLETE,Output:["i_item_id","i_color"]
                                  <-Select Operator [SEL_338] (rows=462000 width=108)
                                      Output:["_col0","_col1"]
                                      TableScan [TS_9] (rows=462000 width=108)
                                        default@item,item, ACID table,Tbl:COMPLETE,Col:COMPLETE,Output:["i_item_sk","i_item_id"]
                              <-Map Join Operator [MAPJOIN_362] (rows=120520838 width=20)
                                  Conds:MAPJOIN_361._col0=RS_330._col0(Inner),Output:["_col1","_col2"]
                                <-Map 7 [BROADCAST_EDGE] vectorized, llap
                                  BROADCAST [RS_330]
                                    PartitionCols:_col0
                                    Select Operator [SEL_328] (rows=6666667 width=8)
                                      Output:["_col0"]
                                      Filter Operator [FIL_327] (rows=6666667 width=116)
                                        predicate:(ca_gmt_offset = -8)
                                        TableScan [TS_6] (rows=40000000 width=116)
                                          default@customer_address,customer_address, ACID table,Tbl:COMPLETE,Col:COMPLETE,Output:["ca_address_sk","ca_gmt_offset"]
                                <-Map Join Operator [MAPJOIN_361] (rows=723125004 width=110)
                                    Conds:SEL_360._col3=RS_317._col0(Inner),Output:["_col0","_col1","_col2"]
                                  <-Map 6 [BROADCAST_EDGE] vectorized, llap
                                    BROADCAST [RS_317]
                                      PartitionCols:_col0
                                      Select Operator [SEL_314] (rows=31 width=8)
                                        Output:["_col0"]
                                        Filter Operator [FIL_313] (rows=31 width=16)
                                          predicate:((d_year = 2000) and (d_moy = 1))
                                          TableScan [TS_3] (rows=73049 width=16)
                                            default@date_dim,date_dim, ACID table,Tbl:COMPLETE,Col:COMPLETE,Output:["d_date_sk","d_year","d_moy"]
                                  <-Select Operator [SEL_360] (rows=42898229145 width=135)
                                      Output:["_col0","_col1","_col2","_col3"]
                                      Filter Operator [FIL_359] (rows=42898229145 width=135)
                                        predicate:cs_bill_addr_sk is not null
                                        TableScan [TS_36] (rows=43005109025 width=135)
                                          default@catalog_sales,catalog_sales, ACID table,Tbl:COMPLETE,Col:COMPLETE,Output:["cs_bill_addr_sk","cs_item_sk","cs_ext_sales_price"]
                  <-Reducer 14 [CONTAINS] vectorized, llap
                    Reduce Output Operator [RS_378]
                      PartitionCols:_col0
                      Group By Operator [GBY_377] (rows=215 width=212)
                        Output:["_col0","_col1"],aggregations:["sum(_col1)"],keys:_col0
                        Group By Operator [GBY_376] (rows=215 width=212)
                          Output:["_col0","_col1"],aggregations:["sum(VALUE._col0)"],keys:KEY._col0
                        <-Map 13 [SIMPLE_EDGE] vectorized, llap
                          SHUFFLE [RS_375]
                            PartitionCols:_col0
                            Group By Operator [GBY_374] (rows=215 width=212)
                              Output:["_col0","_col1"],aggregations:["sum(_col2)"],keys:_col7
                              Map Join Operator [MAPJOIN_373] (rows=964538 width=100)
                                Conds:MAPJOIN_372._col0=RS_342._col0(Inner),Output:["_col2","_col7"]
                              <-Map 8 [BROADCAST_EDGE] vectorized, llap
                                BROADCAST [RS_342]
                                  PartitionCols:_col0
                                   Please refer to the previous Map Join Operator [MAPJOIN_339]
                              <-Map Join Operator [MAPJOIN_372] (rows=61093544 width=115)
                                  Conds:MAPJOIN_371._col1=RS_331._col0(Inner),Output:["_col0","_col2"]
                                <-Map 7 [BROADCAST_EDGE] vectorized, llap
                                  BROADCAST [RS_331]
                                    PartitionCols:_col0
                                     Please refer to the previous Select Operator [SEL_328]
                                <-Map Join Operator [MAPJOIN_371] (rows=366561252 width=127)
                                    Conds:SEL_370._col3=RS_319._col0(Inner),Output:["_col0","_col1","_col2"]
                                  <-Map 6 [BROADCAST_EDGE] vectorized, llap
                                    BROADCAST [RS_319]
                                      PartitionCols:_col0
                                       Please refer to the previous Select Operator [SEL_314]
                                  <-Select Operator [SEL_370] (rows=21591937227 width=135)
                                      Output:["_col0","_col1","_col2","_col3"]
                                      Filter Operator [FIL_369] (rows=21591937227 width=135)
                                        predicate:ws_bill_addr_sk is not null
                                        TableScan [TS_73] (rows=21594638446 width=135)
                                          default@web_sales,web_sales, ACID table,Tbl:COMPLETE,Col:COMPLETE,Output:["ws_item_sk","ws_bill_addr_sk","ws_ext_sales_price"]
                  <-Reducer 2 [CONTAINS] vectorized, llap
                    Reduce Output Operator [RS_352]
                      PartitionCols:_col0
                      Group By Operator [GBY_351] (rows=215 width=212)
                        Output:["_col0","_col1"],aggregations:["sum(_col1)"],keys:_col0
                        Group By Operator [GBY_350] (rows=215 width=212)
                          Output:["_col0","_col1"],aggregations:["sum(VALUE._col0)"],keys:KEY._col0
                        <-Map 1 [SIMPLE_EDGE] vectorized, llap
                          SHUFFLE [RS_349]
                            PartitionCols:_col0
                            Group By Operator [GBY_348] (rows=430 width=212)
                              Output:["_col0","_col1"],aggregations:["sum(_col2)"],keys:_col7
                              Map Join Operator [MAPJOIN_347] (rows=3598892 width=100)
                                Conds:MAPJOIN_346._col0=RS_340._col0(Inner),Output:["_col2","_col7"]
                              <-Map 8 [BROADCAST_EDGE] vectorized, llap
                                BROADCAST [RS_340]
                                  PartitionCols:_col0
                                   Please refer to the previous Map Join Operator [MAPJOIN_339]
                              <-Map Join Operator [MAPJOIN_346] (rows=227952808 width=8)
                                  Conds:MAPJOIN_345._col1=RS_329._col0(Inner),Output:["_col0","_col2"]
                                <-Map 7 [BROADCAST_EDGE] vectorized, llap
                                  BROADCAST [RS_329]
                                    PartitionCols:_col0
                                     Please refer to the previous Select Operator [SEL_328]
                                <-Map Join Operator [MAPJOIN_345] (rows=1367716804 width=8)
                                    Conds:SEL_344._col3=RS_315._col0(Inner),Output:["_col0","_col1","_col2"]
                                  <-Map 6 [BROADCAST_EDGE] vectorized, llap
                                    BROADCAST [RS_315]
                                      PartitionCols:_col0
                                       Please refer to the previous Select Operator [SEL_314]
                                  <-Select Operator [SEL_344] (rows=80564040039 width=133)
                                      Output:["_col0","_col1","_col2","_col3"]
                                      Filter Operator [FIL_343] (rows=80564040039 width=133)
                                        predicate:ss_addr_sk is not null
                                        TableScan [TS_0] (rows=82510879939 width=133)
                                          default@store_sales,store_sales, ACID table,Tbl:COMPLETE,Col:COMPLETE,Output:["ss_item_sk","ss_addr_sk","ss_ext_sales_price"]

