Plan optimized by CBO.

Vertex dependency in root stage
Map 10 <- Map 11 (BROADCAST_EDGE), Map 12 (BROADCAST_EDGE), Union 3 (CONTAINS)
Map 2 <- Map 1 (BROADCAST_EDGE), Map 6 (BROADCAST_EDGE), Union 3 (CONTAINS)
Map 7 <- Map 8 (BROADCAST_EDGE), Map 9 (BROADCAST_EDGE), Union 3 (CONTAINS)
Reducer 4 <- Union 3 (SIMPLE_EDGE)
Reducer 5 <- Reducer 4 (SIMPLE_EDGE)

Stage-0
  Fetch Operator
    limit:100
    Stage-1
      Reducer 5 vectorized, llap
      File Output Operator [FS_198]
        Limit [LIM_197] (rows=100 width=408)
          Number of rows:100
          Select Operator [SEL_196] (rows=8756 width=408)
            Output:["_col0","_col1","_col2","_col3","_col4","_col5","_col6"]
          <-Reducer 4 [SIMPLE_EDGE] vectorized, llap
            SHUFFLE [RS_195]
              Group By Operator [GBY_194] (rows=8756 width=408)
                Output:["_col0","_col1","_col2","_col3","_col4","_col5","_col6"],aggregations:["count(VALUE._col0)","sum(VALUE._col1)"],keys:KEY._col0, KEY._col1, KEY._col2, KEY._col3, KEY._col4
              <-Union 3 [SIMPLE_EDGE]
                <-Map 10 [CONTAINS] vectorized, llap
                  Reduce Output Operator [RS_228]
                    PartitionCols:_col0, _col1, _col2, _col3, _col4
                    Group By Operator [GBY_227] (rows=27502596 width=408)
                      Output:["_col0","_col1","_col2","_col3","_col4","_col5","_col6"],aggregations:["count()","sum(_col5)"],keys:_col0, _col1, _col2, _col3, _col4
                      Top N Key Operator [TNK_226] (rows=2057228617 width=390)
                        keys:_col0, _col1, _col2, _col3, _col4,top n:100
                        Select Operator [SEL_225] (rows=107690200 width=399)
                          Output:["_col0","_col1","_col2","_col3","_col4","_col5"]
                          Map Join Operator [MAPJOIN_224] (rows=107690200 width=209)
                            Conds:MAPJOIN_223._col0=RS_220._col0(Inner),Output:["_col1","_col4","_col5","_col7"]
                          <-Map 12 [BROADCAST_EDGE] vectorized, llap
                            BROADCAST [RS_220]
                              PartitionCols:_col0
                              Select Operator [SEL_219] (rows=462000 width=98)
                                Output:["_col0","_col1"]
                                TableScan [TS_34] (rows=462000 width=98)
                                  default@item,item, ACID table,Tbl:COMPLETE,Col:COMPLETE,Output:["i_item_sk","i_category"]
                          <-Map Join Operator [MAPJOIN_223] (rows=107690200 width=127)
                              Conds:SEL_222._col2=RS_215._col0(Inner),Output:["_col0","_col1","_col4","_col5"]
                            <-Map 11 [BROADCAST_EDGE] vectorized, llap
                              BROADCAST [RS_215]
                                PartitionCols:_col0
                                Select Operator [SEL_214] (rows=73049 width=16)
                                  Output:["_col0","_col1","_col2"]
                                  TableScan [TS_32] (rows=73049 width=16)
                                    default@date_dim,date_dim, ACID table,Tbl:COMPLETE,Col:COMPLETE,Output:["d_date_sk","d_year","d_qoy"]
                              Dynamic Partitioning Event Operator [EVENT_218] (rows=36524 width=8)
                                Group By Operator [GBY_217] (rows=36524 width=8)
                                  Output:["_col0"],keys:_col0
                                  Select Operator [SEL_216] (rows=73049 width=8)
                                    Output:["_col0"]
                                     Please refer to the previous Select Operator [SEL_214]
                            <-Select Operator [SEL_222] (rows=107690200 width=127)
                                Output:["_col0","_col1","_col2"]
                                Filter Operator [FIL_221] (rows=107690200 width=135)
                                  predicate:cs_warehouse_sk is null
                                  TableScan [TS_164] (rows=43005109025 width=135)
                                    Output:["cs_warehouse_sk","cs_item_sk","cs_ext_sales_price"]
                <-Map 2 [CONTAINS] vectorized, llap
                  Reduce Output Operator [RS_193]
                    PartitionCols:_col0, _col1, _col2, _col3, _col4
                    Group By Operator [GBY_192] (rows=27502596 width=408)
                      Output:["_col0","_col1","_col2","_col3","_col4","_col5","_col6"],aggregations:["count()","sum(_col5)"],keys:_col0, _col1, _col2, _col3, _col4
                      Top N Key Operator [TNK_191] (rows=2057228617 width=390)
                        keys:_col0, _col1, _col2, _col3, _col4,top n:100
                        Select Operator [SEL_190] (rows=1946839900 width=390)
                          Output:["_col0","_col1","_col2","_col3","_col4","_col5"]
                          Map Join Operator [MAPJOIN_189] (rows=1946839900 width=207)
                            Conds:MAPJOIN_188._col3=RS_185._col0(Inner),Output:["_col1","_col2","_col4","_col7"]
                          <-Map 6 [BROADCAST_EDGE] vectorized, llap
                            BROADCAST [RS_185]
                              PartitionCols:_col0
                              Select Operator [SEL_184] (rows=462000 width=98)
                                Output:["_col0","_col1"]
                                TableScan [TS_5] (rows=462000 width=98)
                                  default@item,item, ACID table,Tbl:COMPLETE,Col:COMPLETE,Output:["i_item_sk","i_category"]
                          <-Map Join Operator [MAPJOIN_188] (rows=1946839900 width=125)
                              Conds:RS_180._col0=SEL_187._col2(Inner),Output:["_col1","_col2","_col3","_col4"]
                            <-Map 1 [BROADCAST_EDGE] vectorized, llap
                              BROADCAST [RS_180]
                                PartitionCols:_col0
                                Select Operator [SEL_179] (rows=73049 width=16)
                                  Output:["_col0","_col1","_col2"]
                                  TableScan [TS_0] (rows=73049 width=16)
                                    default@date_dim,date_dim, ACID table,Tbl:COMPLETE,Col:COMPLETE,Output:["d_date_sk","d_year","d_qoy"]
                              Dynamic Partitioning Event Operator [EVENT_183] (rows=36524 width=8)
                                Group By Operator [GBY_182] (rows=36524 width=8)
                                  Output:["_col0"],keys:_col0
                                  Select Operator [SEL_181] (rows=73049 width=8)
                                    Output:["_col0"]
                                     Please refer to the previous Select Operator [SEL_179]
                            <-Select Operator [SEL_187] (rows=1946839900 width=125)
                                Output:["_col0","_col1","_col2"]
                                Filter Operator [FIL_186] (rows=1946839900 width=133)
                                  predicate:ss_addr_sk is null
                                  TableScan [TS_134] (rows=82510879939 width=133)
                                    Output:["ss_item_sk","ss_addr_sk","ss_ext_sales_price"]
                <-Map 7 [CONTAINS] vectorized, llap
                  Reduce Output Operator [RS_213]
                    PartitionCols:_col0, _col1, _col2, _col3, _col4
                    Group By Operator [GBY_212] (rows=27502596 width=408)
                      Output:["_col0","_col1","_col2","_col3","_col4","_col5","_col6"],aggregations:["count()","sum(_col5)"],keys:_col0, _col1, _col2, _col3, _col4
                      Top N Key Operator [TNK_211] (rows=2057228617 width=390)
                        keys:_col0, _col1, _col2, _col3, _col4,top n:100
                        Select Operator [SEL_210] (rows=2698517 width=394)
                          Output:["_col0","_col1","_col2","_col3","_col4","_col5"]
                          Map Join Operator [MAPJOIN_209] (rows=2698517 width=209)
                            Conds:MAPJOIN_208._col0=RS_205._col0(Inner),Output:["_col1","_col4","_col5","_col7"]
                          <-Map 9 [BROADCAST_EDGE] vectorized, llap
                            BROADCAST [RS_205]
                              PartitionCols:_col0
                              Select Operator [SEL_204] (rows=462000 width=98)
                                Output:["_col0","_col1"]
                                TableScan [TS_19] (rows=462000 width=98)
                                  default@item,item, ACID table,Tbl:COMPLETE,Col:COMPLETE,Output:["i_item_sk","i_category"]
                          <-Map Join Operator [MAPJOIN_208] (rows=2698517 width=127)
                              Conds:SEL_207._col2=RS_200._col0(Inner),Output:["_col0","_col1","_col4","_col5"]
                            <-Map 8 [BROADCAST_EDGE] vectorized, llap
                              BROADCAST [RS_200]
                                PartitionCols:_col0
                                Select Operator [SEL_199] (rows=73049 width=16)
                                  Output:["_col0","_col1","_col2"]
                                  TableScan [TS_17] (rows=73049 width=16)
                                    default@date_dim,date_dim, ACID table,Tbl:COMPLETE,Col:COMPLETE,Output:["d_date_sk","d_year","d_qoy"]
                              Dynamic Partitioning Event Operator [EVENT_203] (rows=36524 width=8)
                                Group By Operator [GBY_202] (rows=36524 width=8)
                                  Output:["_col0"],keys:_col0
                                  Select Operator [SEL_201] (rows=73049 width=8)
                                    Output:["_col0"]
                                     Please refer to the previous Select Operator [SEL_199]
                            <-Select Operator [SEL_207] (rows=2698517 width=127)
                                Output:["_col0","_col1","_col2"]
                                Filter Operator [FIL_206] (rows=2698517 width=135)
                                  predicate:ws_web_page_sk is null
                                  TableScan [TS_149] (rows=21594638446 width=135)
                                    Output:["ws_item_sk","ws_web_page_sk","ws_ext_sales_price"]

