Plan optimized by CBO.

Vertex dependency in root stage
Map 1 <- Map 10 (BROADCAST_EDGE), Map 8 (BROADCAST_EDGE), Map 9 (BROADCAST_EDGE)
Reducer 2 <- Map 1 (SIMPLE_EDGE)
Reducer 3 <- Reducer 2 (SIMPLE_EDGE)
Reducer 4 <- Reducer 2 (SIMPLE_EDGE)
Reducer 5 <- Reducer 2 (SIMPLE_EDGE)
Reducer 6 <- Reducer 3 (BROADCAST_EDGE), Reducer 4 (BROADCAST_EDGE), Reducer 5 (SIMPLE_EDGE)
Reducer 7 <- Reducer 6 (SIMPLE_EDGE)

Stage-0
  Fetch Operator
    limit:-1
    Stage-1
      Reducer 7 vectorized, llap
      File Output Operator [FS_314]
        Limit [LIM_313] (rows=100 width=658)
          Number of rows:100
          Select Operator [SEL_312] (rows=359128 width=658)
            Output:["_col0","_col1","_col2","_col3","_col4","_col5","_col6"]
          <-Reducer 6 [SIMPLE_EDGE] vectorized, llap
            SHUFFLE [RS_311]
              Select Operator [SEL_310] (rows=359128 width=658)
                Output:["_col0","_col1","_col2","_col3","_col4","_col5","_col6","_col7"]
                Top N Key Operator [TNK_309] (rows=359128 width=546)
                  keys:(_col12 - _col13), _col11,top n:100
                  Map Join Operator [MAPJOIN_308] (rows=359128 width=546)
                    Conds:MAPJOIN_307._col6, _col7, _col8, _col9, _col14=RS_300._col0, _col1, _col2, _col3, _col5(Inner),Output:["_col4","_col6","_col10","_col11","_col12","_col13","_col19"]
                  <-Reducer 3 [BROADCAST_EDGE] vectorized, llap
                    BROADCAST [RS_300]
                      PartitionCols:_col0, _col1, _col2, _col3, _col5
                      Select Operator [SEL_299] (rows=4309536 width=485)
                        Output:["_col0","_col1","_col2","_col3","_col4","_col5"]
                        Filter Operator [FIL_298] (rows=4309536 width=489)
                          predicate:rank_window_0 is not null
                          PTF Operator [PTF_297] (rows=4309536 width=489)
                            Function definitions:[{},{"name:":"windowingtablefunction","order by:":"_col0 ASC NULLS LAST, _col1 ASC NULLS LAST","partition by:":"_col5, _col4, _col2, _col3"}]
                            Select Operator [SEL_296] (rows=4309536 width=489)
                              Output:["_col0","_col1","_col2","_col3","_col4","_col5","_col6"]
                            <-Reducer 2 [SIMPLE_EDGE] vectorized, llap
                              SHUFFLE [RS_284]
                                PartitionCols:_col5, _col4, _col2, _col3
                                Group By Operator [GBY_283] (rows=4309536 width=489)
                                  Output:["_col0","_col1","_col2","_col3","_col4","_col5","_col6"],aggregations:["sum(VALUE._col0)"],keys:KEY._col0, KEY._col1, KEY._col2, KEY._col3, KEY._col4, KEY._col5
                                <-Map 1 [SIMPLE_EDGE] vectorized, llap
                                  SHUFFLE [RS_282]
                                    PartitionCols:_col0, _col1, _col2, _col3, _col4, _col5
                                    Group By Operator [GBY_281] (rows=9442267303 width=489)
                                      Output:["_col0","_col1","_col2","_col3","_col4","_col5","_col6"],aggregations:["sum(_col2)"],keys:_col5, _col6, _col8, _col9, _col11, _col12
                                      Map Join Operator [MAPJOIN_280] (rows=18884534606 width=477)
                                        Conds:MAPJOIN_279._col0=RS_275._col0(Inner),Output:["_col2","_col5","_col6","_col8","_col9","_col11","_col12"]
                                      <-Map 10 [BROADCAST_EDGE] vectorized, llap
                                        BROADCAST [RS_275]
                                          PartitionCols:_col0
                                          Select Operator [SEL_274] (rows=462000 width=198)
                                            Output:["_col0","_col1","_col2"]
                                            Filter Operator [FIL_273] (rows=462000 width=198)
                                              predicate:(i_category is not null and i_brand is not null)
                                              TableScan [TS_79] (rows=462000 width=198)
                                                default@item,item, ACID table,Tbl:COMPLETE,Col:COMPLETE,Output:["i_item_sk","i_brand","i_category"]
                                      <-Map Join Operator [MAPJOIN_279] (rows=18884534606 width=295)
                                          Conds:MAPJOIN_278._col1=RS_272._col0(Inner),Output:["_col0","_col2","_col5","_col6","_col8","_col9"]
                                        <-Map 9 [BROADCAST_EDGE] vectorized, llap
                                          BROADCAST [RS_272]
                                            PartitionCols:_col0
                                            Select Operator [SEL_271] (rows=1704 width=187)
                                              Output:["_col0","_col1","_col2"]
                                              Filter Operator [FIL_270] (rows=1704 width=187)
                                                predicate:(s_store_name is not null and s_company_name is not null)
                                                TableScan [TS_76] (rows=1704 width=187)
                                                  default@store,store, ACID table,Tbl:COMPLETE,Col:COMPLETE,Output:["s_store_sk","s_store_name","s_company_name"]
                                        <-Map Join Operator [MAPJOIN_278] (rows=18884534606 width=123)
                                            Conds:SEL_277._col3=RS_266._col0(Inner),Output:["_col0","_col1","_col2","_col5","_col6"]
                                          <-Map 8 [BROADCAST_EDGE] vectorized, llap
                                            BROADCAST [RS_266]
                                              PartitionCols:_col0
                                              Select Operator [SEL_265] (rows=428 width=16)
                                                Output:["_col0","_col1","_col2"]
                                                Filter Operator [FIL_264] (rows=428 width=16)
                                                  predicate:((d_year) IN (2000, 1999, 2001) and ((d_year = 2000) or (struct(d_year,d_moy)) IN (const struct(1999,12), const struct(2001,1))))
                                                  TableScan [TS_73] (rows=73049 width=16)
                                                    default@date_dim,date_dim, ACID table,Tbl:COMPLETE,Col:COMPLETE,Output:["d_date_sk","d_year","d_moy"]
                                            Dynamic Partitioning Event Operator [EVENT_269] (rows=214 width=8)
                                              Group By Operator [GBY_268] (rows=214 width=8)
                                                Output:["_col0"],keys:_col0
                                                Select Operator [SEL_267] (rows=428 width=8)
                                                  Output:["_col0"]
                                                   Please refer to the previous Select Operator [SEL_265]
                                          <-Select Operator [SEL_277] (rows=80569240632 width=133)
                                              Output:["_col0","_col1","_col2","_col3"]
                                              Filter Operator [FIL_276] (rows=80569240632 width=133)
                                                predicate:ss_store_sk is not null
                                                TableScan [TS_70] (rows=82510879939 width=133)
                                                  default@store_sales,store_sales, ACID table,Tbl:COMPLETE,Col:COMPLETE,Output:["ss_item_sk","ss_store_sk","ss_sales_price"]
                  <-Map Join Operator [MAPJOIN_307] (rows=359128 width=717)
                      Conds:RS_295._col0, _col1, _col2, _col3, _col5=SEL_306._col0, _col1, _col2, _col3, _col8(Inner),Output:["_col4","_col6","_col7","_col8","_col9","_col10","_col11","_col12","_col13","_col14"]
                    <-Reducer 4 [BROADCAST_EDGE] vectorized, llap
                      BROADCAST [RS_295]
                        PartitionCols:_col0, _col1, _col2, _col3, _col5
                        Select Operator [SEL_294] (rows=4309536 width=485)
                          Output:["_col0","_col1","_col2","_col3","_col4","_col5"]
                          Filter Operator [FIL_293] (rows=4309536 width=489)
                            predicate:rank_window_0 is not null
                            PTF Operator [PTF_292] (rows=4309536 width=489)
                              Function definitions:[{},{"name:":"windowingtablefunction","order by:":"_col0 ASC NULLS LAST, _col1 ASC NULLS LAST","partition by:":"_col5, _col4, _col2, _col3"}]
                              Select Operator [SEL_291] (rows=4309536 width=489)
                                Output:["_col0","_col1","_col2","_col3","_col4","_col5","_col6"]
                              <-Reducer 2 [SIMPLE_EDGE] vectorized, llap
                                SHUFFLE [RS_285]
                                  PartitionCols:_col5, _col4, _col2, _col3
                                   Please refer to the previous Group By Operator [GBY_283]
                    <-Select Operator [SEL_306] (rows=359128 width=605)
                        Output:["_col0","_col1","_col2","_col3","_col4","_col5","_col6","_col7","_col8"]
                        Filter Operator [FIL_305] (rows=359128 width=605)
                          predicate:CASE WHEN ((_col0 > 0)) THEN (((abs((_col7 - _col0)) / _col0) > 0.1)) ELSE (false) END
                          Select Operator [SEL_304] (rows=718256 width=601)
                            Output:["rank_window_1","_col0","_col1","_col2","_col3","_col4","_col5","_col6","_col7"]
                            Filter Operator [FIL_303] (rows=718256 width=601)
                              predicate:((_col0 > 0) and rank_window_1 is not null and (_col1 = 2000))
                              PTF Operator [PTF_302] (rows=4309536 width=601)
                                Function definitions:[{},{"name:":"windowingtablefunction","order by:":"_col1 ASC NULLS LAST, _col2 ASC NULLS LAST","partition by:":"_col6, _col5, _col3, _col4"}]
                                Select Operator [SEL_301] (rows=4309536 width=601)
                                  Output:["_col0","_col1","_col2","_col3","_col4","_col5","_col6","_col7"]
                                <-Reducer 5 [SIMPLE_EDGE] vectorized, llap
                                  SHUFFLE [RS_290]
                                    PartitionCols:_col5, _col4, _col2, _col3
                                    Select Operator [SEL_289] (rows=4309536 width=489)
                                      Output:["avg_window_0","_col0","_col1","_col2","_col3","_col4","_col5","_col6"]
                                      PTF Operator [PTF_288] (rows=4309536 width=489)
                                        Function definitions:[{},{"name:":"windowingtablefunction","order by:":"_col5 ASC NULLS FIRST, _col4 ASC NULLS FIRST, _col2 ASC NULLS FIRST, _col3 ASC NULLS FIRST, _col0 ASC NULLS FIRST","partition by:":"_col5, _col4, _col2, _col3, _col0"}]
                                        Select Operator [SEL_287] (rows=4309536 width=489)
                                          Output:["_col0","_col1","_col2","_col3","_col4","_col5","_col6"]
                                        <-Reducer 2 [SIMPLE_EDGE] vectorized, llap
                                          SHUFFLE [RS_286]
                                            PartitionCols:_col5, _col4, _col2, _col3, _col0
                                             Please refer to the previous Group By Operator [GBY_283]

