Plan optimized by CBO.

Vertex dependency in root stage
Map 1 <- Map 5 (BROADCAST_EDGE)
Map 6 <- Map 5 (BROADCAST_EDGE)
Reducer 2 <- Map 1 (SIMPLE_EDGE)
Reducer 3 <- Reducer 2 (CUSTOM_SIMPLE_EDGE), Reducer 7 (CUSTOM_SIMPLE_EDGE)
Reducer 4 <- Reducer 3 (CUSTOM_SIMPLE_EDGE)
Reducer 7 <- Map 6 (SIMPLE_EDGE)

Stage-0
  Fetch Operator
    limit:-1
    Stage-1
      Reducer 4 vectorized, llap
      File Output Operator [FS_85]
        Group By Operator [GBY_84] (rows=1 width=24)
          Output:["_col0","_col1","_col2"],aggregations:["sum(VALUE._col0)","sum(VALUE._col1)","sum(VALUE._col2)"]
        <-Reducer 3 [CUSTOM_SIMPLE_EDGE] vectorized, llap
          PARTITION_ONLY_SHUFFLE [RS_83]
            Group By Operator [GBY_82] (rows=1 width=24)
              Output:["_col0","_col1","_col2"],aggregations:["sum(_col0)","sum(_col1)","sum(_col2)"]
              Select Operator [SEL_81] (rows=8845757909812 width=15)
                Output:["_col0","_col1","_col2"]
                Map Join Operator [MAPJOIN_80] (rows=8845757909812 width=15)
                  Conds:RS_73.KEY.reducesinkkey0, KEY.reducesinkkey1=RS_79.KEY.reducesinkkey0, KEY.reducesinkkey1(Outer),DynamicPartitionHashJoin:true,Output:["_col0","_col2"]
                <-Reducer 7 [CUSTOM_SIMPLE_EDGE] vectorized, llap
                  PARTITION_ONLY_SHUFFLE [RS_79]
                    PartitionCols:_col0, _col1
                    Group By Operator [GBY_78] (rows=8395118768 width=15)
                      Output:["_col0","_col1"],keys:KEY._col0, KEY._col1
                    <-Map 6 [SIMPLE_EDGE] vectorized, llap
                      SHUFFLE [RS_77]
                        PartitionCols:_col0, _col1
                        Group By Operator [GBY_76] (rows=8395118768 width=15)
                          Output:["_col0","_col1"],keys:_col0, _col1
                          Map Join Operator [MAPJOIN_75] (rows=8395118768 width=15)
                            Conds:SEL_74._col2=RS_62._col0(Inner),Output:["_col0","_col1"]
                          <-Map 5 [BROADCAST_EDGE] vectorized, llap
                            BROADCAST [RS_62]
                              PartitionCols:_col0
                              Select Operator [SEL_59] (rows=359 width=8)
                                Output:["_col0"]
                                Filter Operator [FIL_58] (rows=359 width=12)
                                  predicate:d_month_seq BETWEEN 1212 AND 1223
                                  TableScan [TS_3] (rows=73049 width=12)
                                    tpcds_bin_partitioned_orc_30000@date_dim,date_dim, ACID table,Tbl:COMPLETE,Col:COMPLETE,Output:["d_date_sk","d_month_seq"]
                          <-Select Operator [SEL_74] (rows=43005109025 width=23)
                              Output:["_col0","_col1","_col2"]
                              TableScan [TS_14] (rows=43005109025 width=23)
                                tpcds_bin_partitioned_orc_30000@catalog_sales,catalog_sales, ACID table,Tbl:COMPLETE,Col:COMPLETE,Output:["cs_bill_customer_sk","cs_item_sk"]
                <-Reducer 2 [CUSTOM_SIMPLE_EDGE] vectorized, llap
                  PARTITION_ONLY_SHUFFLE [RS_73]
                    PartitionCols:_col0, _col1
                    Group By Operator [GBY_72] (rows=16221796254 width=15)
                      Output:["_col0","_col1"],keys:KEY._col0, KEY._col1
                    <-Map 1 [SIMPLE_EDGE] vectorized, llap
                      SHUFFLE [RS_71]
                        PartitionCols:_col0, _col1
                        Group By Operator [GBY_70] (rows=16221796254 width=15)
                          Output:["_col0","_col1"],keys:_col1, _col0
                          Map Join Operator [MAPJOIN_69] (rows=16221796254 width=15)
                            Conds:SEL_68._col2=RS_60._col0(Inner),Output:["_col0","_col1"]
                          <-Map 5 [BROADCAST_EDGE] vectorized, llap
                            BROADCAST [RS_60]
                              PartitionCols:_col0
                               Please refer to the previous Select Operator [SEL_59]
                          <-Select Operator [SEL_68] (rows=82510879939 width=23)
                              Output:["_col0","_col1","_col2"]
                              TableScan [TS_0] (rows=82510879939 width=23)
                                tpcds_bin_partitioned_orc_30000@store_sales,store_sales, ACID table,Tbl:COMPLETE,Col:COMPLETE,Output:["ss_item_sk","ss_customer_sk"]

