Plan optimized by CBO.

Vertex dependency in root stage
Map 1 <- Map 3 (BROADCAST_EDGE), Map 4 (BROADCAST_EDGE), Map 5 (BROADCAST_EDGE)
Reducer 2 <- Map 1 (CUSTOM_SIMPLE_EDGE)

Stage-0
  Fetch Operator
    limit:-1
    Stage-1
      Reducer 2 vectorized, llap
      File Output Operator [FS_93]
        Group By Operator [GBY_92] (rows=1 width=8)
          Output:["_col0"],aggregations:["count(VALUE._col0)"]
        <-Map 1 [CUSTOM_SIMPLE_EDGE] vectorized, llap
          PARTITION_ONLY_SHUFFLE [RS_91]
            Group By Operator [GBY_90] (rows=1 width=8)
              Output:["_col0"],aggregations:["count()"]
              Map Join Operator [MAPJOIN_89] (rows=25904006 width=8)
                Conds:MAPJOIN_88._col1=RS_84._col0(Inner)
              <-Map 5 [BROADCAST_EDGE] vectorized, llap
                BROADCAST [RS_84]
                  PartitionCols:_col0
                  Select Operator [SEL_83] (rows=720 width=8)
                    Output:["_col0"]
                    Filter Operator [FIL_82] (rows=720 width=12)
                      predicate:(hd_dep_count = 5)
                      TableScan [TS_9] (rows=7200 width=12)
                        tpcds_bin_partitioned_orc_30000@household_demographics,household_demographics, ACID table,Tbl:COMPLETE,Col:COMPLETE,Output:["hd_demo_sk","hd_dep_count"]
              <-Map Join Operator [MAPJOIN_88] (rows=259040049 width=0)
                  Conds:MAPJOIN_87._col2=RS_81._col0(Inner),Output:["_col1"]
                <-Map 4 [BROADCAST_EDGE] vectorized, llap
                  BROADCAST [RS_81]
                    PartitionCols:_col0
                    Select Operator [SEL_80] (rows=155 width=8)
                      Output:["_col0"]
                      Filter Operator [FIL_79] (rows=155 width=96)
                        predicate:(s_store_name = 'ese')
                        TableScan [TS_6] (rows=1704 width=96)
                          tpcds_bin_partitioned_orc_30000@store,store, ACID table,Tbl:COMPLETE,Col:COMPLETE,Output:["s_store_sk","s_store_name"]
                <-Map Join Operator [MAPJOIN_87] (rows=2844424992 width=0)
                    Conds:SEL_86._col0=RS_78._col0(Inner),Output:["_col1","_col2"]
                  <-Map 3 [BROADCAST_EDGE] vectorized, llap
                    BROADCAST [RS_78]
                      PartitionCols:_col0
                      Select Operator [SEL_77] (rows=1769 width=8)
                        Output:["_col0"]
                        Filter Operator [FIL_76] (rows=1769 width=16)
                          predicate:((t_hour = 8) and (t_minute >= 30))
                          TableScan [TS_3] (rows=86400 width=16)
                            tpcds_bin_partitioned_orc_30000@time_dim,time_dim, ACID table,Tbl:COMPLETE,Col:COMPLETE,Output:["t_time_sk","t_hour","t_minute"]
                  <-Select Operator [SEL_86] (rows=75250303516 width=22)
                      Output:["_col0","_col1","_col2"]
                      Filter Operator [FIL_85] (rows=75250303516 width=22)
                        predicate:(ss_store_sk is not null and ss_hdemo_sk is not null and ss_sold_time_sk is not null)
                        TableScan [TS_0] (rows=86404891377 width=22)
                          tpcds_bin_partitioned_orc_30000@store_sales,store_sales, ACID table,Tbl:COMPLETE,Col:COMPLETE,Output:["ss_sold_time_sk","ss_hdemo_sk","ss_store_sk"]

