Plan optimized by CBO.

Vertex dependency in root stage
Map 1 <- Map 2 (BROADCAST_EDGE)
Map 3 <- Map 10 (BROADCAST_EDGE), Map 2 (BROADCAST_EDGE), Map 8 (BROADCAST_EDGE), Map 9 (BROADCAST_EDGE)
Reducer 4 <- Map 1 (BROADCAST_EDGE), Map 3 (SIMPLE_EDGE), Reducer 7 (BROADCAST_EDGE)
Reducer 5 <- Reducer 4 (SIMPLE_EDGE)
Reducer 6 <- Map 3 (SIMPLE_EDGE)
Reducer 7 <- Reducer 6 (SIMPLE_EDGE)

Stage-0
  Fetch Operator
    limit:-1
    Stage-1
      Reducer 5 vectorized, llap
      File Output Operator [FS_227]
        Select Operator [SEL_226] (rows=100 width=1506)
          Output:["_col0","_col1","_col2","_col3","_col4","_col5","_col6","_col7","_col8","_col9","_col10","_col11","_col12","_col13","_col14","_col15"]
          Limit [LIM_225] (rows=100 width=1420)
            Number of rows:100
            Select Operator [SEL_224] (rows=238970057 width=1419)
              Output:["_col0","_col1","_col2","_col3","_col4","_col5","_col6","_col7","_col8","_col9","_col10","_col11","_col12","_col13","_col14"]
            <-Reducer 4 [SIMPLE_EDGE] vectorized, llap
              SHUFFLE [RS_223]
                Select Operator [SEL_222] (rows=238970057 width=1419)
                  Output:["_col0","_col1","_col2","_col3","_col4","_col5","_col6","_col7","_col8","_col9","_col10","_col11","_col12","_col13","_col14"]
                  Top N Key Operator [TNK_221] (rows=238970057 width=1531)
                    keys:_col1, _col3, _col4, _col5, _col7, _col8, _col9, _col10, _col11, _col12, _col13, _col14, _col15, _col16, _col19,top n:100
                    Filter Operator [FIL_220] (rows=238970057 width=1531)
                      predicate:(_col19 > _col20)
                      Map Join Operator [MAPJOIN_219] (rows=716910171 width=1531)
                        Conds:MAPJOIN_218._col18=RS_215._col1(Inner),Output:["_col1","_col3","_col4","_col5","_col7","_col8","_col9","_col10","_col11","_col12","_col13","_col14","_col15","_col16","_col19","_col20"]
                      <-Reducer 7 [BROADCAST_EDGE] vectorized, llap
                        BROADCAST [RS_215]
                          PartitionCols:_col1
                          Select Operator [SEL_214] (rows=53 width=198)
                            Output:["_col0","_col1"]
                            Filter Operator [FIL_213] (rows=53 width=206)
                              predicate:CAST( (_col1 / _col2) AS decimal(21,6)) is not null
                              Group By Operator [GBY_212] (rows=53 width=206)
                                Output:["_col0","_col1","_col2"],aggregations:["sum(VALUE._col0)","count(VALUE._col1)"],keys:KEY._col0
                              <-Reducer 6 [SIMPLE_EDGE] vectorized, llap
                                SHUFFLE [RS_211]
                                  PartitionCols:_col0
                                  Group By Operator [GBY_210] (rows=30475 width=206)
                                    Output:["_col0","_col1","_col2"],aggregations:["sum(_col2)","count(_col2)"],keys:_col0
                                    Select Operator [SEL_209] (rows=716910171 width=205)
                                      Output:["_col0","_col2"]
                                      Group By Operator [GBY_208] (rows=716910171 width=205)
                                        Output:["_col0","_col1","_col2"],aggregations:["sum(VALUE._col0)"],keys:KEY._col0, KEY._col1
                                      <-Map 3 [SIMPLE_EDGE] vectorized, llap
                                        SHUFFLE [RS_203]
                                          PartitionCols:_col0, _col1
                                          Group By Operator [GBY_201] (rows=739053777 width=205)
                                            Output:["_col0","_col1","_col2"],aggregations:["sum(_col2)"],keys:_col6, _col0
                                            Map Join Operator [MAPJOIN_199] (rows=739053777 width=192)
                                              Conds:MAPJOIN_197._col1=RS_191._col0(Inner),Output:["_col0","_col2","_col6"]
                                            <-Map 10 [BROADCAST_EDGE] vectorized, llap
                                              BROADCAST [RS_191]
                                                PartitionCols:_col0
                                                Select Operator [SEL_190] (rows=40000000 width=94)
                                                  Output:["_col0","_col1"]
                                                  Filter Operator [FIL_189] (rows=40000000 width=94)
                                                    predicate:ca_state is not null
                                                    TableScan [TS_34] (rows=40000000 width=94)
                                                      default@customer_address,customer_address, ACID table,Tbl:COMPLETE,Col:COMPLETE,Output:["ca_address_sk","ca_state"]
                                            <-Map Join Operator [MAPJOIN_197] (rows=739053777 width=113)
                                                Conds:SEL_195._col3=RS_188._col0(Inner),Output:["_col0","_col1","_col2"]
                                              <-Map 9 [BROADCAST_EDGE] vectorized, llap
                                                BROADCAST [RS_188]
                                                  PartitionCols:_col0
                                                  Select Operator [SEL_187] (rows=367 width=8)
                                                    Output:["_col0"]
                                                    Filter Operator [FIL_186] (rows=367 width=12)
                                                      predicate:(d_year = 1998)
                                                      TableScan [TS_31] (rows=73049 width=12)
                                                        default@date_dim,date_dim, ACID table,Tbl:COMPLETE,Col:COMPLETE,Output:["d_date_sk","d_year"]
                                              <-Select Operator [SEL_195] (rows=4235017358 width=133)
                                                  Output:["_col0","_col1","_col2","_col3"]
                                                  Filter Operator [FIL_193] (rows=4235017358 width=133)
                                                    predicate:cr_returning_addr_sk is not null
                                                    TableScan [TS_6] (rows=4320980099 width=133)
                                                      default@catalog_returns,catalog_returns, ACID table,Tbl:COMPLETE,Col:COMPLETE,Output:["cr_returning_customer_sk","cr_returning_addr_sk","cr_return_amt_inc_tax"]
                                                    <-Map 2 [BROADCAST_EDGE] vectorized, llap
                                                      BROADCAST [RS_179]
                                                        PartitionCols:_col0
                                                        Select Operator [SEL_177] (rows=40000000 width=94)
                                                          Output:["_col0","_col1"]
                                                          Filter Operator [FIL_175] (rows=40000000 width=94)
                                                            predicate:ca_state is not null
                                                            TableScan [TS_3] (rows=40000000 width=1031)
                                                              default@customer_address,customer_address, ACID table,Tbl:COMPLETE,Col:COMPLETE,Output:["ca_address_sk","ca_street_number","ca_street_name","ca_street_type","ca_suite_number","ca_city","ca_county","ca_state","ca_zip","ca_country","ca_gmt_offset","ca_location_type"]
                                                    <-Map 8 [BROADCAST_EDGE] vectorized, llap
                                                      BROADCAST [RS_182]
                                                        PartitionCols:_col0
                                                        Select Operator [SEL_181] (rows=367 width=8)
                                                          Output:["_col0"]
                                                          Filter Operator [FIL_180] (rows=367 width=12)
                                                            predicate:(d_year = 1998)
                                                            TableScan [TS_9] (rows=73049 width=12)
                                                              default@date_dim,date_dim, ACID table,Tbl:COMPLETE,Col:COMPLETE,Output:["d_date_sk","d_year"]
                                                      Dynamic Partitioning Event Operator [EVENT_185] (rows=183 width=8)
                                                        Group By Operator [GBY_184] (rows=183 width=8)
                                                          Output:["_col0"],keys:_col0
                                                          Select Operator [SEL_183] (rows=367 width=8)
                                                            Output:["_col0"]
                                                             Please refer to the previous Select Operator [SEL_181]
                      <-Map Join Operator [MAPJOIN_218] (rows=716910171 width=1505)
                          Conds:RS_207._col0=FIL_217._col0(Inner),Output:["_col1","_col3","_col4","_col5","_col7","_col8","_col9","_col10","_col11","_col12","_col13","_col14","_col15","_col16","_col18","_col19"]
                        <-Map 1 [BROADCAST_EDGE] vectorized, llap
                          BROADCAST [RS_207]
                            PartitionCols:_col0
                            Map Join Operator [MAPJOIN_206] (rows=1509434 width=1314)
                              Conds:SEL_205._col2=RS_178._col0(Inner),Output:["_col0","_col1","_col3","_col4","_col5","_col7","_col8","_col9","_col10","_col11","_col12","_col13","_col14","_col15","_col16"]
                            <-Map 2 [BROADCAST_EDGE] vectorized, llap
                              BROADCAST [RS_178]
                                PartitionCols:_col0
                                Select Operator [SEL_176] (rows=754717 width=945)
                                  Output:["_col0","_col1","_col2","_col3","_col4","_col5","_col6","_col7","_col8","_col9","_col10"]
                                  Filter Operator [FIL_174] (rows=754717 width=1031)
                                    predicate:(ca_state = 'IL')
                                     Please refer to the previous TableScan [TS_3]
                            <-Select Operator [SEL_205] (rows=80000000 width=383)
                                Output:["_col0","_col1","_col2","_col3","_col4","_col5"]
                                Filter Operator [FIL_204] (rows=80000000 width=383)
                                  predicate:c_current_addr_sk is not null
                                  TableScan [TS_0] (rows=80000000 width=383)
                                    default@customer,customer, ACID table,Tbl:COMPLETE,Col:COMPLETE,Output:["c_customer_sk","c_customer_id","c_current_addr_sk","c_salutation","c_first_name","c_last_name"]
                        <-Filter Operator [FIL_217] (rows=716910171 width=205)
                            predicate:_col2 is not null
                            Group By Operator [GBY_216] (rows=716910171 width=205)
                              Output:["_col0","_col1","_col2"],aggregations:["sum(VALUE._col0)"],keys:KEY._col0, KEY._col1
                            <-Map 3 [SIMPLE_EDGE] vectorized, llap
                              SHUFFLE [RS_202]
                                PartitionCols:_col0, _col1
                                Group By Operator [GBY_200] (rows=724434361 width=205)
                                  Output:["_col0","_col1","_col2"],aggregations:["sum(_col2)"],keys:_col0, _col6
                                  Map Join Operator [MAPJOIN_198] (rows=724434361 width=192)
                                    Conds:MAPJOIN_196._col1=RS_179._col0(Inner),Output:["_col0","_col2","_col6"]
                                  <-Map 2 [BROADCAST_EDGE] vectorized, llap
                                     Please refer to the previous BROADCAST [RS_179]
                                  <-Map Join Operator [MAPJOIN_196] (rows=724434361 width=113)
                                      Conds:SEL_194._col3=RS_182._col0(Inner),Output:["_col0","_col1","_col2"]
                                    <- Please refer to the previous Map 8 [BROADCAST_EDGE]
                                    <-Select Operator [SEL_194] (rows=4151243373 width=133)
                                        Output:["_col0","_col1","_col2","_col3"]
                                        Filter Operator [FIL_192] (rows=4151243373 width=133)
                                          predicate:(cr_returning_addr_sk is not null and cr_returning_customer_sk is not null)
                                           Please refer to the previous TableScan [TS_6]

