Plan optimized by CBO.

Vertex dependency in root stage
Map 1 <- Map 5 (BROADCAST_EDGE), Map 6 (BROADCAST_EDGE)
Reducer 2 <- Map 1 (SIMPLE_EDGE)
Reducer 3 <- Reducer 2 (SIMPLE_EDGE)
Reducer 4 <- Reducer 3 (SIMPLE_EDGE)

Stage-0
  Fetch Operator
    limit:-1
    Stage-1
      Reducer 4 vectorized, llap
      File Output Operator [FS_79]
        Select Operator [SEL_78] (rows=126000 width=702)
          Output:["_col0","_col1","_col2","_col3","_col4","_col5"]
        <-Reducer 3 [SIMPLE_EDGE] vectorized, llap
          SHUFFLE [RS_77]
            Select Operator [SEL_76] (rows=126000 width=802)
              Output:["_col0","_col1","_col2","_col3","_col4","_col5","_col6"]
              PTF Operator [PTF_75] (rows=126000 width=690)
                Function definitions:[{},{"name:":"windowingtablefunction","order by:":"_col1 ASC NULLS FIRST","partition by:":"_col1"}]
                Select Operator [SEL_74] (rows=126000 width=690)
                  Output:["_col0","_col1","_col2","_col3","_col4","_col5"]
                <-Reducer 2 [SIMPLE_EDGE] vectorized, llap
                  SHUFFLE [RS_73]
                    PartitionCols:_col1
                    Group By Operator [GBY_72] (rows=126000 width=690)
                      Output:["_col0","_col1","_col2","_col3","_col4","_col5"],aggregations:["sum(VALUE._col0)"],keys:KEY._col0, KEY._col1, KEY._col2, KEY._col3, KEY._col4
                    <-Map 1 [SIMPLE_EDGE] vectorized, llap
                      SHUFFLE [RS_71]
                        PartitionCols:_col0, _col1, _col2, _col3, _col4
                        Group By Operator [GBY_70] (rows=126000 width=690)
                          Output:["_col0","_col1","_col2","_col3","_col4","_col5"],aggregations:["sum(_col1)"],keys:_col8, _col7, _col4, _col5, _col6
                          Map Join Operator [MAPJOIN_69] (rows=2500158608 width=602)
                            Conds:MAPJOIN_68._col2=RS_63._col0(Inner),Output:["_col1","_col4","_col5","_col6","_col7","_col8"]
                          <-Map 6 [BROADCAST_EDGE] vectorized, llap
                            BROADCAST [RS_63]
                              PartitionCols:_col0
                              Select Operator [SEL_62] (rows=8116 width=8)
                                Output:["_col0"]
                                Filter Operator [FIL_61] (rows=8116 width=64)
                                  predicate:CAST( d_date AS TIMESTAMP) BETWEEN TIMESTAMP'2001-01-12 00:00:00' AND TIMESTAMP'2001-02-11 00:00:00'
                                  TableScan [TS_6] (rows=73049 width=64)
                                    default@date_dim,date_dim, ACID table,Tbl:COMPLETE,Col:COMPLETE,Output:["d_date_sk","d_date"]
                            Dynamic Partitioning Event Operator [EVENT_66] (rows=4058 width=8)
                              Group By Operator [GBY_65] (rows=4058 width=8)
                                Output:["_col0"],keys:_col0
                                Select Operator [SEL_64] (rows=8116 width=8)
                                  Output:["_col0"]
                                   Please refer to the previous Select Operator [SEL_62]
                          <-Map Join Operator [MAPJOIN_68] (rows=22502967927 width=688)
                              Conds:SEL_67._col0=RS_60._col0(Inner),Output:["_col1","_col2","_col4","_col5","_col6","_col7","_col8"]
                            <-Map 5 [BROADCAST_EDGE] vectorized, llap
                              BROADCAST [RS_60]
                                PartitionCols:_col0
                                Select Operator [SEL_59] (rows=126000 width=585)
                                  Output:["_col0","_col1","_col2","_col3","_col4","_col5"]
                                  Filter Operator [FIL_58] (rows=126000 width=585)
                                    predicate:(i_category) IN ('Jewelry                                           ', 'Sports                                            ', 'Books                                             ')
                                    TableScan [TS_3] (rows=462000 width=585)
                                      default@item,item, ACID table,Tbl:COMPLETE,Col:COMPLETE,Output:["i_item_sk","i_item_id","i_item_desc","i_current_price","i_class","i_category"]
                            <-Select Operator [SEL_67] (rows=82510879939 width=125)
                                Output:["_col0","_col1","_col2"]
                                TableScan [TS_0] (rows=82510879939 width=125)
                                  default@store_sales,store_sales, ACID table,Tbl:COMPLETE,Col:COMPLETE,Output:["ss_item_sk","ss_ext_sales_price"]

