Warning: Map Join MAPJOIN[249][bigTable=?] in task 'Reducer 10' is a cross product
Plan optimized by CBO.

Vertex dependency in root stage
Map 1 <- Map 2 (BROADCAST_EDGE)
Map 3 <- Map 1 (BROADCAST_EDGE), Map 5 (BROADCAST_EDGE), Map 6 (BROADCAST_EDGE), Map 7 (BROADCAST_EDGE), Map 8 (BROADCAST_EDGE)
Map 9 <- Map 1 (BROADCAST_EDGE), Map 5 (BROADCAST_EDGE), Map 6 (BROADCAST_EDGE), Map 7 (BROADCAST_EDGE)
Reducer 10 <- Map 9 (CUSTOM_SIMPLE_EDGE), Reducer 4 (BROADCAST_EDGE)
Reducer 4 <- Map 3 (CUSTOM_SIMPLE_EDGE)

Stage-0
  Fetch Operator
    limit:-1
    Stage-1
      Reducer 10 vectorized, llap
      File Output Operator [FS_312]
        Select Operator [SEL_311] (rows=1 width=336)
          Output:["_col0","_col1","_col2"]
          Map Join Operator [MAPJOIN_310] (rows=1 width=224)
            Conds:(Inner),Output:["_col0","_col1"]
          <-Reducer 4 [BROADCAST_EDGE] vectorized, llap
            BROADCAST [RS_308]
              Group By Operator [GBY_307] (rows=1 width=112)
                Output:["_col0"],aggregations:["sum(VALUE._col0)"]
              <-Map 3 [CUSTOM_SIMPLE_EDGE] vectorized, llap
                PARTITION_ONLY_SHUFFLE [RS_306]
                  Group By Operator [GBY_305] (rows=1 width=112)
                    Output:["_col0"],aggregations:["sum(_col7)"]
                    Map Join Operator [MAPJOIN_304] (rows=3959008 width=0)
                      Conds:RS_285._col0=MAPJOIN_303._col1(Inner),Output:["_col7"]
                    <-Map 1 [BROADCAST_EDGE] vectorized, llap
                      BROADCAST [RS_285]
                        PartitionCols:_col0
                        Map Join Operator [MAPJOIN_284] (rows=13333334 width=8)
                          Conds:SEL_283._col1=RS_281._col0(Inner),Output:["_col0"]
                        <-Map 2 [BROADCAST_EDGE] vectorized, llap
                          BROADCAST [RS_281]
                            PartitionCols:_col0
                            Select Operator [SEL_280] (rows=6666667 width=8)
                              Output:["_col0"]
                              Filter Operator [FIL_279] (rows=6666667 width=116)
                                predicate:(ca_gmt_offset = -7)
                                TableScan [TS_3] (rows=40000000 width=116)
                                  default@customer_address,customer_address, ACID table,Tbl:COMPLETE,Col:COMPLETE,Output:["ca_address_sk","ca_gmt_offset"]
                        <-Select Operator [SEL_283] (rows=80000000 width=16)
                            Output:["_col0","_col1"]
                            Filter Operator [FIL_282] (rows=80000000 width=16)
                              predicate:c_current_addr_sk is not null
                              TableScan [TS_0] (rows=80000000 width=16)
                                default@customer,customer, ACID table,Tbl:COMPLETE,Col:COMPLETE,Output:["c_customer_sk","c_current_addr_sk"]
                    <-Map Join Operator [MAPJOIN_303] (rows=23754047 width=0)
                        Conds:MAPJOIN_302._col3=RS_297._col0(Inner),Output:["_col1","_col4"]
                      <-Map 8 [BROADCAST_EDGE] vectorized, llap
                        BROADCAST [RS_297]
                          PartitionCols:_col0
                          Select Operator [SEL_296] (rows=2300 width=8)
                            Output:["_col0"]
                            Filter Operator [FIL_295] (rows=2300 width=263)
                              predicate:((p_channel_email = 'Y') or (p_channel_tv = 'Y') or (p_channel_dmail = 'Y'))
                              TableScan [TS_18] (rows=2300 width=263)
                                default@promotion,promotion, ACID table,Tbl:COMPLETE,Col:COMPLETE,Output:["p_promo_sk","p_channel_dmail","p_channel_email","p_channel_tv"]
                      <-Map Join Operator [MAPJOIN_302] (rows=23754047 width=0)
                          Conds:MAPJOIN_301._col2=RS_277._col0(Inner),Output:["_col1","_col3","_col4"]
                        <-Map 7 [BROADCAST_EDGE] vectorized, llap
                          BROADCAST [RS_277]
                            PartitionCols:_col0
                            Select Operator [SEL_276] (rows=341 width=8)
                              Output:["_col0"]
                              Filter Operator [FIL_275] (rows=341 width=119)
                                predicate:(s_gmt_offset = -7)
                                TableScan [TS_15] (rows=1704 width=119)
                                  default@store,store, ACID table,Tbl:COMPLETE,Col:COMPLETE,Output:["s_store_sk","s_gmt_offset"]
                        <-Map Join Operator [MAPJOIN_301] (rows=118561176 width=0)
                            Conds:MAPJOIN_300._col0=RS_273._col0(Inner),Output:["_col1","_col2","_col3","_col4"]
                          <-Map 6 [BROADCAST_EDGE] vectorized, llap
                            BROADCAST [RS_273]
                              PartitionCols:_col0
                              Select Operator [SEL_272] (rows=42000 width=8)
                                Output:["_col0"]
                                Filter Operator [FIL_271] (rows=42000 width=98)
                                  predicate:(i_category = 'Electronics                                       ')
                                  TableScan [TS_12] (rows=462000 width=98)
                                    default@item,item, ACID table,Tbl:COMPLETE,Col:COMPLETE,Output:["i_item_sk","i_category"]
                          <-Map Join Operator [MAPJOIN_300] (rows=1304172894 width=8)
                              Conds:SEL_299._col5=RS_263._col0(Inner),Output:["_col0","_col1","_col2","_col3","_col4"]
                            <-Map 5 [BROADCAST_EDGE] vectorized, llap
                              BROADCAST [RS_263]
                                PartitionCols:_col0
                                Select Operator [SEL_262] (rows=31 width=8)
                                  Output:["_col0"]
                                  Filter Operator [FIL_261] (rows=31 width=16)
                                    predicate:((d_year = 1999) and (d_moy = 11))
                                    TableScan [TS_9] (rows=73049 width=16)
                                      default@date_dim,date_dim, ACID table,Tbl:COMPLETE,Col:COMPLETE,Output:["d_date_sk","d_year","d_moy"]
                            <-Select Operator [SEL_299] (rows=76821047305 width=148)
                                Output:["_col0","_col1","_col2","_col3","_col4","_col5"]
                                Filter Operator [FIL_298] (rows=76821047305 width=148)
                                  predicate:(ss_customer_sk is not null and ss_store_sk is not null and ss_promo_sk is not null)
                                  TableScan [TS_6] (rows=82510879939 width=148)
                                    default@store_sales,store_sales, ACID table,Tbl:COMPLETE,Col:COMPLETE,Output:["ss_item_sk","ss_customer_sk","ss_store_sk","ss_promo_sk","ss_ext_sales_price"]
          <-Group By Operator [GBY_309] (rows=1 width=112)
              Output:["_col0"],aggregations:["sum(VALUE._col0)"]
            <-Map 9 [CUSTOM_SIMPLE_EDGE] vectorized, llap
              PARTITION_ONLY_SHUFFLE [RS_294]
                Group By Operator [GBY_293] (rows=1 width=112)
                  Output:["_col0"],aggregations:["sum(_col6)"]
                  Map Join Operator [MAPJOIN_292] (rows=4054303 width=0)
                    Conds:RS_286._col0=MAPJOIN_291._col1(Inner),Output:["_col6"]
                  <-Map 1 [BROADCAST_EDGE] vectorized, llap
                    BROADCAST [RS_286]
                      PartitionCols:_col0
                       Please refer to the previous Map Join Operator [MAPJOIN_284]
                  <-Map Join Operator [MAPJOIN_291] (rows=24325812 width=0)
                      Conds:MAPJOIN_290._col2=RS_278._col0(Inner),Output:["_col1","_col3"]
                    <-Map 7 [BROADCAST_EDGE] vectorized, llap
                      BROADCAST [RS_278]
                        PartitionCols:_col0
                         Please refer to the previous Select Operator [SEL_276]
                    <-Map Join Operator [MAPJOIN_290] (rows=121414971 width=0)
                        Conds:MAPJOIN_289._col0=RS_274._col0(Inner),Output:["_col1","_col2","_col3"]
                      <-Map 6 [BROADCAST_EDGE] vectorized, llap
                        BROADCAST [RS_274]
                          PartitionCols:_col0
                           Please refer to the previous Select Operator [SEL_272]
                      <-Map Join Operator [MAPJOIN_289] (rows=1335564641 width=8)
                          Conds:SEL_288._col4=RS_265._col0(Inner),Output:["_col0","_col1","_col2","_col3"]
                        <-Map 5 [BROADCAST_EDGE] vectorized, llap
                          BROADCAST [RS_265]
                            PartitionCols:_col0
                             Please refer to the previous Select Operator [SEL_262]
                        <-Select Operator [SEL_288] (rows=78670147920 width=140)
                            Output:["_col0","_col1","_col2","_col3","_col4"]
                            Filter Operator [FIL_287] (rows=78670147920 width=140)
                              predicate:(ss_customer_sk is not null and ss_store_sk is not null)
                              TableScan [TS_51] (rows=82510879939 width=140)
                                default@store_sales,store_sales, ACID table,Tbl:COMPLETE,Col:COMPLETE,Output:["ss_item_sk","ss_customer_sk","ss_store_sk","ss_ext_sales_price"]

