Plan optimized by CBO.

Vertex dependency in root stage
Map 1 <- Map 4 (BROADCAST_EDGE), Map 5 (BROADCAST_EDGE), Map 6 (BROADCAST_EDGE), Map 7 (BROADCAST_EDGE)
Reducer 2 <- Map 1 (SIMPLE_EDGE)
Reducer 3 <- Reducer 2 (SIMPLE_EDGE)

Stage-0
  Fetch Operator
    limit:100
    Stage-1
      Reducer 3 vectorized, llap
      File Output Operator [FS_129]
        Limit [LIM_128] (rows=100 width=444)
          Number of rows:100
          Select Operator [SEL_127] (rows=247524 width=444)
            Output:["_col0","_col1","_col2","_col3","_col4"]
          <-Reducer 2 [SIMPLE_EDGE] vectorized, llap
            SHUFFLE [RS_126]
              Select Operator [SEL_125] (rows=247524 width=444)
                Output:["_col0","_col1","_col2","_col3","_col4"]
                Group By Operator [GBY_124] (rows=247524 width=476)
                  Output:["_col0","_col1","_col2","_col3","_col4","_col5","_col6","_col7","_col8"],aggregations:["sum(VALUE._col0)","count(VALUE._col1)","sum(VALUE._col2)","count(VALUE._col3)","sum(VALUE._col4)","count(VALUE._col5)","sum(VALUE._col6)","count(VALUE._col7)"],keys:KEY._col0
                <-Map 1 [SIMPLE_EDGE] vectorized, llap
                  SHUFFLE [RS_123]
                    PartitionCols:_col0
                    Group By Operator [GBY_122] (rows=22029636 width=476)
                      Output:["_col0","_col1","_col2","_col3","_col4","_col5","_col6","_col7","_col8"],aggregations:["sum(_col3)","count(_col3)","sum(_col4)","count(_col4)","sum(_col6)","count(_col6)","sum(_col5)","count(_col5)"],keys:_col12
                      Top N Key Operator [TNK_121] (rows=225876909 width=100)
                        keys:_col12,top n:100
                        Map Join Operator [MAPJOIN_120] (rows=225876909 width=100)
                          Conds:MAPJOIN_119._col0=RS_114._col0(Inner),Output:["_col3","_col4","_col5","_col6","_col12"]
                        <-Map 7 [BROADCAST_EDGE] vectorized, llap
                          BROADCAST [RS_114]
                            PartitionCols:_col0
                            Select Operator [SEL_113] (rows=462000 width=108)
                              Output:["_col0","_col1"]
                              TableScan [TS_12] (rows=462000 width=108)
                                default@item,item, ACID table,Tbl:COMPLETE,Col:COMPLETE,Output:["i_item_sk","i_item_id"]
                        <-Map Join Operator [MAPJOIN_119] (rows=225876909 width=8)
                            Conds:MAPJOIN_118._col2=RS_112._col0(Inner),Output:["_col0","_col3","_col4","_col5","_col6"]
                          <-Map 6 [BROADCAST_EDGE] vectorized, llap
                            BROADCAST [RS_112]
                              PartitionCols:_col0
                              Select Operator [SEL_111] (rows=2300 width=8)
                                Output:["_col0"]
                                Filter Operator [FIL_110] (rows=2300 width=178)
                                  predicate:((p_channel_email = 'N') or (p_channel_event = 'N'))
                                  TableScan [TS_9] (rows=2300 width=178)
                                    default@promotion,promotion, ACID table,Tbl:COMPLETE,Col:COMPLETE,Output:["p_promo_sk","p_channel_email","p_channel_event"]
                          <-Map Join Operator [MAPJOIN_118] (rows=225876909 width=8)
                              Conds:MAPJOIN_117._col1=RS_109._col0(Inner),Output:["_col0","_col2","_col3","_col4","_col5","_col6"]
                            <-Map 5 [BROADCAST_EDGE] vectorized, llap
                              BROADCAST [RS_109]
                                PartitionCols:_col0
                                Select Operator [SEL_108] (rows=27440 width=8)
                                  Output:["_col0"]
                                  Filter Operator [FIL_107] (rows=27440 width=272)
                                    predicate:((cd_marital_status = 'W') and (cd_gender = 'F') and (cd_education_status = 'Primary             '))
                                    TableScan [TS_6] (rows=1920800 width=272)
                                      default@customer_demographics,customer_demographics, ACID table,Tbl:COMPLETE,Col:COMPLETE,Output:["cd_demo_sk","cd_gender","cd_marital_status","cd_education_status"]
                            <-Map Join Operator [MAPJOIN_117] (rows=15811383493 width=322)
                                Conds:SEL_116._col7=RS_103._col0(Inner),Output:["_col0","_col1","_col2","_col3","_col4","_col5","_col6"]
                              <-Map 4 [BROADCAST_EDGE] vectorized, llap
                                BROADCAST [RS_103]
                                  PartitionCols:_col0
                                  Select Operator [SEL_102] (rows=367 width=8)
                                    Output:["_col0"]
                                    Filter Operator [FIL_101] (rows=367 width=12)
                                      predicate:(d_year = 1998)
                                      TableScan [TS_3] (rows=73049 width=12)
                                        default@date_dim,date_dim, ACID table,Tbl:COMPLETE,Col:COMPLETE,Output:["d_date_sk","d_year"]
                                Dynamic Partitioning Event Operator [EVENT_106] (rows=183 width=8)
                                  Group By Operator [GBY_105] (rows=183 width=8)
                                    Output:["_col0"],keys:_col0
                                    Select Operator [SEL_104] (rows=367 width=8)
                                      Output:["_col0"]
                                       Please refer to the previous Select Operator [SEL_102]
                              <-Select Operator [SEL_116] (rows=78670256451 width=363)
                                  Output:["_col0","_col1","_col2","_col3","_col4","_col5","_col6","_col7"]
                                  Filter Operator [FIL_115] (rows=78670256451 width=363)
                                    predicate:(ss_cdemo_sk is not null and ss_promo_sk is not null)
                                    TableScan [TS_0] (rows=82510879939 width=363)
                                      default@store_sales,store_sales, ACID table,Tbl:COMPLETE,Col:COMPLETE,Output:["ss_item_sk","ss_cdemo_sk","ss_promo_sk","ss_quantity","ss_list_price","ss_sales_price","ss_coupon_amt"]

