Plan optimized by CBO.

Vertex dependency in root stage
Map 1 <- Map 4 (BROADCAST_EDGE), Map 5 (BROADCAST_EDGE)
Reducer 2 <- Map 1 (SIMPLE_EDGE)
Reducer 3 <- Reducer 2 (SIMPLE_EDGE)

Stage-0
  Fetch Operator
    limit:100
    Stage-1
      Reducer 3 vectorized, llap
      File Output Operator [FS_83]
        Limit [LIM_82] (rows=54 width=228)
          Number of rows:100
          Select Operator [SEL_81] (rows=54 width=228)
            Output:["_col0","_col1","_col2"]
          <-Reducer 2 [SIMPLE_EDGE] llap
            SHUFFLE [RS_27]
              Select Operator [SEL_24] (rows=54 width=228)
                Output:["_col0","_col1","_col2"]
                Top N Key Operator [TNK_40] (rows=54 width=228)
                  keys:_col0, avg_window_0, _col2,top n:100
                  Filter Operator [FIL_36] (rows=54 width=228)
                    predicate:CASE WHEN ((avg_window_0 > 0)) THEN (((abs((_col2 - avg_window_0)) / avg_window_0) > 0.1)) ELSE (false) END
                    Select Operator [SEL_23] (rows=108 width=116)
                      Output:["avg_window_0","_col0","_col2"]
                      PTF Operator [PTF_22] (rows=108 width=116)
                        Function definitions:[{},{"name:":"windowingtablefunction","order by:":"_col0 ASC NULLS FIRST","partition by:":"_col0"}]
                        Select Operator [SEL_19] (rows=108 width=120)
                          Output:["_col0","_col2"]
                          Group By Operator [GBY_18] (rows=108 width=120)
                            Output:["_col0","_col1","_col2"],aggregations:["sum(VALUE._col0)"],keys:KEY._col0, KEY._col1
                          <-Map 1 [SIMPLE_EDGE] vectorized, llap
                            SHUFFLE [RS_78]
                              PartitionCols:_col0
                              Group By Operator [GBY_77] (rows=108 width=120)
                                Output:["_col0","_col1","_col2"],aggregations:["sum(_col1)"],keys:_col4, _col6
                                Map Join Operator [MAPJOIN_76] (rows=1440007 width=8)
                                  Conds:MAPJOIN_75._col2=RS_69._col0(Inner),Output:["_col1","_col4","_col6"]
                                <-Map 5 [BROADCAST_EDGE] vectorized, llap
                                  BROADCAST [RS_69]
                                    PartitionCols:_col0
                                    Select Operator [SEL_68] (rows=359 width=12)
                                      Output:["_col0","_col1"]
                                      Filter Operator [FIL_67] (rows=359 width=16)
                                        predicate:(d_month_seq) IN (1212, 1213, 1214, 1215, 1216, 1217, 1218, 1219, 1220, 1221, 1222, 1223)
                                        TableScan [TS_6] (rows=73049 width=16)
                                          default@date_dim,date_dim, ACID table,Tbl:COMPLETE,Col:COMPLETE,Output:["d_date_sk","d_month_seq","d_moy"]
                                  Dynamic Partitioning Event Operator [EVENT_72] (rows=179 width=8)
                                    Group By Operator [GBY_71] (rows=179 width=8)
                                      Output:["_col0"],keys:_col0
                                      Select Operator [SEL_70] (rows=359 width=8)
                                        Output:["_col0"]
                                         Please refer to the previous Select Operator [SEL_68]
                                <-Map Join Operator [MAPJOIN_75] (rows=7324477 width=12)
                                    Conds:SEL_74._col0=RS_66._col0(Inner),Output:["_col1","_col2","_col4"]
                                  <-Map 4 [BROADCAST_EDGE] vectorized, llap
                                    BROADCAST [RS_66]
                                      PartitionCols:_col0
                                      Select Operator [SEL_65] (rows=42 width=12)
                                        Output:["_col0","_col1"]
                                        Filter Operator [FIL_64] (rows=42 width=294)
                                          predicate:((i_brand) IN ('scholaramalgamalg #14                             ', 'scholaramalgamalg #7                              ', 'exportiunivamalg #9                               ', 'scholaramalgamalg #9                              ', 'amalgimporto #1                                   ', 'edu packscholar #1                                ', 'exportiimporto #1                                 ', 'importoamalg #1                                   ') and (i_class) IN ('personal                                          ', 'portable                                          ', 'refernece                                         ', 'self-help                                         ', 'accessories                                       ', 'classical                                         ', 'fragrances                                        ', 'pants                                             ') and (i_category) IN ('Books                                             ', 'Children                                          ', 'Electronics                                       ', 'Women                                             ', 'Music                                             ', 'Men                                               ') and (((i_category) IN ('Books                                             ', 'Children                                          ', 'Electronics                                       ') and (i_class) IN ('personal                                          ', 'portable                                          ', 'refernece                                         ', 'self-help                                         ') and (i_brand) IN ('scholaramalgamalg #14                             ', 'scholaramalgamalg #7                              ', 'exportiunivamalg #9                               ', 'scholaramalgamalg #9                              ')) or ((i_category) IN ('Women                                             ', 'Music                                             ', 'Men                                               ') and (i_class) IN ('accessories                                       ', 'classical                                         ', 'fragrances                                        ', 'pants                                             ') and (i_brand) IN ('amalgimporto #1                                   ', 'edu packscholar #1                                ', 'exportiimporto #1                                 ', 'importoamalg #1                                   '))))
                                          TableScan [TS_3] (rows=462000 width=293)
                                            default@item,item, ACID table,Tbl:COMPLETE,Col:COMPLETE,Output:["i_item_sk","i_brand","i_class","i_category","i_manager_id"]
                                  <-Select Operator [SEL_74] (rows=80569240632 width=125)
                                      Output:["_col0","_col1","_col2"]
                                      Filter Operator [FIL_73] (rows=80569240632 width=133)
                                        predicate:ss_store_sk is not null
                                        TableScan [TS_0] (rows=82510879939 width=133)
                                          default@store_sales,store_sales, ACID table,Tbl:COMPLETE,Col:COMPLETE,Output:["ss_item_sk","ss_store_sk","ss_sales_price"]

