Warning: Map Join MAPJOIN[318][bigTable=?] in task 'Reducer 6' is a cross product
Warning: Map Join MAPJOIN[320][bigTable=?] in task 'Reducer 7' is a cross product
Plan optimized by CBO.

Vertex dependency in root stage
Map 1 <- Map 4 (BROADCAST_EDGE), Reducer 12 (BROADCAST_EDGE), Reducer 6 (BROADCAST_EDGE), Union 2 (CONTAINS)
Map 11 <- Map 4 (BROADCAST_EDGE)
Map 15 <- Map 16 (BROADCAST_EDGE), Reducer 13 (BROADCAST_EDGE), Reducer 7 (BROADCAST_EDGE), Union 2 (CONTAINS)
Map 8 <- Map 4 (BROADCAST_EDGE)
Reducer 10 <- Reducer 9 (CUSTOM_SIMPLE_EDGE)
Reducer 12 <- Map 11 (SIMPLE_EDGE), Map 14 (BROADCAST_EDGE)
Reducer 13 <- Map 11 (SIMPLE_EDGE), Map 14 (BROADCAST_EDGE)
Reducer 3 <- Union 2 (CUSTOM_SIMPLE_EDGE)
Reducer 6 <- Map 5 (SIMPLE_EDGE), Reducer 10 (BROADCAST_EDGE)
Reducer 7 <- Map 5 (SIMPLE_EDGE), Reducer 10 (BROADCAST_EDGE)
Reducer 9 <- Map 8 (SIMPLE_EDGE)

Stage-0
  Fetch Operator
    limit:-1
    Stage-1
      Reducer 3 vectorized, llap
      File Output Operator [FS_442]
        Group By Operator [GBY_441] (rows=1 width=112)
          Output:["_col0"],aggregations:["sum(VALUE._col0)"]
        <-Union 2 [CUSTOM_SIMPLE_EDGE]
          <-Map 1 [CONTAINS] vectorized, llap
            Reduce Output Operator [RS_440]
              Group By Operator [GBY_439] (rows=1 width=112)
                Output:["_col0"],aggregations:["sum(_col0)"]
                Select Operator [SEL_438] (rows=723144625 width=112)
                  Output:["_col0"]
                  Map Join Operator [MAPJOIN_437] (rows=723144625 width=98)
                    Conds:SEL_436._col0=RS_431._col0(Left Semi),Output:["_col1","_col2"]
                  <-Reducer 12 [BROADCAST_EDGE] vectorized, llap
                    BROADCAST [RS_431]
                      PartitionCols:_col0
                      Group By Operator [GBY_430] (rows=64646121 width=8)
                        Output:["_col0"],keys:_col0
                        Select Operator [SEL_429] (rows=5527761163 width=8)
                          Output:["_col0"]
                          Filter Operator [FIL_428] (rows=5527761163 width=16)
                            predicate:(_col2 > 4L)
                            Select Operator [SEL_427] (rows=16583283491 width=16)
                              Output:["_col0","_col2"]
                              Map Join Operator [MAPJOIN_426] (rows=16583283491 width=16)
                                Conds:SEL_425._col0=RS_422._col0(Inner),Output:["_col2","_col3"]
                              <-Map 14 [BROADCAST_EDGE] vectorized, llap
                                BROADCAST [RS_422]
                                  PartitionCols:_col0
                                  Select Operator [SEL_421] (rows=462000 width=8)
                                    Output:["_col0"]
                                    TableScan [TS_65] (rows=462000 width=8)
                                      default@item,item, ACID table,Tbl:COMPLETE,Col:COMPLETE,Output:["i_item_sk"]
                              <-Select Operator [SEL_425] (rows=16583283491 width=72)
                                  Output:["_col0","_col2"]
                                  Group By Operator [GBY_424] (rows=16583283491 width=72)
                                    Output:["_col0","_col1","_col2"],aggregations:["count(VALUE._col0)"],keys:KEY._col0, KEY._col1
                                  <-Map 11 [SIMPLE_EDGE] vectorized, llap
                                    SHUFFLE [RS_419]
                                      PartitionCols:_col0, _col1
                                      Group By Operator [GBY_418] (rows=33166566982 width=72)
                                        Output:["_col0","_col1","_col2"],aggregations:["count()"],keys:_col0, _col3
                                        Map Join Operator [MAPJOIN_417] (rows=66333133964 width=64)
                                          Conds:SEL_416._col1=RS_382._col0(Inner),Output:["_col0","_col3"]
                                        <-Map 4 [BROADCAST_EDGE] vectorized, llap
                                          BROADCAST [RS_382]
                                            PartitionCols:_col0
                                            Select Operator [SEL_377] (rows=1468 width=64)
                                              Output:["_col0","_col1"]
                                              Filter Operator [FIL_374] (rows=1468 width=68)
                                                predicate:(d_year) IN (1999, 2000, 2001, 2002)
                                                TableScan [TS_3] (rows=73049 width=16)
                                                  default@date_dim,date_dim, ACID table,Tbl:COMPLETE,Col:COMPLETE,Output:["d_date_sk","d_year","d_moy","d_date"]
                                        <-Select Operator [SEL_416] (rows=82510879939 width=16)
                                            Output:["_col0","_col1"]
                                            TableScan [TS_51] (rows=82510879939 width=16)
                                              default@store_sales,store_sales, ACID table,Tbl:COMPLETE,Col:COMPLETE,Output:["ss_item_sk"]
                  <-Select Operator [SEL_436] (rows=723144625 width=106)
                      Output:["_col0","_col1","_col2"]
                      Map Join Operator [MAPJOIN_435] (rows=723144625 width=106)
                        Conds:MAPJOIN_434._col0=RS_415._col0(Left Semi),Output:["_col1","_col2","_col3"]
                      <-Reducer 6 [BROADCAST_EDGE] vectorized, llap
                        BROADCAST [RS_415]
                          PartitionCols:_col0
                          Group By Operator [GBY_414] (rows=26175322 width=7)
                            Output:["_col0"],keys:_col0
                            Select Operator [SEL_413] (rows=26175322 width=7)
                              Output:["_col0"]
                              Filter Operator [FIL_412] (rows=26175322 width=231)
                                predicate:(_col1 > _col2)
                                Map Join Operator [MAPJOIN_411] (rows=78525966 width=231)
                                  Conds:(Inner),Output:["_col0","_col1","_col2"]
                                <-Reducer 10 [BROADCAST_EDGE] vectorized, llap
                                  BROADCAST [RS_407]
                                    Select Operator [SEL_406] (rows=1 width=112)
                                      Output:["_col0"]
                                      Filter Operator [FIL_405] (rows=1 width=112)
                                        predicate:_col0 is not null
                                        Group By Operator [GBY_404] (rows=1 width=112)
                                          Output:["_col0"],aggregations:["max(VALUE._col0)"]
                                        <-Reducer 9 [CUSTOM_SIMPLE_EDGE] vectorized, llap
                                          PARTITION_ONLY_SHUFFLE [RS_403]
                                            Group By Operator [GBY_402] (rows=1 width=112)
                                              Output:["_col0"],aggregations:["max(_col1)"]
                                              Select Operator [SEL_401] (rows=63129535 width=119)
                                                Output:["_col1"]
                                                Group By Operator [GBY_400] (rows=63129535 width=119)
                                                  Output:["_col0","_col1"],aggregations:["sum(VALUE._col0)"],keys:KEY._col0
                                                <-Map 8 [SIMPLE_EDGE] vectorized, llap
                                                  SHUFFLE [RS_399]
                                                    PartitionCols:_col0
                                                    Group By Operator [GBY_398] (rows=64769599664 width=119)
                                                      Output:["_col0","_col1"],aggregations:["sum(_col2)"],keys:_col1
                                                      Map Join Operator [MAPJOIN_397] (rows=64769599664 width=119)
                                                        Conds:SEL_396._col0=RS_380._col0(Inner),Output:["_col1","_col2"]
                                                      <-Map 4 [BROADCAST_EDGE] vectorized, llap
                                                        BROADCAST [RS_380]
                                                          PartitionCols:_col0
                                                          Select Operator [SEL_376] (rows=1468 width=8)
                                                            Output:["_col0"]
                                                            Filter Operator [FIL_373] (rows=1468 width=12)
                                                              predicate:(d_year) IN (1999, 2000, 2001, 2002)
                                                               Please refer to the previous TableScan [TS_3]
                                                      <-Select Operator [SEL_396] (rows=80566020964 width=127)
                                                          Output:["_col0","_col1","_col2"]
                                                          Filter Operator [FIL_395] (rows=80566020964 width=129)
                                                            predicate:ss_customer_sk is not null
                                                            TableScan [TS_19] (rows=82510879939 width=129)
                                                              default@store_sales,store_sales, ACID table,Tbl:COMPLETE,Col:COMPLETE,Output:["ss_customer_sk","ss_quantity","ss_sales_price"]
                                <-Filter Operator [FIL_410] (rows=78525966 width=119)
                                    predicate:_col1 is not null
                                    Group By Operator [GBY_409] (rows=78525966 width=119)
                                      Output:["_col0","_col1"],aggregations:["sum(VALUE._col0)"],keys:KEY._col0
                                    <-Map 5 [SIMPLE_EDGE] vectorized, llap
                                      SHUFFLE [RS_393]
                                        PartitionCols:_col0
                                        Group By Operator [GBY_392] (rows=82514936083 width=119)
                                          Output:["_col0","_col1"],aggregations:["sum(_col1)"],keys:_col0
                                          Select Operator [SEL_391] (rows=82514936083 width=118)
                                            Output:["_col0","_col1"]
                                            Filter Operator [FIL_390] (rows=82514936083 width=118)
                                              predicate:ss_customer_sk is not null
                                              TableScan [TS_10] (rows=86404891377 width=118)
                                                default@store_sales,store_sales, ACID table,Tbl:COMPLETE,Col:COMPLETE,Output:["ss_customer_sk","ss_quantity","ss_sales_price"]
                      <-Map Join Operator [MAPJOIN_434] (rows=723144625 width=113)
                          Conds:SEL_433._col4=RS_378._col0(Inner),Output:["_col0","_col1","_col2","_col3"]
                        <-Map 4 [BROADCAST_EDGE] vectorized, llap
                          BROADCAST [RS_378]
                            PartitionCols:_col0
                            Select Operator [SEL_375] (rows=31 width=8)
                              Output:["_col0"]
                              Filter Operator [FIL_372] (rows=31 width=16)
                                predicate:((d_year = 1999) and (d_moy = 1))
                                 Please refer to the previous TableScan [TS_3]
                        <-Select Operator [SEL_433] (rows=42899393143 width=139)
                            Output:["_col0","_col1","_col2","_col3","_col4"]
                            Filter Operator [FIL_432] (rows=42899393143 width=139)
                              predicate:cs_bill_customer_sk is not null
                              TableScan [TS_336] (rows=43005109025 width=139)
                                Output:["cs_bill_customer_sk","cs_item_sk","cs_quantity","cs_list_price"]
          <-Map 15 [CONTAINS] vectorized, llap
            Reduce Output Operator [RS_472]
              Group By Operator [GBY_471] (rows=1 width=112)
                Output:["_col0"],aggregations:["sum(_col0)"]
                Select Operator [SEL_470] (rows=366561381 width=112)
                  Output:["_col0"]
                  Map Join Operator [MAPJOIN_469] (rows=366561381 width=115)
                    Conds:SEL_468._col0=RS_457._col0(Left Semi),Output:["_col1","_col2"]
                  <-Reducer 13 [BROADCAST_EDGE] vectorized, llap
                    BROADCAST [RS_457]
                      PartitionCols:_col0
                      Group By Operator [GBY_456] (rows=64646121 width=8)
                        Output:["_col0"],keys:_col0
                        Select Operator [SEL_455] (rows=5527761163 width=8)
                          Output:["_col0"]
                          Filter Operator [FIL_454] (rows=5527761163 width=16)
                            predicate:(_col2 > 4L)
                            Select Operator [SEL_453] (rows=16583283491 width=16)
                              Output:["_col0","_col2"]
                              Map Join Operator [MAPJOIN_452] (rows=16583283491 width=16)
                                Conds:SEL_451._col0=RS_423._col0(Inner),Output:["_col2","_col3"]
                              <-Map 14 [BROADCAST_EDGE] vectorized, llap
                                BROADCAST [RS_423]
                                  PartitionCols:_col0
                                   Please refer to the previous Select Operator [SEL_421]
                              <-Select Operator [SEL_451] (rows=16583283491 width=72)
                                  Output:["_col0","_col2"]
                                  Group By Operator [GBY_450] (rows=16583283491 width=72)
                                    Output:["_col0","_col1","_col2"],aggregations:["count(VALUE._col0)"],keys:KEY._col0, KEY._col1
                                  <-Map 11 [SIMPLE_EDGE] vectorized, llap
                                    SHUFFLE [RS_420]
                                      PartitionCols:_col0, _col1
                                       Please refer to the previous Group By Operator [GBY_418]
                  <-Select Operator [SEL_468] (rows=366561381 width=123)
                      Output:["_col0","_col1","_col2"]
                      Map Join Operator [MAPJOIN_467] (rows=366561381 width=123)
                        Conds:MAPJOIN_466._col1=RS_449._col0(Left Semi),Output:["_col0","_col2","_col3"]
                      <-Reducer 7 [BROADCAST_EDGE] vectorized, llap
                        BROADCAST [RS_449]
                          PartitionCols:_col0
                          Group By Operator [GBY_448] (rows=26175322 width=7)
                            Output:["_col0"],keys:_col0
                            Select Operator [SEL_447] (rows=26175322 width=7)
                              Output:["_col0"]
                              Filter Operator [FIL_446] (rows=26175322 width=231)
                                predicate:(_col1 > _col2)
                                Map Join Operator [MAPJOIN_445] (rows=78525966 width=231)
                                  Conds:(Inner),Output:["_col0","_col1","_col2"]
                                <-Reducer 10 [BROADCAST_EDGE] vectorized, llap
                                  BROADCAST [RS_408]
                                     Please refer to the previous Select Operator [SEL_406]
                                <-Filter Operator [FIL_444] (rows=78525966 width=119)
                                    predicate:_col1 is not null
                                    Group By Operator [GBY_443] (rows=78525966 width=119)
                                      Output:["_col0","_col1"],aggregations:["sum(VALUE._col0)"],keys:KEY._col0
                                    <-Map 5 [SIMPLE_EDGE] vectorized, llap
                                      SHUFFLE [RS_394]
                                        PartitionCols:_col0
                                         Please refer to the previous Group By Operator [GBY_392]
                      <-Map Join Operator [MAPJOIN_466] (rows=366561381 width=131)
                          Conds:SEL_465._col4=RS_460._col0(Inner),Output:["_col0","_col1","_col2","_col3"]
                        <-Map 16 [BROADCAST_EDGE] vectorized, llap
                          BROADCAST [RS_460]
                            PartitionCols:_col0
                            Select Operator [SEL_459] (rows=31 width=8)
                              Output:["_col0"]
                              Filter Operator [FIL_458] (rows=31 width=16)
                                predicate:((d_year = 1999) and (d_moy = 1))
                                TableScan [TS_82] (rows=73049 width=16)
                                  default@date_dim,date_dim, ACID table,Tbl:COMPLETE,Col:COMPLETE,Output:["d_date_sk","d_year","d_moy"]
                          Dynamic Partitioning Event Operator [EVENT_463] (rows=15 width=8)
                            Group By Operator [GBY_462] (rows=15 width=8)
                              Output:["_col0"],keys:_col0
                              Select Operator [SEL_461] (rows=31 width=8)
                                Output:["_col0"]
                                 Please refer to the previous Select Operator [SEL_459]
                        <-Select Operator [SEL_465] (rows=21591944812 width=139)
                            Output:["_col0","_col1","_col2","_col3","_col4"]
                            Filter Operator [FIL_464] (rows=21591944812 width=139)
                              predicate:ws_bill_customer_sk is not null
                              TableScan [TS_354] (rows=21594638446 width=139)
                                Output:["ws_item_sk","ws_bill_customer_sk","ws_quantity","ws_list_price"]

