Warning: Map Join MAPJOIN[185][bigTable=?] in task 'Map 1' is a cross product
Warning: Map Join MAPJOIN[184][bigTable=?] in task 'Map 1' is a cross product
Warning: Map Join MAPJOIN[183][bigTable=?] in task 'Map 1' is a cross product
Warning: Map Join MAPJOIN[182][bigTable=?] in task 'Map 1' is a cross product
Warning: Map Join MAPJOIN[181][bigTable=?] in task 'Map 1' is a cross product
Warning: Map Join MAPJOIN[180][bigTable=?] in task 'Map 1' is a cross product
Warning: Map Join MAPJOIN[179][bigTable=?] in task 'Map 1' is a cross product
Warning: Map Join MAPJOIN[178][bigTable=?] in task 'Map 1' is a cross product
Warning: Map Join MAPJOIN[177][bigTable=?] in task 'Map 1' is a cross product
Warning: Map Join MAPJOIN[176][bigTable=?] in task 'Map 1' is a cross product
Warning: Map Join MAPJOIN[175][bigTable=?] in task 'Map 1' is a cross product
Warning: Map Join MAPJOIN[174][bigTable=?] in task 'Map 1' is a cross product
Warning: Map Join MAPJOIN[173][bigTable=?] in task 'Map 1' is a cross product
Warning: Map Join MAPJOIN[172][bigTable=?] in task 'Map 1' is a cross product
Warning: Map Join MAPJOIN[171][bigTable=?] in task 'Map 1' is a cross product
Plan optimized by CBO.

Vertex dependency in root stage
Map 1 <- Reducer 10 (BROADCAST_EDGE), Reducer 11 (BROADCAST_EDGE), Reducer 12 (BROADCAST_EDGE), Reducer 13 (BROADCAST_EDGE), Reducer 14 (BROADCAST_EDGE), Reducer 15 (BROADCAST_EDGE), Reducer 16 (BROADCAST_EDGE), Reducer 17 (BROADCAST_EDGE), Reducer 3 (BROADCAST_EDGE), Reducer 4 (BROADCAST_EDGE), Reducer 5 (BROADCAST_EDGE), Reducer 6 (BROADCAST_EDGE), Reducer 7 (BROADCAST_EDGE), Reducer 8 (BROADCAST_EDGE), Reducer 9 (BROADCAST_EDGE)
Reducer 10 <- Map 2 (CUSTOM_SIMPLE_EDGE)
Reducer 11 <- Map 2 (CUSTOM_SIMPLE_EDGE)
Reducer 12 <- Map 2 (CUSTOM_SIMPLE_EDGE)
Reducer 13 <- Map 2 (CUSTOM_SIMPLE_EDGE)
Reducer 14 <- Map 2 (CUSTOM_SIMPLE_EDGE)
Reducer 15 <- Map 2 (CUSTOM_SIMPLE_EDGE)
Reducer 16 <- Map 2 (CUSTOM_SIMPLE_EDGE)
Reducer 17 <- Map 2 (CUSTOM_SIMPLE_EDGE)
Reducer 3 <- Map 2 (CUSTOM_SIMPLE_EDGE)
Reducer 4 <- Map 2 (CUSTOM_SIMPLE_EDGE)
Reducer 5 <- Map 2 (CUSTOM_SIMPLE_EDGE)
Reducer 6 <- Map 2 (CUSTOM_SIMPLE_EDGE)
Reducer 7 <- Map 2 (CUSTOM_SIMPLE_EDGE)
Reducer 8 <- Map 2 (CUSTOM_SIMPLE_EDGE)
Reducer 9 <- Map 2 (CUSTOM_SIMPLE_EDGE)

Stage-0
  Fetch Operator
    limit:-1
    Stage-1
      Map 1 vectorized, llap
      File Output Operator [FS_314]
        Select Operator [SEL_313] (rows=1 width=560)
          Output:["_col0","_col1","_col2","_col3","_col4"]
          Map Join Operator [MAPJOIN_312] (rows=1 width=1140)
            Conds:(Left Outer),Output:["_col1","_col2","_col3","_col4","_col5","_col6","_col7","_col8","_col9","_col10","_col11","_col12","_col13","_col14","_col15"]
          <-Reducer 8 [BROADCAST_EDGE] vectorized, llap
            BROADCAST [RS_268]
              Select Operator [SEL_267] (rows=1 width=112)
                Output:["_col0"]
                Group By Operator [GBY_266] (rows=1 width=120)
                  Output:["_col0","_col1"],aggregations:["sum(VALUE._col0)","count(VALUE._col1)"]
                <-Map 2 [CUSTOM_SIMPLE_EDGE] vectorized, llap
                  PARTITION_ONLY_SHUFFLE [RS_241]
                    Group By Operator [GBY_226] (rows=1 width=120)
                      Output:["_col0","_col1"],aggregations:["sum(ss_net_paid_inc_tax)","count(ss_net_paid_inc_tax)"]
                      Select Operator [SEL_211] (rows=16616325265 width=110)
                        Output:["ss_net_paid_inc_tax"]
                        Filter Operator [FIL_202] (rows=16616325265 width=3)
                          predicate:ss_quantity BETWEEN 81 AND 100
                          TableScan [TS_66] (rows=86404891377 width=3)
                            default@store_sales,store_sales, ACID table,Tbl:COMPLETE,Col:COMPLETE,Output:["ss_quantity","ss_ext_list_price","ss_net_paid_inc_tax"]
          <-Map Join Operator [MAPJOIN_311] (rows=1 width=1028)
              Conds:(Left Outer),Output:["_col1","_col2","_col3","_col4","_col5","_col6","_col7","_col8","_col9","_col10","_col11","_col12","_col13","_col14"]
            <-Reducer 7 [BROADCAST_EDGE] vectorized, llap
              BROADCAST [RS_265]
                Select Operator [SEL_264] (rows=1 width=112)
                  Output:["_col0"]
                  Group By Operator [GBY_263] (rows=1 width=120)
                    Output:["_col0","_col1"],aggregations:["sum(VALUE._col0)","count(VALUE._col1)"]
                  <-Map 2 [CUSTOM_SIMPLE_EDGE] vectorized, llap
                    PARTITION_ONLY_SHUFFLE [RS_240]
                      Group By Operator [GBY_225] (rows=1 width=120)
                        Output:["_col0","_col1"],aggregations:["sum(ss_ext_list_price)","count(ss_ext_list_price)"]
                        Select Operator [SEL_210] (rows=16616325265 width=110)
                          Output:["ss_ext_list_price"]
                           Please refer to the previous Filter Operator [FIL_202]
            <-Map Join Operator [MAPJOIN_310] (rows=1 width=916)
                Conds:(Left Outer),Output:["_col1","_col2","_col3","_col4","_col5","_col6","_col7","_col8","_col9","_col10","_col11","_col12","_col13"]
              <-Reducer 6 [BROADCAST_EDGE] vectorized, llap
                BROADCAST [RS_262]
                  Select Operator [SEL_261] (rows=1 width=4)
                    Output:["_col0"]
                    Group By Operator [GBY_260] (rows=1 width=8)
                      Output:["_col0"],aggregations:["count(VALUE._col0)"]
                    <-Map 2 [CUSTOM_SIMPLE_EDGE] vectorized, llap
                      PARTITION_ONLY_SHUFFLE [RS_239]
                        Group By Operator [GBY_224] (rows=1 width=8)
                          Output:["_col0"],aggregations:["count()"]
                          Select Operator [SEL_209] (rows=16616325265 width=3)
                             Please refer to the previous Filter Operator [FIL_202]
              <-Map Join Operator [MAPJOIN_309] (rows=1 width=912)
                  Conds:(Left Outer),Output:["_col1","_col2","_col3","_col4","_col5","_col6","_col7","_col8","_col9","_col10","_col11","_col12"]
                <-Reducer 5 [BROADCAST_EDGE] vectorized, llap
                  BROADCAST [RS_259]
                    Select Operator [SEL_258] (rows=1 width=112)
                      Output:["_col0"]
                      Group By Operator [GBY_257] (rows=1 width=120)
                        Output:["_col0","_col1"],aggregations:["sum(VALUE._col0)","count(VALUE._col1)"]
                      <-Map 2 [CUSTOM_SIMPLE_EDGE] vectorized, llap
                        PARTITION_ONLY_SHUFFLE [RS_238]
                          Group By Operator [GBY_223] (rows=1 width=120)
                            Output:["_col0","_col1"],aggregations:["sum(ss_net_paid_inc_tax)","count(ss_net_paid_inc_tax)"]
                            Select Operator [SEL_208] (rows=16616325265 width=110)
                              Output:["ss_net_paid_inc_tax"]
                              Filter Operator [FIL_201] (rows=16616325265 width=3)
                                predicate:ss_quantity BETWEEN 61 AND 80
                                 Please refer to the previous TableScan [TS_66]
                <-Map Join Operator [MAPJOIN_308] (rows=1 width=800)
                    Conds:(Left Outer),Output:["_col1","_col2","_col3","_col4","_col5","_col6","_col7","_col8","_col9","_col10","_col11"]
                  <-Reducer 4 [BROADCAST_EDGE] vectorized, llap
                    BROADCAST [RS_256]
                      Select Operator [SEL_255] (rows=1 width=112)
                        Output:["_col0"]
                        Group By Operator [GBY_254] (rows=1 width=120)
                          Output:["_col0","_col1"],aggregations:["sum(VALUE._col0)","count(VALUE._col1)"]
                        <-Map 2 [CUSTOM_SIMPLE_EDGE] vectorized, llap
                          PARTITION_ONLY_SHUFFLE [RS_237]
                            Group By Operator [GBY_222] (rows=1 width=120)
                              Output:["_col0","_col1"],aggregations:["sum(ss_ext_list_price)","count(ss_ext_list_price)"]
                              Select Operator [SEL_207] (rows=16616325265 width=110)
                                Output:["ss_ext_list_price"]
                                 Please refer to the previous Filter Operator [FIL_201]
                  <-Map Join Operator [MAPJOIN_307] (rows=1 width=688)
                      Conds:(Left Outer),Output:["_col1","_col2","_col3","_col4","_col5","_col6","_col7","_col8","_col9","_col10"]
                    <-Reducer 3 [BROADCAST_EDGE] vectorized, llap
                      BROADCAST [RS_253]
                        Select Operator [SEL_252] (rows=1 width=4)
                          Output:["_col0"]
                          Group By Operator [GBY_251] (rows=1 width=8)
                            Output:["_col0"],aggregations:["count(VALUE._col0)"]
                          <-Map 2 [CUSTOM_SIMPLE_EDGE] vectorized, llap
                            PARTITION_ONLY_SHUFFLE [RS_236]
                              Group By Operator [GBY_221] (rows=1 width=8)
                                Output:["_col0"],aggregations:["count()"]
                                Select Operator [SEL_206] (rows=16616325265 width=3)
                                   Please refer to the previous Filter Operator [FIL_201]
                    <-Map Join Operator [MAPJOIN_306] (rows=1 width=684)
                        Conds:(Left Outer),Output:["_col1","_col2","_col3","_col4","_col5","_col6","_col7","_col8","_col9"]
                      <-Reducer 17 [BROADCAST_EDGE] vectorized, llap
                        BROADCAST [RS_295]
                          Select Operator [SEL_294] (rows=1 width=112)
                            Output:["_col0"]
                            Group By Operator [GBY_293] (rows=1 width=120)
                              Output:["_col0","_col1"],aggregations:["sum(VALUE._col0)","count(VALUE._col1)"]
                            <-Map 2 [CUSTOM_SIMPLE_EDGE] vectorized, llap
                              PARTITION_ONLY_SHUFFLE [RS_250]
                                Group By Operator [GBY_235] (rows=1 width=120)
                                  Output:["_col0","_col1"],aggregations:["sum(ss_net_paid_inc_tax)","count(ss_net_paid_inc_tax)"]
                                  Select Operator [SEL_220] (rows=16616325265 width=110)
                                    Output:["ss_net_paid_inc_tax"]
                                    Filter Operator [FIL_205] (rows=16616325265 width=3)
                                      predicate:ss_quantity BETWEEN 41 AND 60
                                       Please refer to the previous TableScan [TS_66]
                      <-Map Join Operator [MAPJOIN_305] (rows=1 width=572)
                          Conds:(Left Outer),Output:["_col1","_col2","_col3","_col4","_col5","_col6","_col7","_col8"]
                        <-Reducer 16 [BROADCAST_EDGE] vectorized, llap
                          BROADCAST [RS_292]
                            Select Operator [SEL_291] (rows=1 width=112)
                              Output:["_col0"]
                              Group By Operator [GBY_290] (rows=1 width=120)
                                Output:["_col0","_col1"],aggregations:["sum(VALUE._col0)","count(VALUE._col1)"]
                              <-Map 2 [CUSTOM_SIMPLE_EDGE] vectorized, llap
                                PARTITION_ONLY_SHUFFLE [RS_249]
                                  Group By Operator [GBY_234] (rows=1 width=120)
                                    Output:["_col0","_col1"],aggregations:["sum(ss_ext_list_price)","count(ss_ext_list_price)"]
                                    Select Operator [SEL_219] (rows=16616325265 width=110)
                                      Output:["ss_ext_list_price"]
                                       Please refer to the previous Filter Operator [FIL_205]
                        <-Map Join Operator [MAPJOIN_304] (rows=1 width=460)
                            Conds:(Left Outer),Output:["_col1","_col2","_col3","_col4","_col5","_col6","_col7"]
                          <-Reducer 15 [BROADCAST_EDGE] vectorized, llap
                            BROADCAST [RS_289]
                              Select Operator [SEL_288] (rows=1 width=4)
                                Output:["_col0"]
                                Group By Operator [GBY_287] (rows=1 width=8)
                                  Output:["_col0"],aggregations:["count(VALUE._col0)"]
                                <-Map 2 [CUSTOM_SIMPLE_EDGE] vectorized, llap
                                  PARTITION_ONLY_SHUFFLE [RS_248]
                                    Group By Operator [GBY_233] (rows=1 width=8)
                                      Output:["_col0"],aggregations:["count()"]
                                      Select Operator [SEL_218] (rows=16616325265 width=3)
                                         Please refer to the previous Filter Operator [FIL_205]
                          <-Map Join Operator [MAPJOIN_303] (rows=1 width=456)
                              Conds:(Left Outer),Output:["_col1","_col2","_col3","_col4","_col5","_col6"]
                            <-Reducer 14 [BROADCAST_EDGE] vectorized, llap
                              BROADCAST [RS_286]
                                Select Operator [SEL_285] (rows=1 width=112)
                                  Output:["_col0"]
                                  Group By Operator [GBY_284] (rows=1 width=120)
                                    Output:["_col0","_col1"],aggregations:["sum(VALUE._col0)","count(VALUE._col1)"]
                                  <-Map 2 [CUSTOM_SIMPLE_EDGE] vectorized, llap
                                    PARTITION_ONLY_SHUFFLE [RS_247]
                                      Group By Operator [GBY_232] (rows=1 width=120)
                                        Output:["_col0","_col1"],aggregations:["sum(ss_net_paid_inc_tax)","count(ss_net_paid_inc_tax)"]
                                        Select Operator [SEL_217] (rows=16616325265 width=110)
                                          Output:["ss_net_paid_inc_tax"]
                                          Filter Operator [FIL_204] (rows=16616325265 width=3)
                                            predicate:ss_quantity BETWEEN 21 AND 40
                                             Please refer to the previous TableScan [TS_66]
                            <-Map Join Operator [MAPJOIN_302] (rows=1 width=344)
                                Conds:(Left Outer),Output:["_col1","_col2","_col3","_col4","_col5"]
                              <-Reducer 13 [BROADCAST_EDGE] vectorized, llap
                                BROADCAST [RS_283]
                                  Select Operator [SEL_282] (rows=1 width=112)
                                    Output:["_col0"]
                                    Group By Operator [GBY_281] (rows=1 width=120)
                                      Output:["_col0","_col1"],aggregations:["sum(VALUE._col0)","count(VALUE._col1)"]
                                    <-Map 2 [CUSTOM_SIMPLE_EDGE] vectorized, llap
                                      PARTITION_ONLY_SHUFFLE [RS_246]
                                        Group By Operator [GBY_231] (rows=1 width=120)
                                          Output:["_col0","_col1"],aggregations:["sum(ss_ext_list_price)","count(ss_ext_list_price)"]
                                          Select Operator [SEL_216] (rows=16616325265 width=110)
                                            Output:["ss_ext_list_price"]
                                             Please refer to the previous Filter Operator [FIL_204]
                              <-Map Join Operator [MAPJOIN_301] (rows=1 width=232)
                                  Conds:(Left Outer),Output:["_col1","_col2","_col3","_col4"]
                                <-Reducer 12 [BROADCAST_EDGE] vectorized, llap
                                  BROADCAST [RS_280]
                                    Select Operator [SEL_279] (rows=1 width=4)
                                      Output:["_col0"]
                                      Group By Operator [GBY_278] (rows=1 width=8)
                                        Output:["_col0"],aggregations:["count(VALUE._col0)"]
                                      <-Map 2 [CUSTOM_SIMPLE_EDGE] vectorized, llap
                                        PARTITION_ONLY_SHUFFLE [RS_245]
                                          Group By Operator [GBY_230] (rows=1 width=8)
                                            Output:["_col0"],aggregations:["count()"]
                                            Select Operator [SEL_215] (rows=16616325265 width=3)
                                               Please refer to the previous Filter Operator [FIL_204]
                                <-Map Join Operator [MAPJOIN_300] (rows=1 width=228)
                                    Conds:(Left Outer),Output:["_col1","_col2","_col3"]
                                  <-Reducer 11 [BROADCAST_EDGE] vectorized, llap
                                    BROADCAST [RS_277]
                                      Select Operator [SEL_276] (rows=1 width=112)
                                        Output:["_col0"]
                                        Group By Operator [GBY_275] (rows=1 width=120)
                                          Output:["_col0","_col1"],aggregations:["sum(VALUE._col0)","count(VALUE._col1)"]
                                        <-Map 2 [CUSTOM_SIMPLE_EDGE] vectorized, llap
                                          PARTITION_ONLY_SHUFFLE [RS_244]
                                            Group By Operator [GBY_229] (rows=1 width=120)
                                              Output:["_col0","_col1"],aggregations:["sum(ss_net_paid_inc_tax)","count(ss_net_paid_inc_tax)"]
                                              Select Operator [SEL_214] (rows=16616325265 width=110)
                                                Output:["ss_net_paid_inc_tax"]
                                                Filter Operator [FIL_203] (rows=16616325265 width=3)
                                                  predicate:ss_quantity BETWEEN 1 AND 20
                                                   Please refer to the previous TableScan [TS_66]
                                  <-Map Join Operator [MAPJOIN_299] (rows=1 width=116)
                                      Conds:(Left Outer),Output:["_col1","_col2"]
                                    <-Reducer 10 [BROADCAST_EDGE] vectorized, llap
                                      BROADCAST [RS_274]
                                        Select Operator [SEL_273] (rows=1 width=112)
                                          Output:["_col0"]
                                          Group By Operator [GBY_272] (rows=1 width=120)
                                            Output:["_col0","_col1"],aggregations:["sum(VALUE._col0)","count(VALUE._col1)"]
                                          <-Map 2 [CUSTOM_SIMPLE_EDGE] vectorized, llap
                                            PARTITION_ONLY_SHUFFLE [RS_243]
                                              Group By Operator [GBY_228] (rows=1 width=120)
                                                Output:["_col0","_col1"],aggregations:["sum(ss_ext_list_price)","count(ss_ext_list_price)"]
                                                Select Operator [SEL_213] (rows=16616325265 width=110)
                                                  Output:["ss_ext_list_price"]
                                                   Please refer to the previous Filter Operator [FIL_203]
                                    <-Map Join Operator [MAPJOIN_298] (rows=1 width=4)
                                        Conds:(Left Outer),Output:["_col1"]
                                      <-Reducer 9 [BROADCAST_EDGE] vectorized, llap
                                        BROADCAST [RS_271]
                                          Select Operator [SEL_270] (rows=1 width=4)
                                            Output:["_col0"]
                                            Group By Operator [GBY_269] (rows=1 width=8)
                                              Output:["_col0"],aggregations:["count(VALUE._col0)"]
                                            <-Map 2 [CUSTOM_SIMPLE_EDGE] vectorized, llap
                                              PARTITION_ONLY_SHUFFLE [RS_242]
                                                Group By Operator [GBY_227] (rows=1 width=8)
                                                  Output:["_col0"],aggregations:["count()"]
                                                  Select Operator [SEL_212] (rows=16616325265 width=3)
                                                     Please refer to the previous Filter Operator [FIL_203]
                                      <-Select Operator [SEL_297] (rows=1 width=8)
                                          Filter Operator [FIL_296] (rows=1 width=8)
                                            predicate:(r_reason_sk = 1L)
                                            TableScan [TS_0] (rows=72 width=8)
                                              default@reason,reason, ACID table,Tbl:COMPLETE,Col:COMPLETE,Output:["r_reason_sk"]

