Plan optimized by CBO.

Vertex dependency in root stage
Map 1 <- Map 4 (BROADCAST_EDGE), Map 5 (BROADCAST_EDGE)
Reducer 2 <- Map 1 (SIMPLE_EDGE)
Reducer 3 <- Reducer 2 (SIMPLE_EDGE)

Stage-0
  Fetch Operator
    limit:100
    Stage-1
      Reducer 3 vectorized, llap
      File Output Operator [FS_78]
        Limit [LIM_77] (rows=100 width=220)
          Number of rows:100
          Select Operator [SEL_76] (rows=302679 width=220)
            Output:["_col0","_col1","_col2","_col3"]
          <-Reducer 2 [SIMPLE_EDGE] vectorized, llap
            SHUFFLE [RS_75]
              Top N Key Operator [TNK_74] (rows=302679 width=220)
                keys:_col0, _col3, _col1,top n:100
                Group By Operator [GBY_73] (rows=302679 width=220)
                  Output:["_col0","_col1","_col2","_col3"],aggregations:["sum(VALUE._col0)"],keys:KEY._col0, KEY._col1, KEY._col2
                <-Map 1 [SIMPLE_EDGE] vectorized, llap
                  SHUFFLE [RS_72]
                    PartitionCols:_col0, _col1, _col2
                    Group By Operator [GBY_71] (rows=931320 width=220)
                      Output:["_col0","_col1","_col2","_col3"],aggregations:["sum(_col1)"],keys:_col7, _col4, _col5
                      Top N Key Operator [TNK_70] (rows=6964728 width=108)
                        keys:_col7,top n:100
                        Map Join Operator [MAPJOIN_69] (rows=6964728 width=108)
                          Conds:MAPJOIN_68._col2=RS_63._col0(Inner),Output:["_col1","_col4","_col5","_col7"]
                        <-Map 5 [BROADCAST_EDGE] vectorized, llap
                          BROADCAST [RS_63]
                            PartitionCols:_col0
                            Select Operator [SEL_62] (rows=6087 width=12)
                              Output:["_col0","_col1"]
                              Filter Operator [FIL_61] (rows=6087 width=16)
                                predicate:(d_moy = 12)
                                TableScan [TS_6] (rows=73049 width=16)
                                  default@date_dim,dt, ACID table,Tbl:COMPLETE,Col:COMPLETE,Output:["d_date_sk","d_year","d_moy"]
                          Dynamic Partitioning Event Operator [EVENT_66] (rows=3043 width=8)
                            Group By Operator [GBY_65] (rows=3043 width=8)
                              Output:["_col0"],keys:_col0
                              Select Operator [SEL_64] (rows=6087 width=8)
                                Output:["_col0"]
                                 Please refer to the previous Select Operator [SEL_62]
                        <-Map Join Operator [MAPJOIN_68] (rows=83582449 width=112)
                            Conds:SEL_67._col0=RS_60._col0(Inner),Output:["_col1","_col2","_col4","_col5"]
                          <-Map 4 [BROADCAST_EDGE] vectorized, llap
                            BROADCAST [RS_60]
                              PartitionCols:_col0
                              Select Operator [SEL_59] (rows=468 width=112)
                                Output:["_col0","_col1","_col2"]
                                Filter Operator [FIL_58] (rows=468 width=116)
                                  predicate:(i_manufact_id = 436)
                                  TableScan [TS_3] (rows=462000 width=115)
                                    default@item,item, ACID table,Tbl:COMPLETE,Col:COMPLETE,Output:["i_item_sk","i_brand_id","i_brand","i_manufact_id"]
                          <-Select Operator [SEL_67] (rows=82510879939 width=125)
                              Output:["_col0","_col1","_col2"]
                              TableScan [TS_0] (rows=82510879939 width=125)
                                default@store_sales,store_sales, ACID table,Tbl:COMPLETE,Col:COMPLETE,Output:["ss_item_sk","ss_ext_sales_price"]

