Plan optimized by CBO.

Vertex dependency in root stage
Map 1 <- Map 4 (BROADCAST_EDGE), Map 5 (BROADCAST_EDGE)
Reducer 2 <- Map 1 (SIMPLE_EDGE)
Reducer 3 <- Reducer 2 (SIMPLE_EDGE)

Stage-0
  Fetch Operator
    limit:100
    Stage-1
      Reducer 3 vectorized, llap
      File Output Operator [FS_71]
        Limit [LIM_70] (rows=100 width=397)
          Number of rows:100
          Select Operator [SEL_69] (rows=1605474445 width=397)
            Output:["_col0","_col1","_col2","_col3","_col4"]
          <-Reducer 2 [SIMPLE_EDGE] vectorized, llap
            SHUFFLE [RS_68]
              Select Operator [SEL_67] (rows=1605474445 width=397)
                Output:["_col0","_col1","_col2","_col3","_col4"]
                Top N Key Operator [TNK_66] (rows=1605474445 width=413)
                  keys:(UDFToDouble(_col5) / _col6), _col3, _col0, _col1, _col2,top n:100
                  Group By Operator [GBY_65] (rows=1605474445 width=413)
                    Output:["_col0","_col1","_col2","_col3","_col5","_col6"],aggregations:["sum(VALUE._col0)","count(VALUE._col1)"],keys:KEY._col0, KEY._col1, KEY._col2, KEY._col3, KEY._col4
                  <-Map 1 [SIMPLE_EDGE] vectorized, llap
                    SHUFFLE [RS_64]
                      PartitionCols:_col0, _col1, _col2, _col3, _col4
                      Group By Operator [GBY_63] (rows=1605474445 width=413)
                        Output:["_col0","_col1","_col2","_col3","_col4","_col5","_col6"],aggregations:["sum(_col2)","count(_col2)"],keys:_col5, _col6, _col7, _col8, 0L
                        Map Join Operator [MAPJOIN_62] (rows=321094889 width=391)
                          Conds:MAPJOIN_61._col1=RS_59._col0(Inner),Output:["_col2","_col5","_col6","_col7","_col8"]
                        <-Map 5 [BROADCAST_EDGE] vectorized, llap
                          BROADCAST [RS_59]
                            PartitionCols:_col0
                            Select Operator [SEL_58] (rows=462000 width=397)
                              Output:["_col0","_col1","_col2","_col3","_col4"]
                              TableScan [TS_5] (rows=462000 width=397)
                                default@item,item, ACID table,Tbl:COMPLETE,Col:COMPLETE,Output:["i_item_sk","i_brand","i_class","i_category","i_product_name"]
                        <-Map Join Operator [MAPJOIN_61] (rows=321094889 width=10)
                            Conds:SEL_60._col0=RS_57._col0(Inner),Output:["_col1","_col2"]
                          <-Map 4 [BROADCAST_EDGE] vectorized, llap
                            BROADCAST [RS_57]
                              PartitionCols:_col0
                              Select Operator [SEL_56] (rows=359 width=8)
                                Output:["_col0"]
                                Filter Operator [FIL_55] (rows=359 width=12)
                                  predicate:d_month_seq BETWEEN 1212 AND 1223
                                  TableScan [TS_2] (rows=73049 width=12)
                                    default@date_dim,date_dim, ACID table,Tbl:COMPLETE,Col:COMPLETE,Output:["d_date_sk","d_month_seq"]
                          <-Select Operator [SEL_60] (rows=1627857000 width=19)
                              Output:["_col0","_col1","_col2"]
                              TableScan [TS_0] (rows=1627857000 width=19)
                                default@inventory,inventory, ACID table,Tbl:COMPLETE,Col:COMPLETE,Output:["inv_date_sk","inv_item_sk","inv_quantity_on_hand"]

