Warning: Map Join MAPJOIN[605][bigTable=?] in task 'Reducer 3' is a cross product
Warning: Map Join MAPJOIN[604][bigTable=?] in task 'Reducer 3' is a cross product
Warning: Map Join MAPJOIN[603][bigTable=?] in task 'Reducer 3' is a cross product
Warning: Map Join MAPJOIN[602][bigTable=?] in task 'Reducer 3' is a cross product
Warning: Map Join MAPJOIN[601][bigTable=?] in task 'Reducer 3' is a cross product
Warning: Map Join MAPJOIN[600][bigTable=?] in task 'Reducer 3' is a cross product
Warning: Map Join MAPJOIN[599][bigTable=?] in task 'Reducer 3' is a cross product
Plan optimized by CBO.

Vertex dependency in root stage
Map 1 <- Map 10 (BROADCAST_EDGE), Map 11 (BROADCAST_EDGE), Map 12 (BROADCAST_EDGE), Map 13 (BROADCAST_EDGE), Map 14 (BROADCAST_EDGE), Map 15 (BROADCAST_EDGE), Map 16 (BROADCAST_EDGE), Map 17 (BROADCAST_EDGE), Map 18 (BROADCAST_EDGE), Map 19 (BROADCAST_EDGE), Map 20 (BROADCAST_EDGE), Map 21 (BROADCAST_EDGE), Map 22 (BROADCAST_EDGE), Map 23 (BROADCAST_EDGE), Map 24 (BROADCAST_EDGE), Map 25 (BROADCAST_EDGE), Map 26 (BROADCAST_EDGE), Map 27 (BROADCAST_EDGE), Map 28 (BROADCAST_EDGE), Map 29 (BROADCAST_EDGE), Map 30 (BROADCAST_EDGE), Map 31 (BROADCAST_EDGE), Map 32 (BROADCAST_EDGE), Map 33 (BROADCAST_EDGE)
Reducer 2 <- Map 1 (CUSTOM_SIMPLE_EDGE)
Reducer 3 <- Map 1 (CUSTOM_SIMPLE_EDGE), Reducer 2 (BROADCAST_EDGE), Reducer 4 (BROADCAST_EDGE), Reducer 5 (BROADCAST_EDGE), Reducer 6 (BROADCAST_EDGE), Reducer 7 (BROADCAST_EDGE), Reducer 8 (BROADCAST_EDGE), Reducer 9 (BROADCAST_EDGE)
Reducer 4 <- Map 1 (CUSTOM_SIMPLE_EDGE)
Reducer 5 <- Map 1 (CUSTOM_SIMPLE_EDGE)
Reducer 6 <- Map 1 (CUSTOM_SIMPLE_EDGE)
Reducer 7 <- Map 1 (CUSTOM_SIMPLE_EDGE)
Reducer 8 <- Map 1 (CUSTOM_SIMPLE_EDGE)
Reducer 9 <- Map 1 (CUSTOM_SIMPLE_EDGE)

Stage-0
  Fetch Operator
    limit:-1
    Stage-1
      Reducer 3 vectorized, llap
      File Output Operator [FS_774]
        Select Operator [SEL_773] (rows=1 width=64)
          Output:["_col0","_col1","_col2","_col3","_col4","_col5","_col6","_col7"]
          Map Join Operator [MAPJOIN_772] (rows=1 width=64)
            Conds:(Inner),Output:["_col0","_col1","_col2","_col3","_col4","_col5","_col6","_col7"]
          <-Reducer 9 [BROADCAST_EDGE] vectorized, llap
            BROADCAST [RS_764]
              Group By Operator [GBY_763] (rows=1 width=8)
                Output:["_col0"],aggregations:["count(VALUE._col0)"]
              <-Map 1 [CUSTOM_SIMPLE_EDGE] vectorized, llap
                PARTITION_ONLY_SHUFFLE [RS_750]
                  Group By Operator [GBY_742] (rows=1 width=8)
                    Output:["_col0"],aggregations:["count()"]
                    Map Join Operator [MAPJOIN_734] (rows=64348537 width=8)
                      Conds:MAPJOIN_726._col2=RS_708._col0(Inner)
                    <-Map 33 [BROADCAST_EDGE] vectorized, llap
                      BROADCAST [RS_708]
                        PartitionCols:_col0
                        Select Operator [SEL_707] (rows=155 width=8)
                          Output:["_col0"]
                          Filter Operator [FIL_706] (rows=155 width=96)
                            predicate:(s_store_name = 'ese')
                            TableScan [TS_191] (rows=1704 width=96)
                              tpcds_bin_partitioned_orc_30000@store,store, ACID table,Tbl:COMPLETE,Col:COMPLETE,Output:["s_store_sk","s_store_name"]
                    <-Map Join Operator [MAPJOIN_726] (rows=706587981 width=0)
                        Conds:MAPJOIN_718._col1=RS_705._col0(Inner),Output:["_col2"]
                      <-Map 32 [BROADCAST_EDGE] vectorized, llap
                        BROADCAST [RS_705]
                          PartitionCols:_col0
                          Select Operator [SEL_704] (rows=1728 width=8)
                            Output:["_col0"]
                            Filter Operator [FIL_703] (rows=1728 width=16)
                              predicate:((hd_dep_count) IN (3, 0, 1) and (((hd_dep_count = 3) and (hd_vehicle_count <= 5)) or ((hd_dep_count = 0) and (hd_vehicle_count <= 2)) or ((hd_dep_count = 1) and (hd_vehicle_count <= 3))) and ((hd_vehicle_count <= 5) or (hd_vehicle_count <= 2) or (hd_vehicle_count <= 3)))
                              TableScan [TS_188] (rows=7200 width=16)
                                tpcds_bin_partitioned_orc_30000@household_demographics,household_demographics, ACID table,Tbl:COMPLETE,Col:COMPLETE,Output:["hd_demo_sk","hd_dep_count","hd_vehicle_count"]
                      <-Map Join Operator [MAPJOIN_718] (rows=2944116650 width=0)
                          Conds:SEL_710._col0=RS_702._col0(Inner),Output:["_col1","_col2"]
                        <-Map 31 [BROADCAST_EDGE] vectorized, llap
                          BROADCAST [RS_702]
                            PartitionCols:_col0
                            Select Operator [SEL_701] (rows=1831 width=8)
                              Output:["_col0"]
                              Filter Operator [FIL_700] (rows=1831 width=16)
                                predicate:((t_hour = 9) and (t_minute < 30))
                                TableScan [TS_185] (rows=86400 width=16)
                                  tpcds_bin_partitioned_orc_30000@time_dim,time_dim, ACID table,Tbl:COMPLETE,Col:COMPLETE,Output:["t_time_sk","t_hour","t_minute"]
                        <-Select Operator [SEL_710] (rows=75250303516 width=22)
                            Output:["_col0","_col1","_col2"]
                            Filter Operator [FIL_709] (rows=75250303516 width=22)
                              predicate:(ss_store_sk is not null and ss_hdemo_sk is not null and ss_sold_time_sk is not null)
                              TableScan [TS_0] (rows=86404891377 width=22)
                                tpcds_bin_partitioned_orc_30000@store_sales,store_sales, ACID table,Tbl:COMPLETE,Col:COMPLETE,Output:["ss_sold_time_sk","ss_hdemo_sk","ss_store_sk"]
                              <-Map 10 [BROADCAST_EDGE] vectorized, llap
                                BROADCAST [RS_639]
                                  PartitionCols:_col0
                                  Select Operator [SEL_638] (rows=1769 width=8)
                                    Output:["_col0"]
                                    Filter Operator [FIL_637] (rows=1769 width=16)
                                      predicate:((t_hour = 8) and (t_minute >= 30))
                                      TableScan [TS_3] (rows=86400 width=16)
                                        tpcds_bin_partitioned_orc_30000@time_dim,time_dim, ACID table,Tbl:COMPLETE,Col:COMPLETE,Output:["t_time_sk","t_hour","t_minute"]
                              <-Map 11 [BROADCAST_EDGE] vectorized, llap
                                BROADCAST [RS_642]
                                  PartitionCols:_col0
                                  Select Operator [SEL_641] (rows=1728 width=8)
                                    Output:["_col0"]
                                    Filter Operator [FIL_640] (rows=1728 width=16)
                                      predicate:((hd_dep_count) IN (3, 0, 1) and (((hd_dep_count = 3) and (hd_vehicle_count <= 5)) or ((hd_dep_count = 0) and (hd_vehicle_count <= 2)) or ((hd_dep_count = 1) and (hd_vehicle_count <= 3))) and ((hd_vehicle_count <= 5) or (hd_vehicle_count <= 2) or (hd_vehicle_count <= 3)))
                                      TableScan [TS_6] (rows=7200 width=16)
                                        tpcds_bin_partitioned_orc_30000@household_demographics,household_demographics, ACID table,Tbl:COMPLETE,Col:COMPLETE,Output:["hd_demo_sk","hd_dep_count","hd_vehicle_count"]
                              <-Map 12 [BROADCAST_EDGE] vectorized, llap
                                BROADCAST [RS_645]
                                  PartitionCols:_col0
                                  Select Operator [SEL_644] (rows=155 width=8)
                                    Output:["_col0"]
                                    Filter Operator [FIL_643] (rows=155 width=96)
                                      predicate:(s_store_name = 'ese')
                                      TableScan [TS_9] (rows=1704 width=96)
                                        tpcds_bin_partitioned_orc_30000@store,store, ACID table,Tbl:COMPLETE,Col:COMPLETE,Output:["s_store_sk","s_store_name"]
                              <-Map 13 [BROADCAST_EDGE] vectorized, llap
                                BROADCAST [RS_648]
                                  PartitionCols:_col0
                                  Select Operator [SEL_647] (rows=1831 width=8)
                                    Output:["_col0"]
                                    Filter Operator [FIL_646] (rows=1831 width=16)
                                      predicate:((t_hour = 12) and (t_minute < 30))
                                      TableScan [TS_29] (rows=86400 width=16)
                                        tpcds_bin_partitioned_orc_30000@time_dim,time_dim, ACID table,Tbl:COMPLETE,Col:COMPLETE,Output:["t_time_sk","t_hour","t_minute"]
                              <-Map 14 [BROADCAST_EDGE] vectorized, llap
                                BROADCAST [RS_651]
                                  PartitionCols:_col0
                                  Select Operator [SEL_650] (rows=1728 width=8)
                                    Output:["_col0"]
                                    Filter Operator [FIL_649] (rows=1728 width=16)
                                      predicate:((hd_dep_count) IN (3, 0, 1) and (((hd_dep_count = 3) and (hd_vehicle_count <= 5)) or ((hd_dep_count = 0) and (hd_vehicle_count <= 2)) or ((hd_dep_count = 1) and (hd_vehicle_count <= 3))) and ((hd_vehicle_count <= 5) or (hd_vehicle_count <= 2) or (hd_vehicle_count <= 3)))
                                      TableScan [TS_32] (rows=7200 width=16)
                                        tpcds_bin_partitioned_orc_30000@household_demographics,household_demographics, ACID table,Tbl:COMPLETE,Col:COMPLETE,Output:["hd_demo_sk","hd_dep_count","hd_vehicle_count"]
                              <-Map 15 [BROADCAST_EDGE] vectorized, llap
                                BROADCAST [RS_654]
                                  PartitionCols:_col0
                                  Select Operator [SEL_653] (rows=155 width=8)
                                    Output:["_col0"]
                                    Filter Operator [FIL_652] (rows=155 width=96)
                                      predicate:(s_store_name = 'ese')
                                      TableScan [TS_35] (rows=1704 width=96)
                                        tpcds_bin_partitioned_orc_30000@store,store, ACID table,Tbl:COMPLETE,Col:COMPLETE,Output:["s_store_sk","s_store_name"]
                              <-Map 16 [BROADCAST_EDGE] vectorized, llap
                                BROADCAST [RS_657]
                                  PartitionCols:_col0
                                  Select Operator [SEL_656] (rows=1769 width=8)
                                    Output:["_col0"]
                                    Filter Operator [FIL_655] (rows=1769 width=16)
                                      predicate:((t_hour = 11) and (t_minute >= 30))
                                      TableScan [TS_55] (rows=86400 width=16)
                                        tpcds_bin_partitioned_orc_30000@time_dim,time_dim, ACID table,Tbl:COMPLETE,Col:COMPLETE,Output:["t_time_sk","t_hour","t_minute"]
                              <-Map 17 [BROADCAST_EDGE] vectorized, llap
                                BROADCAST [RS_660]
                                  PartitionCols:_col0
                                  Select Operator [SEL_659] (rows=1728 width=8)
                                    Output:["_col0"]
                                    Filter Operator [FIL_658] (rows=1728 width=16)
                                      predicate:((hd_dep_count) IN (3, 0, 1) and (((hd_dep_count = 3) and (hd_vehicle_count <= 5)) or ((hd_dep_count = 0) and (hd_vehicle_count <= 2)) or ((hd_dep_count = 1) and (hd_vehicle_count <= 3))) and ((hd_vehicle_count <= 5) or (hd_vehicle_count <= 2) or (hd_vehicle_count <= 3)))
                                      TableScan [TS_58] (rows=7200 width=16)
                                        tpcds_bin_partitioned_orc_30000@household_demographics,household_demographics, ACID table,Tbl:COMPLETE,Col:COMPLETE,Output:["hd_demo_sk","hd_dep_count","hd_vehicle_count"]
                              <-Map 18 [BROADCAST_EDGE] vectorized, llap
                                BROADCAST [RS_663]
                                  PartitionCols:_col0
                                  Select Operator [SEL_662] (rows=155 width=8)
                                    Output:["_col0"]
                                    Filter Operator [FIL_661] (rows=155 width=96)
                                      predicate:(s_store_name = 'ese')
                                      TableScan [TS_61] (rows=1704 width=96)
                                        tpcds_bin_partitioned_orc_30000@store,store, ACID table,Tbl:COMPLETE,Col:COMPLETE,Output:["s_store_sk","s_store_name"]
                              <-Map 19 [BROADCAST_EDGE] vectorized, llap
                                BROADCAST [RS_666]
                                  PartitionCols:_col0
                                  Select Operator [SEL_665] (rows=1831 width=8)
                                    Output:["_col0"]
                                    Filter Operator [FIL_664] (rows=1831 width=16)
                                      predicate:((t_hour = 11) and (t_minute < 30))
                                      TableScan [TS_81] (rows=86400 width=16)
                                        tpcds_bin_partitioned_orc_30000@time_dim,time_dim, ACID table,Tbl:COMPLETE,Col:COMPLETE,Output:["t_time_sk","t_hour","t_minute"]
                              <-Map 20 [BROADCAST_EDGE] vectorized, llap
                                BROADCAST [RS_669]
                                  PartitionCols:_col0
                                  Select Operator [SEL_668] (rows=1728 width=8)
                                    Output:["_col0"]
                                    Filter Operator [FIL_667] (rows=1728 width=16)
                                      predicate:((hd_dep_count) IN (3, 0, 1) and (((hd_dep_count = 3) and (hd_vehicle_count <= 5)) or ((hd_dep_count = 0) and (hd_vehicle_count <= 2)) or ((hd_dep_count = 1) and (hd_vehicle_count <= 3))) and ((hd_vehicle_count <= 5) or (hd_vehicle_count <= 2) or (hd_vehicle_count <= 3)))
                                      TableScan [TS_84] (rows=7200 width=16)
                                        tpcds_bin_partitioned_orc_30000@household_demographics,household_demographics, ACID table,Tbl:COMPLETE,Col:COMPLETE,Output:["hd_demo_sk","hd_dep_count","hd_vehicle_count"]
                              <-Map 21 [BROADCAST_EDGE] vectorized, llap
                                BROADCAST [RS_672]
                                  PartitionCols:_col0
                                  Select Operator [SEL_671] (rows=155 width=8)
                                    Output:["_col0"]
                                    Filter Operator [FIL_670] (rows=155 width=96)
                                      predicate:(s_store_name = 'ese')
                                      TableScan [TS_87] (rows=1704 width=96)
                                        tpcds_bin_partitioned_orc_30000@store,store, ACID table,Tbl:COMPLETE,Col:COMPLETE,Output:["s_store_sk","s_store_name"]
                              <-Map 22 [BROADCAST_EDGE] vectorized, llap
                                BROADCAST [RS_675]
                                  PartitionCols:_col0
                                  Select Operator [SEL_674] (rows=1769 width=8)
                                    Output:["_col0"]
                                    Filter Operator [FIL_673] (rows=1769 width=16)
                                      predicate:((t_hour = 10) and (t_minute >= 30))
                                      TableScan [TS_107] (rows=86400 width=16)
                                        tpcds_bin_partitioned_orc_30000@time_dim,time_dim, ACID table,Tbl:COMPLETE,Col:COMPLETE,Output:["t_time_sk","t_hour","t_minute"]
                              <-Map 23 [BROADCAST_EDGE] vectorized, llap
                                BROADCAST [RS_678]
                                  PartitionCols:_col0
                                  Select Operator [SEL_677] (rows=1728 width=8)
                                    Output:["_col0"]
                                    Filter Operator [FIL_676] (rows=1728 width=16)
                                      predicate:((hd_dep_count) IN (3, 0, 1) and (((hd_dep_count = 3) and (hd_vehicle_count <= 5)) or ((hd_dep_count = 0) and (hd_vehicle_count <= 2)) or ((hd_dep_count = 1) and (hd_vehicle_count <= 3))) and ((hd_vehicle_count <= 5) or (hd_vehicle_count <= 2) or (hd_vehicle_count <= 3)))
                                      TableScan [TS_110] (rows=7200 width=16)
                                        tpcds_bin_partitioned_orc_30000@household_demographics,household_demographics, ACID table,Tbl:COMPLETE,Col:COMPLETE,Output:["hd_demo_sk","hd_dep_count","hd_vehicle_count"]
                              <-Map 24 [BROADCAST_EDGE] vectorized, llap
                                BROADCAST [RS_681]
                                  PartitionCols:_col0
                                  Select Operator [SEL_680] (rows=155 width=8)
                                    Output:["_col0"]
                                    Filter Operator [FIL_679] (rows=155 width=96)
                                      predicate:(s_store_name = 'ese')
                                      TableScan [TS_113] (rows=1704 width=96)
                                        tpcds_bin_partitioned_orc_30000@store,store, ACID table,Tbl:COMPLETE,Col:COMPLETE,Output:["s_store_sk","s_store_name"]
                              <-Map 25 [BROADCAST_EDGE] vectorized, llap
                                BROADCAST [RS_684]
                                  PartitionCols:_col0
                                  Select Operator [SEL_683] (rows=1831 width=8)
                                    Output:["_col0"]
                                    Filter Operator [FIL_682] (rows=1831 width=16)
                                      predicate:((t_hour = 10) and (t_minute < 30))
                                      TableScan [TS_133] (rows=86400 width=16)
                                        tpcds_bin_partitioned_orc_30000@time_dim,time_dim, ACID table,Tbl:COMPLETE,Col:COMPLETE,Output:["t_time_sk","t_hour","t_minute"]
                              <-Map 26 [BROADCAST_EDGE] vectorized, llap
                                BROADCAST [RS_687]
                                  PartitionCols:_col0
                                  Select Operator [SEL_686] (rows=1728 width=8)
                                    Output:["_col0"]
                                    Filter Operator [FIL_685] (rows=1728 width=16)
                                      predicate:((hd_dep_count) IN (3, 0, 1) and (((hd_dep_count = 3) and (hd_vehicle_count <= 5)) or ((hd_dep_count = 0) and (hd_vehicle_count <= 2)) or ((hd_dep_count = 1) and (hd_vehicle_count <= 3))) and ((hd_vehicle_count <= 5) or (hd_vehicle_count <= 2) or (hd_vehicle_count <= 3)))
                                      TableScan [TS_136] (rows=7200 width=16)
                                        tpcds_bin_partitioned_orc_30000@household_demographics,household_demographics, ACID table,Tbl:COMPLETE,Col:COMPLETE,Output:["hd_demo_sk","hd_dep_count","hd_vehicle_count"]
                              <-Map 27 [BROADCAST_EDGE] vectorized, llap
                                BROADCAST [RS_690]
                                  PartitionCols:_col0
                                  Select Operator [SEL_689] (rows=155 width=8)
                                    Output:["_col0"]
                                    Filter Operator [FIL_688] (rows=155 width=96)
                                      predicate:(s_store_name = 'ese')
                                      TableScan [TS_139] (rows=1704 width=96)
                                        tpcds_bin_partitioned_orc_30000@store,store, ACID table,Tbl:COMPLETE,Col:COMPLETE,Output:["s_store_sk","s_store_name"]
                              <-Map 28 [BROADCAST_EDGE] vectorized, llap
                                BROADCAST [RS_693]
                                  PartitionCols:_col0
                                  Select Operator [SEL_692] (rows=1769 width=8)
                                    Output:["_col0"]
                                    Filter Operator [FIL_691] (rows=1769 width=16)
                                      predicate:((t_hour = 9) and (t_minute >= 30))
                                      TableScan [TS_159] (rows=86400 width=16)
                                        tpcds_bin_partitioned_orc_30000@time_dim,time_dim, ACID table,Tbl:COMPLETE,Col:COMPLETE,Output:["t_time_sk","t_hour","t_minute"]
                              <-Map 29 [BROADCAST_EDGE] vectorized, llap
                                BROADCAST [RS_696]
                                  PartitionCols:_col0
                                  Select Operator [SEL_695] (rows=1728 width=8)
                                    Output:["_col0"]
                                    Filter Operator [FIL_694] (rows=1728 width=16)
                                      predicate:((hd_dep_count) IN (3, 0, 1) and (((hd_dep_count = 3) and (hd_vehicle_count <= 5)) or ((hd_dep_count = 0) and (hd_vehicle_count <= 2)) or ((hd_dep_count = 1) and (hd_vehicle_count <= 3))) and ((hd_vehicle_count <= 5) or (hd_vehicle_count <= 2) or (hd_vehicle_count <= 3)))
                                      TableScan [TS_162] (rows=7200 width=16)
                                        tpcds_bin_partitioned_orc_30000@household_demographics,household_demographics, ACID table,Tbl:COMPLETE,Col:COMPLETE,Output:["hd_demo_sk","hd_dep_count","hd_vehicle_count"]
                              <-Map 30 [BROADCAST_EDGE] vectorized, llap
                                BROADCAST [RS_699]
                                  PartitionCols:_col0
                                  Select Operator [SEL_698] (rows=155 width=8)
                                    Output:["_col0"]
                                    Filter Operator [FIL_697] (rows=155 width=96)
                                      predicate:(s_store_name = 'ese')
                                      TableScan [TS_165] (rows=1704 width=96)
                                        tpcds_bin_partitioned_orc_30000@store,store, ACID table,Tbl:COMPLETE,Col:COMPLETE,Output:["s_store_sk","s_store_name"]
          <-Map Join Operator [MAPJOIN_771] (rows=1 width=56)
              Conds:(Inner),Output:["_col0","_col1","_col2","_col3","_col4","_col5","_col6"]
            <-Reducer 8 [BROADCAST_EDGE] vectorized, llap
              BROADCAST [RS_762]
                Group By Operator [GBY_761] (rows=1 width=8)
                  Output:["_col0"],aggregations:["count(VALUE._col0)"]
                <-Map 1 [CUSTOM_SIMPLE_EDGE] vectorized, llap
                  PARTITION_ONLY_SHUFFLE [RS_749]
                    Group By Operator [GBY_741] (rows=1 width=8)
                      Output:["_col0"],aggregations:["count()"]
                      Map Join Operator [MAPJOIN_733] (rows=62169611 width=8)
                        Conds:MAPJOIN_725._col2=RS_699._col0(Inner)
                      <- Please refer to the previous Map 30 [BROADCAST_EDGE]
                      <-Map Join Operator [MAPJOIN_725] (rows=682661983 width=0)
                          Conds:MAPJOIN_717._col1=RS_696._col0(Inner),Output:["_col2"]
                        <- Please refer to the previous Map 29 [BROADCAST_EDGE]
                        <-Map Join Operator [MAPJOIN_717] (rows=2844424992 width=0)
                            Conds:SEL_710._col0=RS_693._col0(Inner),Output:["_col1","_col2"]
                          <- Please refer to the previous Map 28 [BROADCAST_EDGE]
                             Please refer to the previous Select Operator [SEL_710]
            <-Map Join Operator [MAPJOIN_770] (rows=1 width=48)
                Conds:(Inner),Output:["_col0","_col1","_col2","_col3","_col4","_col5"]
              <-Reducer 7 [BROADCAST_EDGE] vectorized, llap
                BROADCAST [RS_760]
                  Group By Operator [GBY_759] (rows=1 width=8)
                    Output:["_col0"],aggregations:["count(VALUE._col0)"]
                  <-Map 1 [CUSTOM_SIMPLE_EDGE] vectorized, llap
                    PARTITION_ONLY_SHUFFLE [RS_748]
                      Group By Operator [GBY_740] (rows=1 width=8)
                        Output:["_col0"],aggregations:["count()"]
                        Map Join Operator [MAPJOIN_732] (rows=64348537 width=8)
                          Conds:MAPJOIN_724._col2=RS_690._col0(Inner)
                        <- Please refer to the previous Map 27 [BROADCAST_EDGE]
                        <-Map Join Operator [MAPJOIN_724] (rows=706587981 width=0)
                            Conds:MAPJOIN_716._col1=RS_687._col0(Inner),Output:["_col2"]
                          <- Please refer to the previous Map 26 [BROADCAST_EDGE]
                          <-Map Join Operator [MAPJOIN_716] (rows=2944116650 width=0)
                              Conds:SEL_710._col0=RS_684._col0(Inner),Output:["_col1","_col2"]
                            <- Please refer to the previous Map 25 [BROADCAST_EDGE]
                               Please refer to the previous Select Operator [SEL_710]
              <-Map Join Operator [MAPJOIN_769] (rows=1 width=40)
                  Conds:(Inner),Output:["_col0","_col1","_col2","_col3","_col4"]
                <-Reducer 6 [BROADCAST_EDGE] vectorized, llap
                  BROADCAST [RS_758]
                    Group By Operator [GBY_757] (rows=1 width=8)
                      Output:["_col0"],aggregations:["count(VALUE._col0)"]
                    <-Map 1 [CUSTOM_SIMPLE_EDGE] vectorized, llap
                      PARTITION_ONLY_SHUFFLE [RS_747]
                        Group By Operator [GBY_739] (rows=1 width=8)
                          Output:["_col0"],aggregations:["count()"]
                          Map Join Operator [MAPJOIN_731] (rows=62169611 width=8)
                            Conds:MAPJOIN_723._col2=RS_681._col0(Inner)
                          <- Please refer to the previous Map 24 [BROADCAST_EDGE]
                          <-Map Join Operator [MAPJOIN_723] (rows=682661983 width=0)
                              Conds:MAPJOIN_715._col1=RS_678._col0(Inner),Output:["_col2"]
                            <- Please refer to the previous Map 23 [BROADCAST_EDGE]
                            <-Map Join Operator [MAPJOIN_715] (rows=2844424992 width=0)
                                Conds:SEL_710._col0=RS_675._col0(Inner),Output:["_col1","_col2"]
                              <- Please refer to the previous Map 22 [BROADCAST_EDGE]
                                 Please refer to the previous Select Operator [SEL_710]
                <-Map Join Operator [MAPJOIN_768] (rows=1 width=32)
                    Conds:(Inner),Output:["_col0","_col1","_col2","_col3"]
                  <-Reducer 5 [BROADCAST_EDGE] vectorized, llap
                    BROADCAST [RS_756]
                      Group By Operator [GBY_755] (rows=1 width=8)
                        Output:["_col0"],aggregations:["count(VALUE._col0)"]
                      <-Map 1 [CUSTOM_SIMPLE_EDGE] vectorized, llap
                        PARTITION_ONLY_SHUFFLE [RS_746]
                          Group By Operator [GBY_738] (rows=1 width=8)
                            Output:["_col0"],aggregations:["count()"]
                            Map Join Operator [MAPJOIN_730] (rows=64348537 width=8)
                              Conds:MAPJOIN_722._col2=RS_672._col0(Inner)
                            <- Please refer to the previous Map 21 [BROADCAST_EDGE]
                            <-Map Join Operator [MAPJOIN_722] (rows=706587981 width=0)
                                Conds:MAPJOIN_714._col1=RS_669._col0(Inner),Output:["_col2"]
                              <- Please refer to the previous Map 20 [BROADCAST_EDGE]
                              <-Map Join Operator [MAPJOIN_714] (rows=2944116650 width=0)
                                  Conds:SEL_710._col0=RS_666._col0(Inner),Output:["_col1","_col2"]
                                <- Please refer to the previous Map 19 [BROADCAST_EDGE]
                                   Please refer to the previous Select Operator [SEL_710]
                  <-Map Join Operator [MAPJOIN_767] (rows=1 width=24)
                      Conds:(Inner),Output:["_col0","_col1","_col2"]
                    <-Reducer 4 [BROADCAST_EDGE] vectorized, llap
                      BROADCAST [RS_754]
                        Group By Operator [GBY_753] (rows=1 width=8)
                          Output:["_col0"],aggregations:["count(VALUE._col0)"]
                        <-Map 1 [CUSTOM_SIMPLE_EDGE] vectorized, llap
                          PARTITION_ONLY_SHUFFLE [RS_745]
                            Group By Operator [GBY_737] (rows=1 width=8)
                              Output:["_col0"],aggregations:["count()"]
                              Map Join Operator [MAPJOIN_729] (rows=62169611 width=8)
                                Conds:MAPJOIN_721._col2=RS_663._col0(Inner)
                              <- Please refer to the previous Map 18 [BROADCAST_EDGE]
                              <-Map Join Operator [MAPJOIN_721] (rows=682661983 width=0)
                                  Conds:MAPJOIN_713._col1=RS_660._col0(Inner),Output:["_col2"]
                                <- Please refer to the previous Map 17 [BROADCAST_EDGE]
                                <-Map Join Operator [MAPJOIN_713] (rows=2844424992 width=0)
                                    Conds:SEL_710._col0=RS_657._col0(Inner),Output:["_col1","_col2"]
                                  <- Please refer to the previous Map 16 [BROADCAST_EDGE]
                                     Please refer to the previous Select Operator [SEL_710]
                    <-Map Join Operator [MAPJOIN_766] (rows=1 width=16)
                        Conds:(Inner),Output:["_col0","_col1"]
                      <-Reducer 2 [BROADCAST_EDGE] vectorized, llap
                        BROADCAST [RS_752]
                          Group By Operator [GBY_751] (rows=1 width=8)
                            Output:["_col0"],aggregations:["count(VALUE._col0)"]
                          <-Map 1 [CUSTOM_SIMPLE_EDGE] vectorized, llap
                            PARTITION_ONLY_SHUFFLE [RS_743]
                              Group By Operator [GBY_735] (rows=1 width=8)
                                Output:["_col0"],aggregations:["count()"]
                                Map Join Operator [MAPJOIN_727] (rows=62169611 width=8)
                                  Conds:MAPJOIN_719._col2=RS_645._col0(Inner)
                                <- Please refer to the previous Map 12 [BROADCAST_EDGE]
                                <-Map Join Operator [MAPJOIN_719] (rows=682661983 width=0)
                                    Conds:MAPJOIN_711._col1=RS_642._col0(Inner),Output:["_col2"]
                                  <- Please refer to the previous Map 11 [BROADCAST_EDGE]
                                  <-Map Join Operator [MAPJOIN_711] (rows=2844424992 width=0)
                                      Conds:SEL_710._col0=RS_639._col0(Inner),Output:["_col1","_col2"]
                                    <- Please refer to the previous Map 10 [BROADCAST_EDGE]
                                       Please refer to the previous Select Operator [SEL_710]
                      <-Group By Operator [GBY_765] (rows=1 width=8)
                          Output:["_col0"],aggregations:["count(VALUE._col0)"]
                        <-Map 1 [CUSTOM_SIMPLE_EDGE] vectorized, llap
                          PARTITION_ONLY_SHUFFLE [RS_744]
                            Group By Operator [GBY_736] (rows=1 width=8)
                              Output:["_col0"],aggregations:["count()"]
                              Map Join Operator [MAPJOIN_728] (rows=64348537 width=8)
                                Conds:MAPJOIN_720._col2=RS_654._col0(Inner)
                              <- Please refer to the previous Map 15 [BROADCAST_EDGE]
                              <-Map Join Operator [MAPJOIN_720] (rows=706587981 width=0)
                                  Conds:MAPJOIN_712._col1=RS_651._col0(Inner),Output:["_col2"]
                                <- Please refer to the previous Map 14 [BROADCAST_EDGE]
                                <-Map Join Operator [MAPJOIN_712] (rows=2944116650 width=0)
                                    Conds:SEL_710._col0=RS_648._col0(Inner),Output:["_col1","_col2"]
                                  <- Please refer to the previous Map 13 [BROADCAST_EDGE]
                                     Please refer to the previous Select Operator [SEL_710]

